Component: ARM Compiler 5.06 update 6 (build 750) Tool: armlink [4d35ed]

==============================================================================

Section Cross References

    main.o(i.main) refers to noretval__2printf.o(.text) for __2printf
    eventrecorder.o(i.EventCheckFilter) refers to eventrecorder.o(.bss.noinit) for EventStatus
    eventrecorder.o(i.EventGetTS) refers to eventrecorder.o(i.EventRecorderTimerGetCount) for EventRecorderTimerGetCount
    eventrecorder.o(i.EventGetTS) refers to eventrecorder.o(.emb_text) for __asm___15_EventRecorder_c_e8d3082c__atomic_xch32
    eventrecorder.o(i.EventGetTS) refers to eventrecorder.o(.bss.noinit) for EventStatus
    eventrecorder.o(i.EventRecord2) refers to eventrecorder.o(i.EventCheckFilter) for EventCheckFilter
    eventrecorder.o(i.EventRecord2) refers to eventrecorder.o(i.EventGetTS) for EventGetTS
    eventrecorder.o(i.EventRecord2) refers to eventrecorder.o(i.EventRecordItem) for EventRecordItem
    eventrecorder.o(i.EventRecord4) refers to eventrecorder.o(i.EventCheckFilter) for EventCheckFilter
    eventrecorder.o(i.EventRecord4) refers to eventrecorder.o(i.EventGetTS) for EventGetTS
    eventrecorder.o(i.EventRecord4) refers to eventrecorder.o(i.GetContext) for GetContext
    eventrecorder.o(i.EventRecord4) refers to eventrecorder.o(i.EventRecordItem) for EventRecordItem
    eventrecorder.o(i.EventRecordData) refers to eventrecorder.o(i.EventCheckFilter) for EventCheckFilter
    eventrecorder.o(i.EventRecordData) refers to eventrecorder.o(i.EventGetTS) for EventGetTS
    eventrecorder.o(i.EventRecordData) refers to eventrecorder.o(i.EventRecordItem) for EventRecordItem
    eventrecorder.o(i.EventRecordData) refers to rt_memcpy_v6.o(.text) for __aeabi_memcpy
    eventrecorder.o(i.EventRecordData) refers to eventrecorder.o(i.GetContext) for GetContext
    eventrecorder.o(i.EventRecordItem) refers to eventrecorder.o(.emb_text) for __asm___15_EventRecorder_c_e8d3082c__atomic_inc32
    eventrecorder.o(i.EventRecordItem) refers to eventrecorder.o(.bss.noinit) for EventStatus
    eventrecorder.o(i.EventRecorderClockUpdate) refers to eventrecorder.o(i.EventRecorderTimerGetFreq) for EventRecorderTimerGetFreq
    eventrecorder.o(i.EventRecorderClockUpdate) refers to eventrecorder.o(i.EventGetTS) for EventGetTS
    eventrecorder.o(i.EventRecorderClockUpdate) refers to eventrecorder.o(i.EventRecordItem) for EventRecordItem
    eventrecorder.o(i.EventRecorderClockUpdate) refers to eventrecorder.o(.bss.noinit) for EventStatus
    eventrecorder.o(i.EventRecorderDisable) refers to eventrecorder.o(.bss.noinit) for EventFilter
    eventrecorder.o(i.EventRecorderEnable) refers to eventrecorder.o(.bss.noinit) for EventFilter
    eventrecorder.o(i.EventRecorderInitialize) refers to rt_memclr_w.o(.text) for __aeabi_memclr4
    eventrecorder.o(i.EventRecorderInitialize) refers to eventrecorder.o(i.crc16_ccitt) for crc16_ccitt
    eventrecorder.o(i.EventRecorderInitialize) refers to eventrecorder.o(i.EventRecorderTimerSetup) for EventRecorderTimerSetup
    eventrecorder.o(i.EventRecorderInitialize) refers to eventrecorder.o(i.EventRecorderTimerGetFreq) for EventRecorderTimerGetFreq
    eventrecorder.o(i.EventRecorderInitialize) refers to eventrecorder.o(i.EventRecorderEnable) for EventRecorderEnable
    eventrecorder.o(i.EventRecorderInitialize) refers to eventrecorder.o(i.EventGetTS) for EventGetTS
    eventrecorder.o(i.EventRecorderInitialize) refers to eventrecorder.o(i.EventRecordItem) for EventRecordItem
    eventrecorder.o(i.EventRecorderInitialize) refers to eventrecorder.o(i.EventRecorderStart) for EventRecorderStart
    eventrecorder.o(i.EventRecorderInitialize) refers to eventrecorder.o(.bss.noinit) for EventStatus
    eventrecorder.o(i.EventRecorderInitialize) refers to eventrecorder.o(.constdata) for EventRecorderInfo
    eventrecorder.o(i.EventRecorderStart) refers to eventrecorder.o(i.EventGetTS) for EventGetTS
    eventrecorder.o(i.EventRecorderStart) refers to eventrecorder.o(i.EventRecordItem) for EventRecordItem
    eventrecorder.o(i.EventRecorderStart) refers to eventrecorder.o(.bss.noinit) for EventStatus
    eventrecorder.o(i.EventRecorderStop) refers to eventrecorder.o(i.EventGetTS) for EventGetTS
    eventrecorder.o(i.EventRecorderStop) refers to eventrecorder.o(i.EventRecordItem) for EventRecordItem
    eventrecorder.o(i.EventRecorderStop) refers to eventrecorder.o(.bss.noinit) for EventStatus
    eventrecorder.o(i.EventRecorderTimerGetFreq) refers to system_nrf52840.o(.data) for SystemCoreClock
    eventrecorder.o(i.GetContext) refers to eventrecorder.o(.emb_text) for __asm___15_EventRecorder_c_e8d3082c__atomic_inc8
    eventrecorder.o(i.GetContext) refers to eventrecorder.o(.bss.noinit) for EventStatus
    eventrecorder.o(.constdata) refers to eventrecorder.o(.bss.noinit) for EventBuffer
    arm_startup_nrf52840.o(STACK) refers (Special) to heapauxi.o(.text) for __use_two_region_memory
[...]
    free.o(.text) refers to heapstubs.o(.text) for __Heap_Free
    h1_free.o(.text) refers to rt_heap_descriptor_intlibspace.o(.text) for __rt_heap_descriptor
    h1_free_mt.o(.text) refers to rt_heap_descriptor_intlibspace.o(.text) for __rt_heap_descriptor
    heap2.o(i._FDIterate) refers to heap2.o(.conststring) for .conststring
    heap2.o(i.___Heap_ProvideMemory$realtime) refers to fdtree.o(i._FDTree_Delete) for _FDTree_Delete
    heap2.o(i.___Heap_ProvideMemory$realtime) refers to fdtree.o(i._FDTree_Insert) for _FDTree_Insert
    heap2.o(i.___Heap_Stats$realtime) refers to heap2.o(i._Heap2_StatsIterate) for _Heap2_StatsIterate
    heap2.o(i.___Heap_Valid$realtime) refers to heap2.o(i._FDIterate) for _FDIterate
    heap2.o(i.___Heap_Valid$realtime) refers to heap2.o(.conststring) for .conststring
    heap2.o(i._free$realtime) refers to rt_heap_descriptor_intlibspace.o(.text) for __rt_heap_descriptor
    heap2.o(i._free$realtime) refers to fdtree.o(i._FDTree_Delete) for _FDTree_Delete
    heap2.o(i._free$realtime) refers to fdtree.o(i._FDTree_Insert) for _FDTree_Insert
    heap2.o(i._malloc$realtime) refers to rt_heap_descriptor_intlibspace.o(.text) for __rt_heap_descriptor
    heap2.o(i._malloc$realtime) refers to fdtree.o(i._FDTree_FindFirst) for _FDTree_FindFirst
    heap2.o(i._malloc$realtime) refers to init_alloc.o(.text) for __Heap_Full
    heap2.o(i._malloc$realtime) refers to fdtree.o(i._FDTree_RemoveNode) for _FDTree_RemoveNode
    heap2.o(i._malloc$realtime) refers to fdtree.o(i._FDTree_Insert) for _FDTree_Insert
    heap2.o(i._posix_memalign$realtime) refers to rt_heap_descriptor_intlibspace.o(.text) for __rt_heap_descriptor
    heap2.o(i._posix_memalign$realtime) refers to fdtree.o(i._FDTree_FindFirst) for _FDTree_FindFirst
    heap2.o(i._posix_memalign$realtime) refers to init_alloc.o(.text) for __Heap_Full
    heap2.o(i._posix_memalign$realtime) refers to fdtree.o(i._FDTree_RemoveNode) for _FDTree_RemoveNode
    heap2.o(i._posix_memalign$realtime) refers to fdtree.o(i._FDTree_Insert) for _FDTree_Insert
    heap2.o(i._realloc$realtime) refers to rt_heap_descriptor_intlibspace.o(.text) for __rt_heap_descriptor
    heap2.o(i._realloc$realtime) refers to fdtree.o(i._FDTree_Insert) for _FDTree_Insert
    heap2.o(i._realloc$realtime) refers to h1_free.o(.text) for free
    heap2.o(i._realloc$realtime) refers to h1_alloc.o(.text) for malloc
    heap2.o(i._realloc$realtime) refers to fdtree.o(i._FDTree_Delete) for _FDTree_Delete
    heap2.o(i._realloc$realtime) refers to rt_memcpy_w.o(.text) for __aeabi_memcpy4
    heap2mt.o(i._FDIterate) refers to heap2mt.o(.conststring) for .conststring
    heap2mt.o(i.___Heap_Initialize$realtime$concurrent) refers to mutex_dummy.o(.text) for _mutex_initialize
    heap2mt.o(i.___Heap_ProvideMemory$realtime$concurrent) refers to fdtree.o(i._FDTree_Delete) for _FDTree_Delete
    heap2mt.o(i.___Heap_ProvideMemory$realtime$concurrent) refers to fdtree.o(i._FDTree_Insert) for _FDTree_Insert
    heap2mt.o(i.___Heap_Stats$realtime$concurrent) refers to heap2mt.o(i._Heap2_StatsIterate) for _Heap2_StatsIterate
    heap2mt.o(i.___Heap_Valid$realtime$concurrent) refers to heap2mt.o(i._FDIterate) for _FDIterate
    heap2mt.o(i.___Heap_Valid$realtime$concurrent) refers to heap2mt.o(.conststring) for .conststring
    heap2mt.o(i._free$realtime$concurrent) refers to rt_heap_descriptor_intlibspace.o(.text) for __rt_heap_descriptor
    heap2mt.o(i._free$realtime$concurrent) refers to fdtree.o(i._FDTree_Delete) for _FDTree_Delete
    heap2mt.o(i._free$realtime$concurrent) refers to fdtree.o(i._FDTree_Insert) for _FDTree_Insert
    heap2mt.o(i._malloc$realtime$concurrent) refers to rt_heap_descriptor_intlibspace.o(.text) for __rt_heap_descriptor
    heap2mt.o(i._malloc$realtime$concurrent) refers to fdtree.o(i._FDTree_FindFirst) for _FDTree_FindFirst
    heap2mt.o(i._malloc$realtime$concurrent) refers to init_alloc.o(.text) for __Heap_Full
    heap2mt.o(i._malloc$realtime$concurrent) refers to fdtree.o(i._FDTree_RemoveNode) for _FDTree_RemoveNode
    heap2mt.o(i._malloc$realtime$concurrent) refers to fdtree.o(i._FDTree_Insert) for _FDTree_Insert
    heap2mt.o(i._posix_memalign$realtime$concurrent) refers to rt_heap_descriptor_intlibspace.o(.text) for __rt_heap_descriptor
    heap2mt.o(i._posix_memalign$realtime$concurrent) refers to fdtree.o(i._FDTree_FindFirst) for _FDTree_FindFirst
    heap2mt.o(i._posix_memalign$realtime$concurrent) refers to init_alloc.o(.text) for __Heap_Full
    heap2mt.o(i._posix_memalign$realtime$concurrent) refers to fdtree.o(i._FDTree_RemoveNode) for _FDTree_RemoveNode
    heap2mt.o(i._posix_memalign$realtime$concurrent) refers to fdtree.o(i._FDTree_Insert) for _FDTree_Insert
    heap2mt.o(i._realloc$realtime$concurrent) refers to rt_heap_descriptor_intlibspace.o(.text) for __rt_heap_descriptor
    heap2mt.o(i._realloc$realtime$concurrent) refers to fdtree.o(i._FDTree_Insert) for _FDTree_Insert
    heap2mt.o(i._realloc$realtime$concurrent) refers to h1_free.o(.text) for free
    heap2mt.o(i._realloc$realtime$concurrent) refers to h1_alloc.o(.text) for malloc
    heap2mt.o(i._realloc$realtime$concurrent) refers to fdtree.o(i._FDTree_Delete) for _FDTree_Delete
    heap2mt.o(i._realloc$realtime$concurrent) refers to rt_memcpy_w.o(.text) for __aeabi_memcpy4
    flsbuf.o(.text) refers to stdio.o(.text) for _deferredlazyseek
    flsbuf.o(.text) refers to sys_io.o(.text) for _sys_flen
    flsbuf.o(.text) refers to h1_alloc.o(.text) for malloc
    streamlock.o(.data) refers (Special) to initio.o(.text) for _initio
    fopen.o(.text) refers to fclose.o(.text) for _fclose_internal
    fopen.o(.text) refers to sys_io.o(.text) for _sys_open
    fopen.o(.text) refers to fseek.o(.text) for _fseek
    fopen.o(.text) refers to h1_alloc.o(.text) for malloc
    fopen.o(.text) refers to rt_memclr_w.o(.text) for __aeabi_memclr4
    fopen.o(.text) refers to stdio_streams.o(.bss) for __stdin
    fclose.o(.text) refers to stdio.o(.text) for _fflush
    fclose.o(.text) refers to sys_io.o(.text) for _sys_close
    fclose.o(.text) refers to h1_free.o(.text) for free
    fclose.o(.text) refers to rt_memclr_w.o(.text) for __aeabi_memclr4
    fopen_locked.o(.text) refers to fclose.o(.text) for _fclose_internal
    fopen_locked.o(.text) refers to sys_io.o(.text) for _sys_open
    fopen_locked.o(.text) refers to fseek.o(.text) for _fseek
    fopen_locked.o(.text) refers to h1_alloc.o(.text) for malloc
    fopen_locked.o(.text) refers to rt_memclr_w.o(.text) for __aeabi_memclr4
    fopen_locked.o(.text) refers to streamlock.o(.data) for _stream_list_lock
    fopen_locked.o(.text) refers to stdio_streams.o(.bss) for __stdin
    exit.o(.text) refers to rtexit.o(.ARM.Collect$$rtexit$$00000000) for __rt_exit
    defsig_rtred_outer.o(.text) refers to defsig_rtred_inner.o(.text) for __rt_SIGRTRED_inner
    defsig_rtred_outer.o(.text) refers to defsig_exit.o(.text) for __sig_exit
    defsig_rtred_formal.o(.text) refers to rt_raise.o(.text) for __rt_raise
    libinit.o(.ARM.Collect$$libinit$$00000000) refers (Special) to libinit2.o(.ARM.Collect$$libinit$$0000002E) for __rt_lib_init_alloca_1
    libinit.o(.ARM.Collect$$libinit$$00000000) refers (Special) to libinit2.o(.ARM.Collect$$libinit$$0000002C) for __rt_lib_init_argv_1
    libinit.o(.ARM.Collect$$libinit$$00000000) refers (Special) to libinit2.o(.ARM.Collect$$libinit$$0000001B) for __rt_lib_init_atexit_1
    libinit.o(.ARM.Collect$$libinit$$00000000) refers (Special) to libinit2.o(.ARM.Collect$$libinit$$00000021) for __rt_lib_init_clock_1
    libinit.o(.ARM.Collect$$libinit$$00000000) refers (Special) to libinit2.o(.ARM.Collect$$libinit$$00000032) for __rt_lib_init_cpp_1
    libinit.o(.ARM.Collect$$libinit$$00000000) refers (Special) to libinit2.o(.ARM.Collect$$libinit$$00000030) for __rt_lib_init_exceptions_1
    libinit.o(.ARM.Collect$$libinit$$00000000) refers (Special) to libinit2.o(.ARM.Collect$$libinit$$00000001) for __rt_lib_init_fp_1
    libinit.o(.ARM.Collect$$libinit$$00000000) refers (Special) to libinit2.o(.ARM.Collect$$libinit$$0000001F) for __rt_lib_init_fp_trap_1
    libinit.o(.ARM.Collect$$libinit$$00000000) refers (Special) to libinit2.o(.ARM.Collect$$libinit$$00000023) for __rt_lib_init_getenv_1
    libinit.o(.ARM.Collect$$libinit$$00000000) refers (Special) to libinit2.o(.ARM.Collect$$libinit$$0000000A) for __rt_lib_init_heap_1
    libinit.o(.ARM.Collect$$libinit$$00000000) refers (Special) to libinit2.o(.ARM.Collect$$libinit$$00000011) for __rt_lib_init_lc_collate_1
    libinit.o(.ARM.Collect$$libinit$$00000000) refers (Special) to libinit2.o(.ARM.Collect$$libinit$$00000013) for __rt_lib_init_lc_ctype_1
    libinit.o(.ARM.Collect$$libinit$$00000000) refers (Special) to libinit2.o(.ARM.Collect$$libinit$$00000015) for __rt_lib_init_lc_monetary_1
    libinit.o(.ARM.Collect$$libinit$$00000000) refers (Special) to libinit2.o(.ARM.Collect$$libinit$$00000017) for __rt_lib_init_lc_numeric_1
    libinit.o(.ARM.Collect$$libinit$$00000000) refers (Special) to libinit2.o(.ARM.Collect$$libinit$$00000019) for __rt_lib_init_lc_time_1
    libinit.o(.ARM.Collect$$libinit$$00000000) refers (Special) to libinit2.o(.ARM.Collect$$libinit$$00000004) for __rt_lib_init_preinit_1
    libinit.o(.ARM.Collect$$libinit$$00000000) refers (Special) to libinit2.o(.ARM.Collect$$libinit$$0000000E) for __rt_lib_init_rand_1
    libinit.o(.ARM.Collect$$libinit$$00000000) refers (Special) to libinit2.o(.ARM.Collect$$libinit$$00000033) for __rt_lib_init_return
    libinit.o(.ARM.Collect$$libinit$$00000000) refers (Special) to libinit2.o(.ARM.Collect$$libinit$$0000001D) for __rt_lib_init_signal_1
    libinit.o(.ARM.Collect$$libinit$$00000000) refers (Special) to libinit2.o(.ARM.Collect$$libinit$$00000025) for __rt_lib_init_stdio_1
    libinit.o(.ARM.Collect$$libinit$$00000000) refers (Special) to libinit2.o(.ARM.Collect$$libinit$$0000000C) for __rt_lib_init_user_alloc_1
    libinit2.o(.ARM.Collect$$libinit$$00000001) refers to fpinit.o(x$fpl$fpinit) for _fp_init
    libinit2.o(.ARM.Collect$$libinit$$00000005) refers (Weak) to init_alloc.o(.text) for _init_alloc
    libinit2.o(.ARM.Collect$$libinit$$00000010) refers to libinit2.o(.ARM.Collect$$libinit$$0000000F) for .ARM.Collect$$libinit$$0000000F
    libinit2.o(.ARM.Collect$$libinit$$00000012) refers to libinit2.o(.ARM.Collect$$libinit$$0000000F) for .ARM.Collect$$libinit$$0000000F
    libinit2.o(.ARM.Collect$$libinit$$00000014) refers to libinit2.o(.ARM.Collect$$libinit$$0000000F) for .ARM.Collect$$libinit$$0000000F
    libinit2.o(.ARM.Collect$$libinit$$00000016) refers to libinit2.o(.ARM.Collect$$libinit$$0000000F) for .ARM.Collect$$libinit$$0000000F
    libinit2.o(.ARM.Collect$$libinit$$00000018) refers to libinit2.o(.ARM.Collect$$libinit$$0000000F) for .ARM.Collect$$libinit$$0000000F
    libinit2.o(.ARM.Collect$$libinit$$00000024) refers (Weak) to initio.o(.text) for _initio
    libinit2.o(.ARM.Collect$$libinit$$00000026) refers to argv_veneer.o(.emb_text) for __ARM_argv_veneer
    libinit2.o(.ARM.Collect$$libinit$$00000027) refers to argv_veneer.o(.emb_text) for __ARM_argv_veneer
    libshutdown2.o(.ARM.Collect$$libshutdown$$00000003) refers (Weak) to initio.o(.text) for _terminateio
    libshutdown2.o(.ARM.Collect$$libshutdown$$0000000D) refers (Weak) to term_alloc.o(.text) for _terminate_alloc
    flsbuf_fwide.o(.text) refers to flsbuf.o(.text) for __flsbuf
    libspace.o(.text) refers to libspace.o(.bss) for __libspace_start
    rtexit.o(.ARM.Collect$$rtexit$$00000000) refers (Special) to rtexit2.o(.ARM.Collect$$rtexit$$00000004) for __rt_exit_exit
    rtexit.o(.ARM.Collect$$rtexit$$00000000) refers (Special) to rtexit2.o(.ARM.Collect$$rtexit$$00000003) for __rt_exit_ls
    rtexit.o(.ARM.Collect$$rtexit$$00000000) refers (Special) to rtexit2.o(.ARM.Collect$$rtexit$$00000002) for __rt_exit_prels_1
    rtexit.o(.ARM.exidx) refers (Special) to rtexit2.o(.ARM.Collect$$rtexit$$00000004) for __rt_exit_exit
    rtexit.o(.ARM.exidx) refers (Special) to rtexit2.o(.ARM.Collect$$rtexit$$00000003) for __rt_exit_ls
    rtexit.o(.ARM.exidx) refers (Special) to rtexit2.o(.ARM.Collect$$rtexit$$00000002) for __rt_exit_prels_1
    rtexit.o(.ARM.exidx) refers to rtexit.o(.ARM.Collect$$rtexit$$00000000) for .ARM.Collect$$rtexit$$00000000
    rt_raise.o(.text) refers to __raise.o(.text) for __raise
    rt_raise.o(.text) refers to sys_exit.o(.text) for _sys_exit
    rt_heap_descriptor.o(.text) refers to rt_heap_descriptor.o(.bss) for __rt_heap_descriptor_data
    rt_heap_descriptor_intlibspace.o(.text) refers to libspace.o(.bss) for __libspace_start
    init_alloc.o(.text) refers (Special) to hguard.o(.text) for __heap$guard
    init_alloc.o(.text) refers (Special) to libinit2.o(.ARM.Collect$$libinit$$00000005) for __rt_lib_init_heap_2
    init_alloc.o(.text) refers (Special) to maybetermalloc1.o(.emb_text) for _maybe_terminate_alloc
    init_alloc.o(.text) refers to h1_extend.o(.text) for __Heap_ProvideMemory
    init_alloc.o(.text) refers to defsig_rtmem_outer.o(.text) for __rt_SIGRTMEM
    init_alloc.o(.text) refers to rt_heap_descriptor_intlibspace.o(.text) for __rt_heap_descriptor
    init_alloc.o(.text) refers to h1_init.o(.text) for __Heap_Initialize
    malloc.o(.text) refers (Special) to hguard.o(.text) for __heap$guard
    malloc.o(.text) refers (Special) to init_alloc.o(.text) for _init_alloc
    malloc.o(.text) refers to rt_heap_descriptor_intlibspace.o(.text) for __rt_heap_descriptor
    malloc.o(.text) refers to heapstubs.o(.text) for __Heap_Alloc
    h1_alloc.o(.text) refers (Special) to h1_init.o(.text) for __Heap_Initialize
    h1_alloc.o(.text) refers to rt_heap_descriptor_intlibspace.o(.text) for __rt_heap_descriptor
    h1_alloc.o(.text) refers to init_alloc.o(.text) for __Heap_Full
    h1_alloc_mt.o(.text) refers (Special) to h1_init.o(.text) for __Heap_Initialize
    h1_alloc_mt.o(.text) refers to init_alloc.o(.text) for __Heap_Full
    h1_alloc_mt.o(.text) refers to rt_heap_descriptor_intlibspace.o(.text) for __rt_heap_descriptor
    _printf_char_file_locked.o(.text) refers to _printf_char_common.o(.text) for _printf_char_common
    _printf_char_file_locked.o(.text) refers to fputc.o(i._fputc$unlocked) for _fputc$unlocked
    fseek.o(.text) refers to sys_io.o(.text) for _sys_istty
    fseek.o(.text) refers to ftell.o(.text) for _ftell_internal
    fseek.o(.text) refers to stdio.o(.text) for _seterr
    stdio.o(.text) refers to sys_io.o(.text) for _sys_seek
    fwritefast.o(.text) refers to stdio.o(.text) for _writebuf
    fwritefast.o(.text) refers to flsbuf.o(.text) for __flsbuf_byte
    fwritefast.o(.text) refers to rt_memcpy_v6.o(.text) for __aeabi_memcpy
    fwritefast_locked.o(.text) refers to stdio.o(.text) for _writebuf
    fwritefast_locked.o(.text) refers to flsbuf.o(.text) for __flsbuf_byte
    fwritefast_locked.o(.text) refers to rt_memcpy_v6.o(.text) for __aeabi_memcpy
    defsig_exit.o(.text) refers to sys_exit.o(.text) for _sys_exit
    defsig_rtred_inner.o(.text) refers to defsig_general.o(.text) for __default_signal_display
    assert_stdio.o(.text) refers to fputs.o(.text) for fputs
    assert_stdio.o(.text) refers to fflush.o(.text) for fflush
    assert_stdio.o(.text) refers to stdio_streams.o(.bss) for __stderr
    argv_veneer.o(.emb_text) refers to no_argv.o(.text) for __ARM_get_argv
    sys_exit.o(.text) refers (Special) to use_no_semi.o(.text) for __I$use$semihosting
    sys_exit.o(.text) refers (Special) to indicate_semi.o(.text) for __semihosting_library_function
    rtexit2.o(.ARM.Collect$$rtexit$$00000003) refers to libshutdown.o(.ARM.Collect$$libshutdown$$00000000) for __rt_lib_shutdown
    rtexit2.o(.ARM.Collect$$rtexit$$00000004) refers to sys_exit.o(.text) for _sys_exit
    rtexit2.o(.ARM.exidx) refers to rtexit2.o(.ARM.Collect$$rtexit$$00000001) for .ARM.Collect$$rtexit$$00000001
    rtexit2.o(.ARM.exidx) refers to rtexit2.o(.ARM.Collect$$rtexit$$00000003) for .ARM.Collect$$rtexit$$00000003
    rtexit2.o(.ARM.exidx) refers to rtexit2.o(.ARM.Collect$$rtexit$$00000004) for .ARM.Collect$$rtexit$$00000004
    maybetermalloc2.o(.emb_text) refers (Special) to term_alloc.o(.text) for _terminate_alloc
    h1_extend.o(.text) refers to h1_free.o(.text) for free
    h1_init_mt.o(.text) refers to mutex_dummy.o(.text) for _mutex_initialize
    h1_extend_mt.o(.text) refers to h1_free_mt.o(.text) for _free_internal
    fflush.o(.text) refers to stdio.o(.text) for _fflush
    fflush.o(.text) refers to fseek.o(.text) for _fseek
    fflush.o(.text) refers to stdio_streams.o(.bss) for __stdin
    fputs.o(.text) refers to fputc.o(i.fputc) for fputc
    ftell.o(.text) refers to rt_errno_addr_intlibspace.o(.text) for __aeabi_errno_addr
    fflush_locked.o(.text) refers to stdio.o(.text) for _fflush
    fflush_locked.o(.text) refers to fseek.o(.text) for _fseek
    fflush_locked.o(.text) refers to fflush.o(.text) for _do_fflush
    fflush_locked.o(.text) refers to streamlock.o(.data) for _stream_list_lock
    fflush_locked.o(.text) refers to stdio_streams.o(.bss) for __stdin
    __raise.o(.text) refers to defsig.o(CL$$defsig) for __default_signal_handler
    defsig_general.o(.text) refers to sys_wrch.o(.text) for _ttywrch
    defsig_rtmem_outer.o(.text) refers to defsig_rtmem_inner.o(.text) for __rt_SIGRTMEM_inner
    defsig_rtmem_outer.o(.text) refers to defsig_exit.o(.text) for __sig_exit
    defsig_rtmem_formal.o(.text) refers to rt_raise.o(.text) for __rt_raise
    heapauxa.o(.text) refers to heapauxa.o(.data) for .data
    _get_argv.o(.text) refers (Special) to hrguard.o(.text) for __heap_region$guard
    _get_argv.o(.text) refers to h1_alloc.o(.text) for malloc
    _get_argv.o(.text) refers to defsig_rtmem_outer.o(.text) for __rt_SIGRTMEM
    _get_argv.o(.text) refers to sys_command.o(.text) for _sys_command_string
    _get_argv_nomalloc.o(.text) refers (Special) to hrguard.o(.text) for __heap_region$guard
    _get_argv_nomalloc.o(.text) refers to defsig_rtmem_outer.o(.text) for __rt_SIGRTMEM
    _get_argv_nomalloc.o(.text) refers to sys_command.o(.text) for _sys_command_string
    sys_wrch.o(.text) refers (Special) to use_no_semi.o(.text) for __I$use$semihosting
    sys_wrch.o(.text) refers (Special) to indicate_semi.o(.text) for __semihosting_library_function
    sys_command.o(.text) refers (Special) to use_no_semi.o(.text) for __I$use$semihosting
    sys_command.o(.text) refers (Special) to indicate_semi.o(.text) for __semihosting_library_function
    rt_errno_addr.o(.text) refers to rt_errno_addr.o(.bss) for __aeabi_errno_addr_data
    rt_errno_addr_intlibspace.o(.text) refers to libspace.o(.bss) for __libspace_start
    term_alloc.o(.text) refers (Special) to libshutdown2.o(.ARM.Collect$$libshutdown$$0000000E) for __rt_lib_shutdown_heap_2
    term_alloc.o(.text) refers to rt_heap_descriptor_intlibspace.o(.text) for __rt_heap_descriptor
    term_alloc.o(.text) refers to h1_final.o(.text) for __Heap_Finalize
    defsig_rtmem_inner.o(.text) refers to defsig_general.o(.text) for __default_signal_display
    defsig.o(CL$$defsig) refers to defsig_rtred_inner.o(.text) for __rt_SIGRTRED_inner
    defsig.o(CL$$defsig) refers to defsig_rtmem_inner.o(.text) for __rt_SIGRTMEM_inner
    libshutdown.o(.ARM.Collect$$libshutdown$$00000000) refers (Special) to libshutdown2.o(.ARM.Collect$$libshutdown$$00000002) for __rt_lib_shutdown_cpp_1
    libshutdown.o(.ARM.Collect$$libshutdown$$00000000) refers (Special) to libshutdown2.o(.ARM.Collect$$libshutdown$$00000007) for __rt_lib_shutdown_fp_trap_1
    libshutdown.o(.ARM.Collect$$libshutdown$$00000000) refers (Special) to libshutdown2.o(.ARM.Collect$$libshutdown$$0000000F) for __rt_lib_shutdown_heap_1
    libshutdown.o(.ARM.Collect$$libshutdown$$00000000) refers (Special) to libshutdown2.o(.ARM.Collect$$libshutdown$$00000010) for __rt_lib_shutdown_return
    libshutdown.o(.ARM.Collect$$libshutdown$$00000000) refers (Special) to libshutdown2.o(.ARM.Collect$$libshutdown$$0000000A) for __rt_lib_shutdown_signal_1
    libshutdown.o(.ARM.Collect$$libshutdown$$00000000) refers (Special) to libshutdown2.o(.ARM.Collect$$libshutdown$$00000004) for __rt_lib_shutdown_stdio_1
    libshutdown.o(.ARM.Collect$$libshutdown$$00000000) refers (Special) to libshutdown2.o(.ARM.Collect$$libshutdown$$0000000C) for __rt_lib_shutdown_user_alloc_1
    defsig_abrt_inner.o(.text) refers to defsig_general.o(.text) for __default_signal_display
    defsig_fpe_inner.o(.text) refers to defsig_general.o(.text) for __default_signal_display
    defsig_stak_inner.o(.text) refers to defsig_general.o(.text) for __default_signal_display
    defsig_pvfn_inner.o(.text) refers to defsig_general.o(.text) for __default_signal_display
    defsig_cppl_inner.o(.text) refers to defsig_general.o(.text) for __default_signal_display
    defsig_segv_inner.o(.text) refers to defsig_general.o(.text) for __default_signal_display
    defsig_other.o(.text) refers to defsig_general.o(.text) for __default_signal_display


==============================================================================

Removing Unused input sections from the image.

    Removing eventrecorder.o(.rev16_text), (4 bytes).
    Removing eventrecorder.o(.revsh_text), (4 bytes).
    Removing eventrecorder.o(.rrx_text), (6 bytes).
    Removing eventrecorder.o(.emb_text), (116 bytes).
    Removing eventrecorder.o(i.EventCheckFilter), (40 bytes).
    Removing eventrecorder.o(i.EventGetTS), (60 bytes).
    Removing eventrecorder.o(i.EventRecord2), (70 bytes).
    Removing eventrecorder.o(i.EventRecord4), (118 bytes).
    Removing eventrecorder.o(i.EventRecordData), (278 bytes).
    Removing eventrecorder.o(i.EventRecordItem), (216 bytes).
    Removing eventrecorder.o(i.EventRecorderClockUpdate), (44 bytes).
    Removing eventrecorder.o(i.EventRecorderDisable), (92 bytes).
    Removing eventrecorder.o(i.EventRecorderEnable), (92 bytes).
    Removing eventrecorder.o(i.EventRecorderInitialize), (296 bytes).
    Removing eventrecorder.o(i.EventRecorderStart), (48 bytes).
    Removing eventrecorder.o(i.EventRecorderStop), (48 bytes).
    Removing eventrecorder.o(i.EventRecorderTimerGetCount), (12 bytes).
    Removing eventrecorder.o(i.EventRecorderTimerGetFreq), (12 bytes).
    Removing eventrecorder.o(i.EventRecorderTimerSetup), (36 bytes).
    Removing eventrecorder.o(i.GetContext), (16 bytes).
    Removing eventrecorder.o(i.crc16_ccitt), (66 bytes).
    Removing system_nrf52840.o(.rev16_text), (4 bytes).
    Removing system_nrf52840.o(.revsh_text), (4 bytes).
    Removing system_nrf52840.o(.rrx_text), (6 bytes).

24 unused section(s) (total 1688 bytes) removed from the image.

==============================================================================

Image Symbol Table

    Local Symbols

    Symbol Name                              Value     Ov Type        Size  Object(Section)

    RESET                                    0x00000000   Section      512  arm_startup_nrf52840.o(RESET)
    ../clib/angel/boardlib.s                 0x00000000   Number         0  boardinit1.o ABSOLUTE
    ../clib/angel/boardlib.s                 0x00000000   Number         0  boardinit3.o ABSOLUTE
    ../clib/angel/boardlib.s                 0x00000000   Number         0  boardshut.o ABSOLUTE
    ../clib/angel/boardlib.s                 0x00000000   Number         0  boardinit2.o ABSOLUTE
    ../clib/angel/handlers.s                 0x00000000   Number         0  __scatter_copy.o ABSOLUTE
    ../clib/angel/handlers.s                 0x00000000   Number         0  __scatter_zi.o ABSOLUTE
    ../clib/angel/kernel.s                   0x00000000   Number         0  rtexit2.o ABSOLUTE
    ../clib/angel/kernel.s                   0x00000000   Number         0  __rtentry.o ABSOLUTE
    ../clib/angel/kernel.s                   0x00000000   Number         0  __rtentry4.o ABSOLUTE
    ../clib/angel/kernel.s                   0x00000000   Number         0  rtexit.o ABSOLUTE
    ../clib/angel/kernel.s                   0x00000000   Number         0  __rtentry2.o ABSOLUTE
    ../clib/angel/rt.s                       0x00000000   Number         0  rt_raise.o ABSOLUTE
    ../clib/angel/rt.s                       0x00000000   Number         0  rt_errno_addr.o ABSOLUTE
    ../clib/angel/rt.s                       0x00000000   Number         0  rt_errno_addr_intlibspace.o ABSOLUTE
    ../clib/angel/rt.s                       0x00000000   Number         0  rt_heap_descriptor.o ABSOLUTE
    ../clib/angel/rt.s                       0x00000000   Number         0  rt_heap_descriptor_intlibspace.o ABSOLUTE
    ../clib/angel/scatter.s                  0x00000000   Number         0  __scatter.o ABSOLUTE
    ../clib/angel/startup.s                  0x00000000   Number         0  __main.o ABSOLUTE
    ../clib/angel/sys.s                      0x00000000   Number         0  use_no_semi.o ABSOLUTE
    ../clib/angel/sys.s                      0x00000000   Number         0  mutex_dummy.o ABSOLUTE
    ../clib/angel/sys.s                      0x00000000   Number         0  libspace.o ABSOLUTE
    ../clib/angel/sys.s                      0x00000000   Number         0  sys_stackheap_outer.o ABSOLUTE
    ../clib/angel/sys.s                      0x00000000   Number         0  indicate_semi.o ABSOLUTE
    ../clib/angel/sysapp.c                   0x00000000   Number         0  sys_exit.o ABSOLUTE
    ../clib/angel/sysapp.c                   0x00000000   Number         0  sys_wrch.o ABSOLUTE
    ../clib/angel/sysapp.c                   0x00000000   Number         0  sys_io.o ABSOLUTE
    ../clib/angel/sysapp.c                   0x00000000   Number         0  sys_command.o ABSOLUTE
    ../clib/armsys.c                         0x00000000   Number         0  no_argv.o ABSOLUTE
    ../clib/armsys.c                         0x00000000   Number         0  _get_argv_nomalloc.o ABSOLUTE
    ../clib/armsys.c                         0x00000000   Number         0  _get_argv.o ABSOLUTE
    ../clib/armsys.c                         0x00000000   Number         0  argv_veneer.o ABSOLUTE
    ../clib/armsys.c                         0x00000000   Number         0  argv_veneer.o ABSOLUTE
    ../clib/assert.c                         0x00000000   Number         0  assert_stdio.o ABSOLUTE
    ../clib/heap1.c                          0x00000000   Number         0  h1_extend.o ABSOLUTE
    ../clib/heap1.c                          0x00000000   Number         0  h1_free_mt.o ABSOLUTE
    ../clib/heap1.c                          0x00000000   Number         0  h1_init.o ABSOLUTE
    ../clib/heap1.c                          0x00000000   Number         0  h1_free.o ABSOLUTE
    ../clib/heap1.c                          0x00000000   Number         0  h1_final_mt.o ABSOLUTE
    ../clib/heap1.c                          0x00000000   Number         0  h1_final.o ABSOLUTE
    ../clib/heap1.c                          0x00000000   Number         0  h1_alloc_mt.o ABSOLUTE
    ../clib/heap1.c                          0x00000000   Number         0  h1_alloc.o ABSOLUTE
    ../clib/heap1.c                          0x00000000   Number         0  h1_extend_mt.o ABSOLUTE
    ../clib/heap1.c                          0x00000000   Number         0  h1_init_mt.o ABSOLUTE
    ../clib/heap2.c                          0x00000000   Number         0  fdtree.o ABSOLUTE
    ../clib/heap2.c                          0x00000000   Number         0  heap2.o ABSOLUTE
    ../clib/heap2.c                          0x00000000   Number         0  heap2mt.o ABSOLUTE
    ../clib/heapalloc.c                      0x00000000   Number         0  init_alloc.o ABSOLUTE
    ../clib/heapalloc.c                      0x00000000   Number         0  hguard.o ABSOLUTE
    ../clib/heapalloc.c                      0x00000000   Number         0  maybetermalloc1.o ABSOLUTE
    ../clib/heapalloc.c                      0x00000000   Number         0  free.o ABSOLUTE
    ../clib/heapalloc.c                      0x00000000   Number         0  maybetermalloc1.o ABSOLUTE
    ../clib/heapalloc.c                      0x00000000   Number         0  maybetermalloc2.o ABSOLUTE
    ../clib/heapalloc.c                      0x00000000   Number         0  heapstubs.o ABSOLUTE
    ../clib/heapalloc.c                      0x00000000   Number         0  maybetermalloc2.o ABSOLUTE
    ../clib/heapalloc.c                      0x00000000   Number         0  term_alloc.o ABSOLUTE
    ../clib/heapalloc.c                      0x00000000   Number         0  hrguard.o ABSOLUTE
    ../clib/heapalloc.c                      0x00000000   Number         0  malloc.o ABSOLUTE
    ../clib/heapaux.c                        0x00000000   Number         0  heapauxi.o ABSOLUTE
    ../clib/heapaux.c                        0x00000000   Number         0  heapauxa.o ABSOLUTE
    ../clib/libinit.s                        0x00000000   Number         0  libshutdown2.o ABSOLUTE
    ../clib/libinit.s                        0x00000000   Number         0  libshutdown.o ABSOLUTE
    ../clib/libinit.s                        0x00000000   Number         0  libinit2.o ABSOLUTE
    ../clib/libinit.s                        0x00000000   Number         0  libinit.o ABSOLUTE
    ../clib/memcpset.s                       0x00000000   Number         0  rt_memclr_w.o ABSOLUTE
    ../clib/memcpset.s                       0x00000000   Number         0  rt_memcpy_v6.o ABSOLUTE
    ../clib/memcpset.s                       0x00000000   Number         0  rt_memcpy_w.o ABSOLUTE
    ../clib/printf.c                         0x00000000   Number         0  _printf_char_file_locked.o ABSOLUTE
    ../clib/printf.c                         0x00000000   Number         0  _printf_char_common.o ABSOLUTE
    ../clib/printf.c                         0x00000000   Number         0  noretval__2printf.o ABSOLUTE
    ../clib/printf.c                         0x00000000   Number         0  _printf_char_file.o ABSOLUTE
    ../clib/printf.c                         0x00000000   Number         0  __2printf.o ABSOLUTE
    ../clib/printf.c                         0x00000000   Number         0  __printf_nopercent.o ABSOLUTE
    ../clib/signal.c                         0x00000000   Number         0  defsig_rtred_inner.o ABSOLUTE
    ../clib/signal.c                         0x00000000   Number         0  __raise.o ABSOLUTE
    ../clib/signal.c                         0x00000000   Number         0  defsig_cppl_inner.o ABSOLUTE
    ../clib/signal.c                         0x00000000   Number         0  defsig_pvfn_inner.o ABSOLUTE
    ../clib/signal.c                         0x00000000   Number         0  defsig_rtred_outer.o ABSOLUTE
    ../clib/signal.c                         0x00000000   Number         0  defsig_stak_inner.o ABSOLUTE
    ../clib/signal.c                         0x00000000   Number         0  defsig_exit.o ABSOLUTE
    ../clib/signal.c                         0x00000000   Number         0  defsig_rtmem_inner.o ABSOLUTE
    ../clib/signal.c                         0x00000000   Number         0  defsig_rtmem_outer.o ABSOLUTE
    ../clib/signal.c                         0x00000000   Number         0  defsig_rtmem_formal.o ABSOLUTE
    ../clib/signal.c                         0x00000000   Number         0  defsig_general.o ABSOLUTE
    ../clib/signal.c                         0x00000000   Number         0  defsig_segv_inner.o ABSOLUTE
    ../clib/signal.c                         0x00000000   Number         0  defsig_other.o ABSOLUTE
    ../clib/signal.c                         0x00000000   Number         0  defsig_abrt_inner.o ABSOLUTE
    ../clib/signal.c                         0x00000000   Number         0  defsig_fpe_inner.o ABSOLUTE
    ../clib/signal.c                         0x00000000   Number         0  defsig_rtred_formal.o ABSOLUTE
    ../clib/signal.s                         0x00000000   Number         0  defsig.o ABSOLUTE
    ../clib/stdio.c                          0x00000000   Number         0  setvbuf.o ABSOLUTE
    ../clib/stdio.c                          0x00000000   Number         0  fputc.o ABSOLUTE
    ../clib/stdio.c                          0x00000000   Number         0  streamlock.o ABSOLUTE
    ../clib/stdio.c                          0x00000000   Number         0  fopen.o ABSOLUTE
    ../clib/stdio.c                          0x00000000   Number         0  initio.o ABSOLUTE
    ../clib/stdio.c                          0x00000000   Number         0  fputc_locked.o ABSOLUTE
    ../clib/stdio.c                          0x00000000   Number         0  fclose.o ABSOLUTE
    ../clib/stdio.c                          0x00000000   Number         0  ferror_locked.o ABSOLUTE
    ../clib/stdio.c                          0x00000000   Number         0  setvbuf_locked.o ABSOLUTE
    ../clib/stdio.c                          0x00000000   Number         0  fopen_locked.o ABSOLUTE
    ../clib/stdio.c                          0x00000000   Number         0  initio_locked.o ABSOLUTE
    ../clib/stdio.c                          0x00000000   Number         0  fflush_locked.o ABSOLUTE
    ../clib/stdio.c                          0x00000000   Number         0  fputs_locked.o ABSOLUTE
    ../clib/stdio.c                          0x00000000   Number         0  fputs.o ABSOLUTE
    ../clib/stdio.c                          0x00000000   Number         0  fflush.o ABSOLUTE
    ../clib/stdio.c                          0x00000000   Number         0  stdio_streams.o ABSOLUTE
    ../clib/stdio.c                          0x00000000   Number         0  fwritefast_locked.o ABSOLUTE
    ../clib/stdio.c                          0x00000000   Number         0  ftell.o ABSOLUTE
    ../clib/stdio.c                          0x00000000   Number         0  fwritefast.o ABSOLUTE
    ../clib/stdio.c                          0x00000000   Number         0  stdio.o ABSOLUTE
    ../clib/stdio.c                          0x00000000   Number         0  fseek.o ABSOLUTE
    ../clib/stdio.c                          0x00000000   Number         0  flsbuf.o ABSOLUTE
    ../clib/stdio.c                          0x00000000   Number         0  ferror.o ABSOLUTE
    ../clib/stdlib.c                         0x00000000   Number         0  exit.o ABSOLUTE
    ../clib/string.c                         0x00000000   Number         0  strlen.o ABSOLUTE
    ../clib/wchar.c                          0x00000000   Number         0  flsbuf_fwide.o ABSOLUTE
    ../fplib/fpinit.s                        0x00000000   Number         0  fpinit.o ABSOLUTE
    C:\Users\khanznnz\AppData\Local\Arm\Packs\Keil\ARM_Compiler\1.6.1\Source\EventRecorder.c 0x00000000   Number         0  eventrecorder.o ABSOLUTE
    C:\\Users\\khanznnz\\AppData\\Local\\Arm\\Packs\\Keil\\ARM_Compiler\\1.6.1\\Source\\EventRecorder.c 0x00000000   Number         0  eventrecorder.o ABSOLUTE
    RTE\Device\nRF52840_xxAA\arm_startup_nrf52840.s 0x00000000   Number         0  arm_startup_nrf52840.o ABSOLUTE
    RTE\Device\nRF52840_xxAA\system_nrf52840.c 0x00000000   Number         0  system_nrf52840.o ABSOLUTE
    RTE\\Device\\nRF52840_xxAA\\system_nrf52840.c 0x00000000   Number         0  system_nrf52840.o ABSOLUTE
    dc.s                                     0x00000000   Number         0  dc.o ABSOLUTE
    main.c                                   0x00000000   Number         0  main.o ABSOLUTE
    !!!main                                  0x00000200   Section        8  __main.o(!!!main)
    !!!scatter                               0x00000208   Section       52  __scatter.o(!!!scatter)
    !!handler_copy                           0x0000023c   Section       26  __scatter_copy.o(!!handler_copy)
    !!handler_zi                             0x00000258   Section       28  __scatter_zi.o(!!handler_zi)
    .ARM.Collect$$libinit$$00000000          0x00000274   Section        2  libinit.o(.ARM.Collect$$libinit$$00000000)
    .ARM.Collect$$libinit$$00000001          0x00000276   Section        4  libinit2.o(.ARM.Collect$$libinit$$00000001)
    .ARM.Collect$$libinit$$00000004          0x0000027a   Section        0  libinit2.o(.ARM.Collect$$libinit$$00000004)
    .ARM.Collect$$libinit$$00000005          0x0000027a   Section        8  libinit2.o(.ARM.Collect$$libinit$$00000005)
    .ARM.Collect$$libinit$$0000000A          0x00000282   Section        0  libinit2.o(.ARM.Collect$$libinit$$0000000A)
    .ARM.Collect$$libinit$$0000000C          0x00000282   Section        0  libinit2.o(.ARM.Collect$$libinit$$0000000C)
    .ARM.Collect$$libinit$$0000000E          0x00000282   Section        0  libinit2.o(.ARM.Collect$$libinit$$0000000E)
    .ARM.Collect$$libinit$$00000011          0x00000282   Section        0  libinit2.o(.ARM.Collect$$libinit$$00000011)
    .ARM.Collect$$libinit$$00000013          0x00000282   Section        0  libinit2.o(.ARM.Collect$$libinit$$00000013)
    .ARM.Collect$$libinit$$00000015          0x00000282   Section        0  libinit2.o(.ARM.Collect$$libinit$$00000015)
    .ARM.Collect$$libinit$$00000017          0x00000282   Section        0  libinit2.o(.ARM.Collect$$libinit$$00000017)
    .ARM.Collect$$libinit$$00000019          0x00000282   Section        0  libinit2.o(.ARM.Collect$$libinit$$00000019)
    .ARM.Collect$$libinit$$0000001B          0x00000282   Section        0  libinit2.o(.ARM.Collect$$libinit$$0000001B)
    .ARM.Collect$$libinit$$0000001D          0x00000282   Section        0  libinit2.o(.ARM.Collect$$libinit$$0000001D)
    .ARM.Collect$$libinit$$0000001F          0x00000282   Section        0  libinit2.o(.ARM.Collect$$libinit$$0000001F)
    .ARM.Collect$$libinit$$00000021          0x00000282   Section        0  libinit2.o(.ARM.Collect$$libinit$$00000021)
    .ARM.Collect$$libinit$$00000023          0x00000282   Section        0  libinit2.o(.ARM.Collect$$libinit$$00000023)
    .ARM.Collect$$libinit$$00000024          0x00000282   Section        4  libinit2.o(.ARM.Collect$$libinit$$00000024)
    .ARM.Collect$$libinit$$00000025          0x00000286   Section        0  libinit2.o(.ARM.Collect$$libinit$$00000025)
    .ARM.Collect$$libinit$$0000002C          0x00000286   Section        0  libinit2.o(.ARM.Collect$$libinit$$0000002C)
    .ARM.Collect$$libinit$$0000002E          0x00000286   Section        0  libinit2.o(.ARM.Collect$$libinit$$0000002E)
    .ARM.Collect$$libinit$$00000030          0x00000286   Section        0  libinit2.o(.ARM.Collect$$libinit$$00000030)
    .ARM.Collect$$libinit$$00000032          0x00000286   Section        0  libinit2.o(.ARM.Collect$$libinit$$00000032)
    .ARM.Collect$$libinit$$00000033          0x00000286   Section        2  libinit2.o(.ARM.Collect$$libinit$$00000033)
    .ARM.Collect$$libshutdown$$00000000      0x00000288   Section        2  libshutdown.o(.ARM.Collect$$libshutdown$$00000000)
    .ARM.Collect$$libshutdown$$00000002      0x0000028a   Section        0  libshutdown2.o(.ARM.Collect$$libshutdown$$00000002)
    .ARM.Collect$$libshutdown$$00000003      0x0000028a   Section        4  libshutdown2.o(.ARM.Collect$$libshutdown$$00000003)
    .ARM.Collect$$libshutdown$$00000004      0x0000028e   Section        0  libshutdown2.o(.ARM.Collect$$libshutdown$$00000004)
    .ARM.Collect$$libshutdown$$00000007      0x0000028e   Section        0  libshutdown2.o(.ARM.Collect$$libshutdown$$00000007)
    .ARM.Collect$$libshutdown$$0000000A      0x0000028e   Section        0  libshutdown2.o(.ARM.Collect$$libshutdown$$0000000A)
    .ARM.Collect$$libshutdown$$0000000C      0x0000028e   Section        0  libshutdown2.o(.ARM.Collect$$libshutdown$$0000000C)
    .ARM.Collect$$libshutdown$$0000000F      0x0000028e   Section        0  libshutdown2.o(.ARM.Collect$$libshutdown$$0000000F)
    .ARM.Collect$$libshutdown$$00000010      0x0000028e   Section        2  libshutdown2.o(.ARM.Collect$$libshutdown$$00000010)
    .ARM.Collect$$rtentry$$00000000          0x00000290   Section        0  __rtentry.o(.ARM.Collect$$rtentry$$00000000)
    .ARM.Collect$$rtentry$$00000002          0x00000290   Section        0  __rtentry2.o(.ARM.Collect$$rtentry$$00000002)
    .ARM.Collect$$rtentry$$00000004          0x00000290   Section        6  __rtentry4.o(.ARM.Collect$$rtentry$$00000004)
    .ARM.Collect$$rtentry$$00000009          0x00000296   Section        0  __rtentry2.o(.ARM.Collect$$rtentry$$00000009)
    .ARM.Collect$$rtentry$$0000000A          0x00000296   Section        4  __rtentry2.o(.ARM.Collect$$rtentry$$0000000A)
    .ARM.Collect$$rtentry$$0000000C          0x0000029a   Section        0  __rtentry2.o(.ARM.Collect$$rtentry$$0000000C)
    .ARM.Collect$$rtentry$$0000000D          0x0000029a   Section        8  __rtentry2.o(.ARM.Collect$$rtentry$$0000000D)
    .ARM.Collect$$rtexit$$00000000           0x000002a2   Section        2  rtexit.o(.ARM.Collect$$rtexit$$00000000)
    .ARM.Collect$$rtexit$$00000002           0x000002a4   Section        0  rtexit2.o(.ARM.Collect$$rtexit$$00000002)
    .ARM.Collect$$rtexit$$00000003           0x000002a4   Section        4  rtexit2.o(.ARM.Collect$$rtexit$$00000003)
    .ARM.Collect$$rtexit$$00000004           0x000002a8   Section        6  rtexit2.o(.ARM.Collect$$rtexit$$00000004)
    .emb_text                                0x000002b0   Section        0  maybetermalloc1.o(.emb_text)
    .text                                    0x000002b0   Section       64  arm_startup_nrf52840.o(.text)
    $v0                                      0x000002b0   Number         0  arm_startup_nrf52840.o(.text)
    .text                                    0x000002f0   Section        0  noretval__2printf.o(.text)
    .text                                    0x00000308   Section       78  rt_memclr_w.o(.text)
    .text                                    0x00000356   Section        0  heapauxi.o(.text)
    .text                                    0x0000035c   Section        0  _printf_char_file.o(.text)
    .text                                    0x00000380   Section        0  _printf_char_common.o(.text)
    _printf_input_char                       0x00000381   Thumb Code    10  _printf_char_common.o(.text)
    .text                                    0x000003b0   Section        0  ferror.o(.text)
    .text                                    0x000003b8   Section        0  initio.o(.text)
    .text                                    0x000004f0   Section        0  sys_io.o(.text)
    .text                                    0x00000556   Section       74  sys_stackheap_outer.o(.text)
    .text                                    0x000005a0   Section        0  h1_free.o(.text)
    .text                                    0x000005ee   Section        0  __printf_nopercent.o(.text)
    .text                                    0x00000616   Section        0  flsbuf.o(.text)
    .text                                    0x000007ec   Section        0  setvbuf.o(.text)
    .text                                    0x00000834   Section        0  fopen.o(.text)
    _freopen_locked                          0x00000835   Thumb Code     0  fopen.o(.text)
    .text                                    0x00000920   Section        0  fclose.o(.text)
    .text                                    0x0000096c   Section        0  exit.o(.text)
    .text                                    0x0000097e   Section        0  defsig_rtred_outer.o(.text)
    .text                                    0x0000098c   Section        8  libspace.o(.text)
    .text                                    0x00000994   Section        2  use_no_semi.o(.text)
    .text                                    0x00000996   Section        0  indicate_semi.o(.text)
    .text                                    0x00000998   Section        8  rt_heap_descriptor_intlibspace.o(.text)
    .text                                    0x000009a0   Section        0  hguard.o(.text)
    .text                                    0x000009a4   Section        0  init_alloc.o(.text)
    .text                                    0x00000a2e   Section        0  h1_alloc.o(.text)
    .text                                    0x00000a8c   Section        0  fseek.o(.text)
    .text                                    0x00000b84   Section        0  stdio.o(.text)
    .text                                    0x00000c74   Section        0  defsig_exit.o(.text)
    .text                                    0x00000c80   Section        0  defsig_rtred_inner.o(.text)
    .text                                    0x00000cb4   Section        0  strlen.o(.text)
    .text                                    0x00000cf4   Section        0  sys_exit.o(.text)
    .text                                    0x00000d00   Section        0  h1_init.o(.text)
    .text                                    0x00000d0e   Section        0  h1_extend.o(.text)
    .text                                    0x00000d42   Section        0  ftell.o(.text)
    .text                                    0x00000d84   Section        0  defsig_general.o(.text)
    .text                                    0x00000db6   Section        0  defsig_rtmem_outer.o(.text)
    .text                                    0x00000dc4   Section        0  sys_wrch.o(.text)
    .text                                    0x00000dd4   Section        8  rt_errno_addr_intlibspace.o(.text)
    .text                                    0x00000ddc   Section        0  defsig_rtmem_inner.o(.text)
    i.SystemCoreClockUpdate                  0x00000e2c   Section        0  system_nrf52840.o(i.SystemCoreClockUpdate)
    i.SystemInit                             0x00000e3c   Section        0  system_nrf52840.o(i.SystemInit)
    i.errata_103                             0x00000fc0   Section        0  system_nrf52840.o(i.errata_103)
    errata_103                               0x00000fc1   Thumb Code    24  system_nrf52840.o(i.errata_103)
    i.errata_115                             0x00000fdc   Section        0  system_nrf52840.o(i.errata_115)
    errata_115                               0x00000fdd   Thumb Code    24  system_nrf52840.o(i.errata_115)
    i.errata_120                             0x00000ff8   Section        0  system_nrf52840.o(i.errata_120)
    errata_120                               0x00000ff9   Thumb Code    24  system_nrf52840.o(i.errata_120)
    i.errata_136                             0x00001014   Section        0  system_nrf52840.o(i.errata_136)
    errata_136                               0x00001015   Thumb Code    64  system_nrf52840.o(i.errata_136)
    i.errata_36                              0x00001058   Section        0  system_nrf52840.o(i.errata_36)
    errata_36                                0x00001059   Thumb Code    64  system_nrf52840.o(i.errata_36)
    i.errata_66                              0x0000109c   Section        0  system_nrf52840.o(i.errata_66)
    errata_66                                0x0000109d   Thumb Code    64  system_nrf52840.o(i.errata_66)
    i.errata_98                              0x000010e0   Section        0  system_nrf52840.o(i.errata_98)
    errata_98                                0x000010e1   Thumb Code    24  system_nrf52840.o(i.errata_98)
    i.fputc                                  0x000010fc   Section        0  fputc.o(i.fputc)
    i.main                                   0x00001118   Section        0  main.o(i.main)
    x$fpl$fpinit                             0x00001140   Section       10  fpinit.o(x$fpl$fpinit)
    $v0                                      0x00001140   Number         0  fpinit.o(x$fpl$fpinit)
    .constdata                               0x0000114c   Section       24  eventrecorder.o(.constdata)
    __tagsym$$used                           0x0000114c   Number         0  eventrecorder.o(.constdata)
    .constdata                               0x00001164   Section        4  sys_io.o(.constdata)
    .constdata                               0x00001168   Section        4  sys_io.o(.constdata)
    .constdata                               0x0000116c   Section        4  sys_io.o(.constdata)
    .data                                    0x20000000   Section        4  system_nrf52840.o(.data)
    __tagsym$$used                           0x20000000   Number         0  system_nrf52840.o(.data)
    .data                                    0x20000004   Section        4  stdio_streams.o(.data)
    .data                                    0x20000008   Section        4  stdio_streams.o(.data)
    .data                                    0x2000000c   Section        4  stdio_streams.o(.data)
    .bss                                     0x20000010   Section       84  stdio_streams.o(.bss)
    .bss                                     0x20000064   Section       84  stdio_streams.o(.bss)
    .bss                                     0x200000b8   Section       84  stdio_streams.o(.bss)
    .bss                                     0x2000010c   Section       96  libspace.o(.bss)
    .bss.noinit                              0x20000180   Section     1188  eventrecorder.o(.bss.noinit)
    EventBuffer                              0x20000180   Data        1024  eventrecorder.o(.bss.noinit)
    EventFilter                              0x20000580   Data         128  eventrecorder.o(.bss.noinit)
    EventStatus                              0x20000600   Data          36  eventrecorder.o(.bss.noinit)
    HEAP                                     0x20000628   Section     8192  arm_startup_nrf52840.o(HEAP)
    Heap_Mem                                 0x20000628   Data        8192  arm_startup_nrf52840.o(HEAP)
    STACK                                    0x20002628   Section     8192  arm_startup_nrf52840.o(STACK)
    Stack_Mem                                0x20002628   Data        8192  arm_startup_nrf52840.o(STACK)
    __initial_sp                             0x20004628   Data           0  arm_startup_nrf52840.o(STACK)

    Global Symbols

    Symbol Name                              Value     Ov Type        Size  Object(Section)

    BuildAttributes$$THM_ISAv4$E$P$D$K$B$S$7EM$VFPi3$EXTD16$VFPS$VFMA$PE$A:L22UL41UL21$X:L11$S22US41US21$IEEE1$IW$USESV6$~STKCKD$USESV7$~SHL$OTIME$ROPI$EBA8$UX$STANDARDLIB$REQ8$PRES8$EABIv2 0x00000000   Number         0  anon$$obj.o ABSOLUTE
    __ARM_use_no_argv                        0x00000000   Number         0  main.o ABSOLUTE
    __Vectors                                0x00000000   Data           4  arm_startup_nrf52840.o(RESET)
    __ARM_exceptions_init                     - Undefined Weak Reference
    __alloca_initialize                       - Undefined Weak Reference
    __arm_preinit_                            - Undefined Weak Reference
    __cpp_initialize__aeabi_                  - Undefined Weak Reference
    __cxa_finalize                            - Undefined Weak Reference
    __rt_locale                               - Undefined Weak Reference
    __sigvec_lookup                           - Undefined Weak Reference
    __user_heap_extent                        - Undefined Weak Reference
    _atexit_init                              - Undefined Weak Reference
    _call_atexit_fns                          - Undefined Weak Reference
    _clock_init                               - Undefined Weak Reference
    _fp_trap_init                             - Undefined Weak Reference
    _fp_trap_shutdown                         - Undefined Weak Reference
    _get_lc_collate                           - Undefined Weak Reference
    _get_lc_ctype                             - Undefined Weak Reference
    _get_lc_monetary                          - Undefined Weak Reference
    _get_lc_numeric                           - Undefined Weak Reference
    _get_lc_time                              - Undefined Weak Reference
    _getenv_init                              - Undefined Weak Reference
    _handle_redirection                       - Undefined Weak Reference
    _mutex_acquire                            - Undefined Weak Reference
    _mutex_free                               - Undefined Weak Reference
    _mutex_release                            - Undefined Weak Reference
    _rand_init                                - Undefined Weak Reference
    _signal_finish                            - Undefined Weak Reference
    _signal_init                              - Undefined Weak Reference
    __Vectors_End                            0x00000200   Data           0  arm_startup_nrf52840.o(RESET)
    __Vectors_Size                           0x00000200   Number         0  arm_startup_nrf52840.o ABSOLUTE
    __main                                   0x00000201   Thumb Code     8  __main.o(!!!main)
    __scatterload                            0x00000209   Thumb Code     0  __scatter.o(!!!scatter)
    __scatterload_rt2                        0x00000209   Thumb Code    44  __scatter.o(!!!scatter)
    __scatterload_rt2_thumb_only             0x00000209   Thumb Code     0  __scatter.o(!!!scatter)
    __scatterload_null                       0x00000217   Thumb Code     0  __scatter.o(!!!scatter)
    __scatterload_copy                       0x0000023d   Thumb Code    26  __scatter_copy.o(!!handler_copy)
    __scatterload_zeroinit                   0x00000259   Thumb Code    28  __scatter_zi.o(!!handler_zi)
    __rt_lib_init                            0x00000275   Thumb Code     0  libinit.o(.ARM.Collect$$libinit$$00000000)
    __rt_lib_init_fp_1                       0x00000277   Thumb Code     0  libinit2.o(.ARM.Collect$$libinit$$00000001)
    __rt_lib_init_heap_2                     0x0000027b   Thumb Code     0  libinit2.o(.ARM.Collect$$libinit$$00000005)
    __rt_lib_init_preinit_1                  0x0000027b   Thumb Code     0  libinit2.o(.ARM.Collect$$libinit$$00000004)
    __rt_lib_init_atexit_1                   0x00000283   Thumb Code     0  libinit2.o(.ARM.Collect$$libinit$$0000001B)
    __rt_lib_init_clock_1                    0x00000283   Thumb Code     0  libinit2.o(.ARM.Collect$$libinit$$00000021)
    __rt_lib_init_fp_trap_1                  0x00000283   Thumb Code     0  libinit2.o(.ARM.Collect$$libinit$$0000001F)
    __rt_lib_init_getenv_1                   0x00000283   Thumb Code     0  libinit2.o(.ARM.Collect$$libinit$$00000023)
    __rt_lib_init_heap_1                     0x00000283   Thumb Code     0  libinit2.o(.ARM.Collect$$libinit$$0000000A)
    __rt_lib_init_lc_collate_1               0x00000283   Thumb Code     0  libinit2.o(.ARM.Collect$$libinit$$00000011)
    __rt_lib_init_lc_ctype_1                 0x00000283   Thumb Code     0  libinit2.o(.ARM.Collect$$libinit$$00000013)
    __rt_lib_init_lc_monetary_1              0x00000283   Thumb Code     0  libinit2.o(.ARM.Collect$$libinit$$00000015)
    __rt_lib_init_lc_numeric_1               0x00000283   Thumb Code     0  libinit2.o(.ARM.Collect$$libinit$$00000017)
    __rt_lib_init_lc_time_1                  0x00000283   Thumb Code     0  libinit2.o(.ARM.Collect$$libinit$$00000019)
    __rt_lib_init_rand_1                     0x00000283   Thumb Code     0  libinit2.o(.ARM.Collect$$libinit$$0000000E)
    __rt_lib_init_signal_1                   0x00000283   Thumb Code     0  libinit2.o(.ARM.Collect$$libinit$$0000001D)
    __rt_lib_init_stdio_2                    0x00000283   Thumb Code     0  libinit2.o(.ARM.Collect$$libinit$$00000024)
    __rt_lib_init_user_alloc_1               0x00000283   Thumb Code     0  libinit2.o(.ARM.Collect$$libinit$$0000000C)
    __rt_lib_init_alloca_1                   0x00000287   Thumb Code     0  libinit2.o(.ARM.Collect$$libinit$$0000002E)
    __rt_lib_init_argv_1                     0x00000287   Thumb Code     0  libinit2.o(.ARM.Collect$$libinit$$0000002C)
    __rt_lib_init_cpp_1                      0x00000287   Thumb Code     0  libinit2.o(.ARM.Collect$$libinit$$00000032)
    __rt_lib_init_exceptions_1               0x00000287   Thumb Code     0  libinit2.o(.ARM.Collect$$libinit$$00000030)
    __rt_lib_init_return                     0x00000287   Thumb Code     0  libinit2.o(.ARM.Collect$$libinit$$00000033)
    __rt_lib_init_stdio_1                    0x00000287   Thumb Code     0  libinit2.o(.ARM.Collect$$libinit$$00000025)
    __rt_lib_shutdown                        0x00000289   Thumb Code     0  libshutdown.o(.ARM.Collect$$libshutdown$$00000000)
    __rt_lib_shutdown_cpp_1                  0x0000028b   Thumb Code     0  libshutdown2.o(.ARM.Collect$$libshutdown$$00000002)
    __rt_lib_shutdown_stdio_2                0x0000028b   Thumb Code     0  libshutdown2.o(.ARM.Collect$$libshutdown$$00000003)
    __rt_lib_shutdown_fp_trap_1              0x0000028f   Thumb Code     0  libshutdown2.o(.ARM.Collect$$libshutdown$$00000007)
    __rt_lib_shutdown_heap_1                 0x0000028f   Thumb Code     0  libshutdown2.o(.ARM.Collect$$libshutdown$$0000000F)
    __rt_lib_shutdown_return                 0x0000028f   Thumb Code     0  libshutdown2.o(.ARM.Collect$$libshutdown$$00000010)
    __rt_lib_shutdown_signal_1               0x0000028f   Thumb Code     0  libshutdown2.o(.ARM.Collect$$libshutdown$$0000000A)
    __rt_lib_shutdown_stdio_1                0x0000028f   Thumb Code     0  libshutdown2.o(.ARM.Collect$$libshutdown$$00000004)
    __rt_lib_shutdown_user_alloc_1           0x0000028f   Thumb Code     0  libshutdown2.o(.ARM.Collect$$libshutdown$$0000000C)
    __rt_entry                               0x00000291   Thumb Code     0  __rtentry.o(.ARM.Collect$$rtentry$$00000000)
    __rt_entry_presh_1                       0x00000291   Thumb Code     0  __rtentry2.o(.ARM.Collect$$rtentry$$00000002)
    __rt_entry_sh                            0x00000291   Thumb Code     0  __rtentry4.o(.ARM.Collect$$rtentry$$00000004)
    __rt_entry_li                            0x00000297   Thumb Code     0  __rtentry2.o(.ARM.Collect$$rtentry$$0000000A)
    __rt_entry_postsh_1                      0x00000297   Thumb Code     0  __rtentry2.o(.ARM.Collect$$rtentry$$00000009)
    __rt_entry_main                          0x0000029b   Thumb Code     0  __rtentry2.o(.ARM.Collect$$rtentry$$0000000D)
    __rt_entry_postli_1                      0x0000029b   Thumb Code     0  __rtentry2.o(.ARM.Collect$$rtentry$$0000000C)
    __rt_exit                                0x000002a3   Thumb Code     0  rtexit.o(.ARM.Collect$$rtexit$$00000000)
    __rt_exit_ls                             0x000002a5   Thumb Code     0  rtexit2.o(.ARM.Collect$$rtexit$$00000003)
    __rt_exit_prels_1                        0x000002a5   Thumb Code     0  rtexit2.o(.ARM.Collect$$rtexit$$00000002)
    __rt_exit_exit                           0x000002a9   Thumb Code     0  rtexit2.o(.ARM.Collect$$rtexit$$00000004)
    Reset_Handler                            0x000002b1   Thumb Code     8  arm_startup_nrf52840.o(.text)
    _maybe_terminate_alloc                   0x000002b1   Thumb Code     0  maybetermalloc1.o(.emb_text)
    NMI_Handler                              0x000002b9   Thumb Code     2  arm_startup_nrf52840.o(.text)
    HardFault_Handler                        0x000002bb   Thumb Code     2  arm_startup_nrf52840.o(.text)
    MemoryManagement_Handler                 0x000002bd   Thumb Code     2  arm_startup_nrf52840.o(.text)
    BusFault_Handler                         0x000002bf   Thumb Code     2  arm_startup_nrf52840.o(.text)
    UsageFault_Handler                       0x000002c1   Thumb Code     2  arm_startup_nrf52840.o(.text)
    SVC_Handler                              0x000002c3   Thumb Code     2  arm_startup_nrf52840.o(.text)
    DebugMon_Handler                         0x000002c5   Thumb Code     2  arm_startup_nrf52840.o(.text)
    PendSV_Handler                           0x000002c7   Thumb Code     2  arm_startup_nrf52840.o(.text)
    SysTick_Handler                          0x000002c9   Thumb Code     2  arm_startup_nrf52840.o(.text)
    CCM_AAR_IRQHandler                       0x000002cb   Thumb Code     0  arm_startup_nrf52840.o(.text)
    COMP_LPCOMP_IRQHandler                   0x000002cb   Thumb Code     0  arm_startup_nrf52840.o(.text)
    CRYPTOCELL_IRQHandler                    0x000002cb   Thumb Code     0  arm_startup_nrf52840.o(.text)
    ECB_IRQHandler                           0x000002cb   Thumb Code     0  arm_startup_nrf52840.o(.text)
    FPU_IRQHandler                           0x000002cb   Thumb Code     0  arm_startup_nrf52840.o(.text)
    GPIOTE_IRQHandler                        0x000002cb   Thumb Code     0  arm_startup_nrf52840.o(.text)
    I2S_IRQHandler                           0x000002cb   Thumb Code     0  arm_startup_nrf52840.o(.text)
    MWU_IRQHandler                           0x000002cb   Thumb Code     0  arm_startup_nrf52840.o(.text)
    NFCT_IRQHandler                          0x000002cb   Thumb Code     0  arm_startup_nrf52840.o(.text)
    PDM_IRQHandler                           0x000002cb   Thumb Code     0  arm_startup_nrf52840.o(.text)
    POWER_CLOCK_IRQHandler                   0x000002cb   Thumb Code     0  arm_startup_nrf52840.o(.text)
    PWM0_IRQHandler                          0x000002cb   Thumb Code     0  arm_startup_nrf52840.o(.text)
    PWM1_IRQHandler                          0x000002cb   Thumb Code     0  arm_startup_nrf52840.o(.text)
    PWM2_IRQHandler                          0x000002cb   Thumb Code     0  arm_startup_nrf52840.o(.text)
    PWM3_IRQHandler                          0x000002cb   Thumb Code     0  arm_startup_nrf52840.o(.text)
    QDEC_IRQHandler                          0x000002cb   Thumb Code     0  arm_startup_nrf52840.o(.text)
    QSPI_IRQHandler                          0x000002cb   Thumb Code     0  arm_startup_nrf52840.o(.text)
    RADIO_IRQHandler                         0x000002cb   Thumb Code     0  arm_startup_nrf52840.o(.text)
    RNG_IRQHandler                           0x000002cb   Thumb Code     0  arm_startup_nrf52840.o(.text)
    RTC0_IRQHandler                          0x000002cb   Thumb Code     0  arm_startup_nrf52840.o(.text)
    RTC1_IRQHandler                          0x000002cb   Thumb Code     0  arm_startup_nrf52840.o(.text)
    RTC2_IRQHandler                          0x000002cb   Thumb Code     0  arm_startup_nrf52840.o(.text)
    SAADC_IRQHandler                         0x000002cb   Thumb Code     0  arm_startup_nrf52840.o(.text)
    SPIM0_SPIS0_TWIM0_TWIS0_SPI0_TWI0_IRQHandler 0x000002cb   Thumb Code     0  arm_startup_nrf52840.o(.text)
    SPIM1_SPIS1_TWIM1_TWIS1_SPI1_TWI1_IRQHandler 0x000002cb   Thumb Code     0  arm_startup_nrf52840.o(.text)
    SPIM2_SPIS2_SPI2_IRQHandler              0x000002cb   Thumb Code     0  arm_startup_nrf52840.o(.text)
    SPIM3_IRQHandler                         0x000002cb   Thumb Code     0  arm_startup_nrf52840.o(.text)
    SWI0_EGU0_IRQHandler                     0x000002cb   Thumb Code     0  arm_startup_nrf52840.o(.text)
    SWI1_EGU1_IRQHandler                     0x000002cb   Thumb Code     0  arm_startup_nrf52840.o(.text)
    SWI2_EGU2_IRQHandler                     0x000002cb   Thumb Code     0  arm_startup_nrf52840.o(.text)
    SWI3_EGU3_IRQHandler                     0x000002cb   Thumb Code     0  arm_startup_nrf52840.o(.text)
    SWI4_EGU4_IRQHandler                     0x000002cb   Thumb Code     0  arm_startup_nrf52840.o(.text)
    SWI5_EGU5_IRQHandler                     0x000002cb   Thumb Code     0  arm_startup_nrf52840.o(.text)
    TEMP_IRQHandler                          0x000002cb   Thumb Code     0  arm_startup_nrf52840.o(.text)
    TIMER0_IRQHandler                        0x000002cb   Thumb Code     0  arm_startup_nrf52840.o(.text)
    TIMER1_IRQHandler                        0x000002cb   Thumb Code     0  arm_startup_nrf52840.o(.text)
    TIMER2_IRQHandler                        0x000002cb   Thumb Code     0  arm_startup_nrf52840.o(.text)
    TIMER3_IRQHandler                        0x000002cb   Thumb Code     0  arm_startup_nrf52840.o(.text)
    TIMER4_IRQHandler                        0x000002cb   Thumb Code     0  arm_startup_nrf52840.o(.text)
    UARTE0_UART0_IRQHandler                  0x000002cb   Thumb Code     0  arm_startup_nrf52840.o(.text)
    UARTE1_IRQHandler                        0x000002cb   Thumb Code     0  arm_startup_nrf52840.o(.text)
    USBD_IRQHandler                          0x000002cb   Thumb Code     0  arm_startup_nrf52840.o(.text)
    WDT_IRQHandler                           0x000002cb   Thumb Code     0  arm_startup_nrf52840.o(.text)
    __user_initial_stackheap                 0x000002cd   Thumb Code    10  arm_startup_nrf52840.o(.text)
    __2printf                                0x000002f1   Thumb Code    20  noretval__2printf.o(.text)
    __aeabi_memclr4                          0x00000309   Thumb Code     0  rt_memclr_w.o(.text)
    __aeabi_memclr8                          0x00000309   Thumb Code     0  rt_memclr_w.o(.text)
    __rt_memclr_w                            0x00000309   Thumb Code    78  rt_memclr_w.o(.text)
    _memset_w                                0x0000030d   Thumb Code     0  rt_memclr_w.o(.text)
    __use_two_region_memory                  0x00000357   Thumb Code     2  heapauxi.o(.text)
    __rt_heap_escrow                         0x00000359   Thumb Code     2  heapauxi.o(.text)
    __rt_heap_expand                         0x0000035b   Thumb Code     2  heapauxi.o(.text)
    _printf_char_file                        0x0000035d   Thumb Code    32  _printf_char_file.o(.text)
    _printf_char_common                      0x0000038b   Thumb Code    32  _printf_char_common.o(.text)
    ferror                                   0x000003b1   Thumb Code     8  ferror.o(.text)
    _initio                                  0x000003b9   Thumb Code   210  initio.o(.text)
    _terminateio                             0x0000048b   Thumb Code    56  initio.o(.text)
    _sys_open                                0x000004f1   Thumb Code    20  sys_io.o(.text)
    _sys_close                               0x00000505   Thumb Code    12  sys_io.o(.text)
    _sys_write                               0x00000511   Thumb Code    16  sys_io.o(.text)
    _sys_read                                0x00000521   Thumb Code    14  sys_io.o(.text)
    _sys_istty                               0x0000052f   Thumb Code    12  sys_io.o(.text)
    _sys_seek                                0x0000053b   Thumb Code    14  sys_io.o(.text)
    _sys_ensure                              0x00000549   Thumb Code     2  sys_io.o(.text)
    _sys_flen                                0x0000054b   Thumb Code    12  sys_io.o(.text)
    __user_setup_stackheap                   0x00000557   Thumb Code    74  sys_stackheap_outer.o(.text)
    free                                     0x000005a1   Thumb Code    78  h1_free.o(.text)
    __printf                                 0x000005ef   Thumb Code    40  __printf_nopercent.o(.text)
    __flsbuf                                 0x00000617   Thumb Code   470  flsbuf.o(.text)
    __flsbuf_byte                            0x00000617   Thumb Code     0  flsbuf.o(.text)
    __flsbuf_wide                            0x00000617   Thumb Code     0  flsbuf.o(.text)
    setvbuf                                  0x000007ed   Thumb Code    70  setvbuf.o(.text)
    freopen                                  0x00000835   Thumb Code   158  fopen.o(.text)
    fopen                                    0x000008d3   Thumb Code    74  fopen.o(.text)
    _fclose_internal                         0x00000921   Thumb Code    76  fclose.o(.text)
    fclose                                   0x00000921   Thumb Code     0  fclose.o(.text)
    exit                                     0x0000096d   Thumb Code    18  exit.o(.text)
    __rt_SIGRTRED                            0x0000097f   Thumb Code    14  defsig_rtred_outer.o(.text)
    __user_libspace                          0x0000098d   Thumb Code     8  libspace.o(.text)
    __user_perproc_libspace                  0x0000098d   Thumb Code     0  libspace.o(.text)
    __user_perthread_libspace                0x0000098d   Thumb Code     0  libspace.o(.text)
    __I$use$semihosting                      0x00000995   Thumb Code     0  use_no_semi.o(.text)
    __use_no_semihosting_swi                 0x00000995   Thumb Code     2  use_no_semi.o(.text)
    __semihosting_library_function           0x00000997   Thumb Code     0  indicate_semi.o(.text)
    __rt_heap_descriptor                     0x00000999   Thumb Code     8  rt_heap_descriptor_intlibspace.o(.text)
    __use_no_heap                            0x000009a1   Thumb Code     2  hguard.o(.text)
    __heap$guard                             0x000009a3   Thumb Code     2  hguard.o(.text)
    _terminate_user_alloc                    0x000009a5   Thumb Code     2  init_alloc.o(.text)
    _init_user_alloc                         0x000009a7   Thumb Code     2  init_alloc.o(.text)
    __Heap_Full                              0x000009a9   Thumb Code    34  init_alloc.o(.text)
    __Heap_Broken                            0x000009cb   Thumb Code     6  init_alloc.o(.text)
    _init_alloc                              0x000009d1   Thumb Code    94  init_alloc.o(.text)
    malloc                                   0x00000a2f   Thumb Code    94  h1_alloc.o(.text)
    _fseek                                   0x00000a8d   Thumb Code   242  fseek.o(.text)
    fseek                                    0x00000a8d   Thumb Code     0  fseek.o(.text)
    _seterr                                  0x00000b85   Thumb Code    20  stdio.o(.text)
    _writebuf                                0x00000b99   Thumb Code    84  stdio.o(.text)
    _fflush                                  0x00000bed   Thumb Code    70  stdio.o(.text)
    _deferredlazyseek                        0x00000c33   Thumb Code    60  stdio.o(.text)
    __sig_exit                               0x00000c75   Thumb Code    10  defsig_exit.o(.text)
    __rt_SIGRTRED_inner                      0x00000c81   Thumb Code    14  defsig_rtred_inner.o(.text)
    strlen                                   0x00000cb5   Thumb Code    62  strlen.o(.text)
    _sys_exit                                0x00000cf5   Thumb Code     8  sys_exit.o(.text)
    __Heap_Initialize                        0x00000d01   Thumb Code    10  h1_init.o(.text)
    __Heap_DescSize                          0x00000d0b   Thumb Code     4  h1_init.o(.text)
    __Heap_ProvideMemory                     0x00000d0f   Thumb Code    52  h1_extend.o(.text)
    _ftell_internal                          0x00000d43   Thumb Code    66  ftell.o(.text)
    ftell                                    0x00000d43   Thumb Code     0  ftell.o(.text)
    __default_signal_display                 0x00000d85   Thumb Code    50  defsig_general.o(.text)
    __rt_SIGRTMEM                            0x00000db7   Thumb Code    14  defsig_rtmem_outer.o(.text)
    _ttywrch                                 0x00000dc5   Thumb Code    14  sys_wrch.o(.text)
    __aeabi_errno_addr                       0x00000dd5   Thumb Code     8  rt_errno_addr_intlibspace.o(.text)
    __errno$intlibspace                      0x00000dd5   Thumb Code     0  rt_errno_addr_intlibspace.o(.text)
    __rt_errno_addr$intlibspace              0x00000dd5   Thumb Code     0  rt_errno_addr_intlibspace.o(.text)
    __rt_SIGRTMEM_inner                      0x00000ddd   Thumb Code    22  defsig_rtmem_inner.o(.text)
    SystemCoreClockUpdate                    0x00000e2d   Thumb Code     8  system_nrf52840.o(i.SystemCoreClockUpdate)
    SystemInit                               0x00000e3d   Thumb Code   340  system_nrf52840.o(i.SystemInit)
    fputc                                    0x000010fd   Thumb Code    26  fputc.o(i.fputc)
    main                                     0x00001119   Thumb Code    22  main.o(i.main)
    _fp_init                                 0x00001141   Thumb Code    10  fpinit.o(x$fpl$fpinit)
    __fplib_config_fpu_vfp                   0x00001149   Thumb Code     0  fpinit.o(x$fpl$fpinit)
    __fplib_config_pureend_doubles           0x00001149   Thumb Code     0  fpinit.o(x$fpl$fpinit)
    EventRecorderInfo                        0x0000114c   Data          24  eventrecorder.o(.constdata)
    __stdin_name                             0x00001164   Data           4  sys_io.o(.constdata)
    __stdout_name                            0x00001168   Data           4  sys_io.o(.constdata)
    __stderr_name                            0x0000116c   Data           4  sys_io.o(.constdata)
    Region$$Table$$Base                      0x00001170   Number         0  anon$$obj.o(Region$$Table)
    Region$$Table$$Limit                     0x00001190   Number         0  anon$$obj.o(Region$$Table)
    SystemCoreClock                          0x20000000   Data           4  system_nrf52840.o(.data)
    __aeabi_stdin                            0x20000004   Data           4  stdio_streams.o(.data)
    __aeabi_stdout                           0x20000008   Data           4  stdio_streams.o(.data)
    __aeabi_stderr                           0x2000000c   Data           4  stdio_streams.o(.data)
    __stdin                                  0x20000010   Data          84  stdio_streams.o(.bss)
    __stdout                                 0x20000064   Data          84  stdio_streams.o(.bss)
    __stderr                                 0x200000b8   Data          84  stdio_streams.o(.bss)
    __libspace_start                         0x2000010c   Data          96  libspace.o(.bss)
    __temporary_stack_top$libspace           0x2000016c   Data           0  libspace.o(.bss)



==============================================================================

Memory Map of the image

  Image Entry point : 0x000002b1

  Load Region LR_1 (Base: 0x00000000, Size: 0x000011a0, Max: 0xffffffff, ABSOLUTE)

    Execution Region ER_RO (Exec base: 0x00000000, Load base: 0x00000000, Size: 0x00001190, Max: 0xffffffff, ABSOLUTE)

    Exec Addr    Load Addr    Size         Type   Attr      Idx    E Section Name        Object

    0x00000000   0x00000000   0x00000200   Data   RO          198    RESET               arm_startup_nrf52840.o
    0x00000200   0x00000200   0x00000008   Code   RO          292  * !!!main             c_w.l(__main.o)
    0x00000208   0x00000208   0x00000034   Code   RO          636    !!!scatter          c_w.l(__scatter.o)
    0x0000023c   0x0000023c   0x0000001a   Code   RO          638    !!handler_copy      c_w.l(__scatter_copy.o)
    0x00000256   0x00000256   0x00000002   PAD
    0x00000258   0x00000258   0x0000001c   Code   RO          640    !!handler_zi        c_w.l(__scatter_zi.o)
    0x00000274   0x00000274   0x00000002   Code   RO          427    .ARM.Collect$$libinit$$00000000  c_w.l(libinit.o)
    0x00000276   0x00000276   0x00000004   Code   RO          428    .ARM.Collect$$libinit$$00000001  c_w.l(libinit2.o)
    0x0000027a   0x0000027a   0x00000000   Code   RO          431    .ARM.Collect$$libinit$$00000004  c_w.l(libinit2.o)
    0x0000027a   0x0000027a   0x00000008   Code   RO          432    .ARM.Collect$$libinit$$00000005  c_w.l(libinit2.o)
    0x00000282   0x00000282   0x00000000   Code   RO          434    .ARM.Collect$$libinit$$0000000A  c_w.l(libinit2.o)
    0x00000282   0x00000282   0x00000000   Code   RO          436    .ARM.Collect$$libinit$$0000000C  c_w.l(libinit2.o)
    0x00000282   0x00000282   0x00000000   Code   RO          438    .ARM.Collect$$libinit$$0000000E  c_w.l(libinit2.o)
    0x00000282   0x00000282   0x00000000   Code   RO          441    .ARM.Collect$$libinit$$00000011  c_w.l(libinit2.o)
    0x00000282   0x00000282   0x00000000   Code   RO          443    .ARM.Collect$$libinit$$00000013  c_w.l(libinit2.o)
    0x00000282   0x00000282   0x00000000   Code   RO          445    .ARM.Collect$$libinit$$00000015  c_w.l(libinit2.o)
    0x00000282   0x00000282   0x00000000   Code   RO          447    .ARM.Collect$$libinit$$00000017  c_w.l(libinit2.o)
    0x00000282   0x00000282   0x00000000   Code   RO          449    .ARM.Collect$$libinit$$00000019  c_w.l(libinit2.o)
    0x00000282   0x00000282   0x00000000   Code   RO          451    .ARM.Collect$$libinit$$0000001B  c_w.l(libinit2.o)
    0x00000282   0x00000282   0x00000000   Code   RO          453    .ARM.Collect$$libinit$$0000001D  c_w.l(libinit2.o)
    0x00000282   0x00000282   0x00000000   Code   RO          455    .ARM.Collect$$libinit$$0000001F  c_w.l(libinit2.o)
    0x00000282   0x00000282   0x00000000   Code   RO          457    .ARM.Collect$$libinit$$00000021  c_w.l(libinit2.o)
    0x00000282   0x00000282   0x00000000   Code   RO          459    .ARM.Collect$$libinit$$00000023  c_w.l(libinit2.o)
    0x00000282   0x00000282   0x00000004   Code   RO          460    .ARM.Collect$$libinit$$00000024  c_w.l(libinit2.o)
    0x00000286   0x00000286   0x00000000   Code   RO          461    .ARM.Collect$$libinit$$00000025  c_w.l(libinit2.o)
    0x00000286   0x00000286   0x00000000   Code   RO          465    .ARM.Collect$$libinit$$0000002C  c_w.l(libinit2.o)
    0x00000286   0x00000286   0x00000000   Code   RO          467    .ARM.Collect$$libinit$$0000002E  c_w.l(libinit2.o)
    0x00000286   0x00000286   0x00000000   Code   RO          469    .ARM.Collect$$libinit$$00000030  c_w.l(libinit2.o)
    0x00000286   0x00000286   0x00000000   Code   RO          471    .ARM.Collect$$libinit$$00000032  c_w.l(libinit2.o)
    0x00000286   0x00000286   0x00000002   Code   RO          472    .ARM.Collect$$libinit$$00000033  c_w.l(libinit2.o)
    0x00000288   0x00000288   0x00000002   Code   RO          615    .ARM.Collect$$libshutdown$$00000000  c_w.l(libshutdown.o)
    0x0000028a   0x0000028a   0x00000000   Code   RO          474    .ARM.Collect$$libshutdown$$00000002  c_w.l(libshutdown2.o)
    0x0000028a   0x0000028a   0x00000004   Code   RO          475    .ARM.Collect$$libshutdown$$00000003  c_w.l(libshutdown2.o)
    0x0000028e   0x0000028e   0x00000000   Code   RO          476    .ARM.Collect$$libshutdown$$00000004  c_w.l(libshutdown2.o)
    0x0000028e   0x0000028e   0x00000000   Code   RO          479    .ARM.Collect$$libshutdown$$00000007  c_w.l(libshutdown2.o)
    0x0000028e   0x0000028e   0x00000000   Code   RO          482    .ARM.Collect$$libshutdown$$0000000A  c_w.l(libshutdown2.o)
    0x0000028e   0x0000028e   0x00000000   Code   RO          484    .ARM.Collect$$libshutdown$$0000000C  c_w.l(libshutdown2.o)
    0x0000028e   0x0000028e   0x00000000   Code   RO          487    .ARM.Collect$$libshutdown$$0000000F  c_w.l(libshutdown2.o)
    0x0000028e   0x0000028e   0x00000002   Code   RO          488    .ARM.Collect$$libshutdown$$00000010  c_w.l(libshutdown2.o)
    0x00000290   0x00000290   0x00000000   Code   RO          294    .ARM.Collect$$rtentry$$00000000  c_w.l(__rtentry.o)
    0x00000290   0x00000290   0x00000000   Code   RO          306    .ARM.Collect$$rtentry$$00000002  c_w.l(__rtentry2.o)
    0x00000290   0x00000290   0x00000006   Code   RO          318    .ARM.Collect$$rtentry$$00000004  c_w.l(__rtentry4.o)
    0x00000296   0x00000296   0x00000000   Code   RO          308    .ARM.Collect$$rtentry$$00000009  c_w.l(__rtentry2.o)
    0x00000296   0x00000296   0x00000004   Code   RO          309    .ARM.Collect$$rtentry$$0000000A  c_w.l(__rtentry2.o)
    0x0000029a   0x0000029a   0x00000000   Code   RO          311    .ARM.Collect$$rtentry$$0000000C  c_w.l(__rtentry2.o)
    0x0000029a   0x0000029a   0x00000008   Code   RO          312    .ARM.Collect$$rtentry$$0000000D  c_w.l(__rtentry2.o)
    0x000002a2   0x000002a2   0x00000002   Code   RO          497    .ARM.Collect$$rtexit$$00000000  c_w.l(rtexit.o)
    0x000002a4   0x000002a4   0x00000000   Code   RO          553    .ARM.Collect$$rtexit$$00000002  c_w.l(rtexit2.o)
    0x000002a4   0x000002a4   0x00000004   Code   RO          554    .ARM.Collect$$rtexit$$00000003  c_w.l(rtexit2.o)
    0x000002a8   0x000002a8   0x00000006   Code   RO          555    .ARM.Collect$$rtexit$$00000004  c_w.l(rtexit2.o)
    0x000002ae   0x000002ae   0x00000002   PAD
    0x000002b0   0x000002b0   0x00000000   Code   RO          559    .emb_text           c_w.l(maybetermalloc1.o)
    0x000002b0   0x000002b0   0x00000040   Code   RO          199  * .text               arm_startup_nrf52840.o
    0x000002f0   0x000002f0   0x00000018   Code   RO          284    .text               c_w.l(noretval__2printf.o)
    0x00000308   0x00000308   0x0000004e   Code   RO          288    .text               c_w.l(rt_memclr_w.o)
    0x00000356   0x00000356   0x00000006   Code   RO          290    .text               c_w.l(heapauxi.o)
    0x0000035c   0x0000035c   0x00000024   Code   RO          295    .text               c_w.l(_printf_char_file.o)
    0x00000380   0x00000380   0x00000030   Code   RO          320    .text               c_w.l(_printf_char_common.o)
    0x000003b0   0x000003b0   0x00000008   Code   RO          322    .text               c_w.l(ferror.o)
    0x000003b8   0x000003b8   0x00000138   Code   RO          328    .text               c_w.l(initio.o)
    0x000004f0   0x000004f0   0x00000066   Code   RO          336    .text               c_w.l(sys_io.o)
    0x00000556   0x00000556   0x0000004a   Code   RO          343    .text               c_w.l(sys_stackheap_outer.o)
    0x000005a0   0x000005a0   0x0000004e   Code   RO          347    .text               c_w.l(h1_free.o)
    0x000005ee   0x000005ee   0x00000028   Code   RO          401    .text               c_w.l(__printf_nopercent.o)
    0x00000616   0x00000616   0x000001d6   Code   RO          403    .text               c_w.l(flsbuf.o)
    0x000007ec   0x000007ec   0x00000046   Code   RO          405    .text               c_w.l(setvbuf.o)
    0x00000832   0x00000832   0x00000002   PAD
    0x00000834   0x00000834   0x000000ec   Code   RO          408    .text               c_w.l(fopen.o)
    0x00000920   0x00000920   0x0000004c   Code   RO          410    .text               c_w.l(fclose.o)
    0x0000096c   0x0000096c   0x00000012   Code   RO          416    .text               c_w.l(exit.o)
    0x0000097e   0x0000097e   0x0000000e   Code   RO          418    .text               c_w.l(defsig_rtred_outer.o)
    0x0000098c   0x0000098c   0x00000008   Code   RO          491    .text               c_w.l(libspace.o)
    0x00000994   0x00000994   0x00000002   Code   RO          494    .text               c_w.l(use_no_semi.o)
    0x00000996   0x00000996   0x00000000   Code   RO          496    .text               c_w.l(indicate_semi.o)
    0x00000996   0x00000996   0x00000002   PAD
    0x00000998   0x00000998   0x00000008   Code   RO          504    .text               c_w.l(rt_heap_descriptor_intlibspace.o)
    0x000009a0   0x000009a0   0x00000004   Code   RO          506    .text               c_w.l(hguard.o)
    0x000009a4   0x000009a4   0x0000008a   Code   RO          508    .text               c_w.l(init_alloc.o)
    0x00000a2e   0x00000a2e   0x0000005e   Code   RO          514    .text               c_w.l(h1_alloc.o)
    0x00000a8c   0x00000a8c   0x000000f8   Code   RO          530    .text               c_w.l(fseek.o)
    0x00000b84   0x00000b84   0x000000f0   Code   RO          532    .text               c_w.l(stdio.o)
    0x00000c74   0x00000c74   0x0000000a   Code   RO          538    .text               c_w.l(defsig_exit.o)
    0x00000c7e   0x00000c7e   0x00000002   PAD
    0x00000c80   0x00000c80   0x00000034   Code   RO          540    .text               c_w.l(defsig_rtred_inner.o)
    0x00000cb4   0x00000cb4   0x0000003e   Code   RO          544    .text               c_w.l(strlen.o)
    0x00000cf2   0x00000cf2   0x00000002   PAD
    0x00000cf4   0x00000cf4   0x0000000c   Code   RO          550    .text               c_w.l(sys_exit.o)
    0x00000d00   0x00000d00   0x0000000e   Code   RO          561    .text               c_w.l(h1_init.o)
    0x00000d0e   0x00000d0e   0x00000034   Code   RO          563    .text               c_w.l(h1_extend.o)
    0x00000d42   0x00000d42   0x00000042   Code   RO          573    .text               c_w.l(ftell.o)
    0x00000d84   0x00000d84   0x00000032   Code   RO          581    .text               c_w.l(defsig_general.o)
    0x00000db6   0x00000db6   0x0000000e   Code   RO          583    .text               c_w.l(defsig_rtmem_outer.o)
    0x00000dc4   0x00000dc4   0x0000000e   Code   RO          596    .text               c_w.l(sys_wrch.o)
    0x00000dd2   0x00000dd2   0x00000002   PAD
    0x00000dd4   0x00000dd4   0x00000008   Code   RO          603    .text               c_w.l(rt_errno_addr_intlibspace.o)
    0x00000ddc   0x00000ddc   0x00000050   Code   RO          609    .text               c_w.l(defsig_rtmem_inner.o)
    0x00000e2c   0x00000e2c   0x00000010   Code   RO          206    i.SystemCoreClockUpdate  system_nrf52840.o
    0x00000e3c   0x00000e3c   0x00000184   Code   RO          207    i.SystemInit        system_nrf52840.o
    0x00000fc0   0x00000fc0   0x0000001c   Code   RO          208    i.errata_103        system_nrf52840.o
    0x00000fdc   0x00000fdc   0x0000001c   Code   RO          209    i.errata_115        system_nrf52840.o
    0x00000ff8   0x00000ff8   0x0000001c   Code   RO          210    i.errata_120        system_nrf52840.o
    0x00001014   0x00001014   0x00000044   Code   RO          211    i.errata_136        system_nrf52840.o
    0x00001058   0x00001058   0x00000044   Code   RO          212    i.errata_36         system_nrf52840.o
    0x0000109c   0x0000109c   0x00000044   Code   RO          213    i.errata_66         system_nrf52840.o
    0x000010e0   0x000010e0   0x0000001c   Code   RO          214    i.errata_98         system_nrf52840.o
    0x000010fc   0x000010fc   0x0000001a   Code   RO          325    i.fputc             c_w.l(fputc.o)
    0x00001116   0x00001116   0x00000002   PAD
    0x00001118   0x00001118   0x00000028   Code   RO            1    i.main              main.o
    0x00001140   0x00001140   0x0000000a   Code   RO          548    x$fpl$fpinit        fz_wm.l(fpinit.o)
    0x0000114a   0x0000114a   0x00000002   PAD
    0x0000114c   0x0000114c   0x00000018   Data   RO           41    .constdata          eventrecorder.o
    0x00001164   0x00001164   0x00000004   Data   RO          337    .constdata          c_w.l(sys_io.o)
    0x00001168   0x00001168   0x00000004   Data   RO          338    .constdata          c_w.l(sys_io.o)
    0x0000116c   0x0000116c   0x00000004   Data   RO          339    .constdata          c_w.l(sys_io.o)
    0x00001170   0x00001170   0x00000020   Data   RO          634    Region$$Table       anon$$obj.o


    Execution Region ER_RW (Exec base: 0x20000000, Load base: 0x00001190, Size: 0x00000010, Max: 0xffffffff, ABSOLUTE)

    Exec Addr    Load Addr    Size         Type   Attr      Idx    E Section Name        Object

    0x20000000   0x00001190   0x00000004   Data   RW          215    .data               system_nrf52840.o
    0x20000004   0x00001194   0x00000004   Data   RW          300    .data               c_w.l(stdio_streams.o)
    0x20000008   0x00001198   0x00000004   Data   RW          301    .data               c_w.l(stdio_streams.o)
    0x2000000c   0x0000119c   0x00000004   Data   RW          302    .data               c_w.l(stdio_streams.o)


    Execution Region ER_ZI (Exec base: 0x20000010, Load base: 0x000011a0, Size: 0x00004618, Max: 0xffffffff, ABSOLUTE)

    Exec Addr    Load Addr    Size         Type   Attr      Idx    E Section Name        Object

    0x20000010        -       0x00000054   Zero   RW          297    .bss                c_w.l(stdio_streams.o)
    0x20000064        -       0x00000054   Zero   RW          298    .bss                c_w.l(stdio_streams.o)
    0x200000b8        -       0x00000054   Zero   RW          299    .bss                c_w.l(stdio_streams.o)
    0x2000010c        -       0x00000060   Zero   RW          492    .bss                c_w.l(libspace.o)
    0x2000016c   0x000011a0   0x00000014   PAD
    0x20000180        -       0x000004a4   Zero   RW           40    .bss.noinit         eventrecorder.o
    0x20000624   0x000011a0   0x00000004   PAD
    0x20000628        -       0x00002000   Zero   RW          197    HEAP                arm_startup_nrf52840.o
    0x20002628        -       0x00002000   Zero   RW          196    STACK               arm_startup_nrf52840.o


==============================================================================

Image component sizes


      Code (inc. data)   RO Data    RW Data    ZI Data      Debug   Object Name

        64         26        512          0      16384        940   arm_startup_nrf52840.o
         0          0         24          0       1188       7176   eventrecorder.o
        40         18          0          0          0       1963   main.o
       720         84          0          4          0       5407   system_nrf52840.o

    ----------------------------------------------------------------------
       824        128        568          4      17576      15486   Object Totals
         0          0         32          0          0          0   (incl. Generated)
         0          0          0          0          4          0   (incl. Padding)

    ----------------------------------------------------------------------

      Code (inc. data)   RO Data    RW Data    ZI Data      Debug   Library Member Name

         8          0          0          0          0         68   __main.o
        40          0          0          0          0         84   __printf_nopercent.o
         0          0          0          0          0          0   __rtentry.o
        12          0          0          0          0          0   __rtentry2.o
         6          0          0          0          0          0   __rtentry4.o
        52          8          0          0          0          0   __scatter.o
        26          0          0          0          0          0   __scatter_copy.o
        28          0          0          0          0          0   __scatter_zi.o
        48          6          0          0          0         96   _printf_char_common.o
        36          4          0          0          0         80   _printf_char_file.o
        10          0          0          0          0         68   defsig_exit.o
        50          0          0          0          0         88   defsig_general.o
        80         58          0          0          0         76   defsig_rtmem_inner.o
        14          0          0          0          0         80   defsig_rtmem_outer.o
        52         38          0          0          0         76   defsig_rtred_inner.o
        14          0          0          0          0         80   defsig_rtred_outer.o
        18          0          0          0          0         80   exit.o
        76          0          0          0          0         88   fclose.o
         8          0          0          0          0         68   ferror.o
       470          0          0          0          0         88   flsbuf.o
       236          4          0          0          0        128   fopen.o
        26          0          0          0          0         68   fputc.o
       248          6          0          0          0         84   fseek.o
        66          0          0          0          0         76   ftell.o
        94          0          0          0          0         80   h1_alloc.o
        52          0          0          0          0         68   h1_extend.o
        78          0          0          0          0         80   h1_free.o
        14          0          0          0          0         84   h1_init.o
         6          0          0          0          0        152   heapauxi.o
         4          0          0          0          0        136   hguard.o
         0          0          0          0          0          0   indicate_semi.o
       138          0          0          0          0        168   init_alloc.o
       312         46          0          0          0        112   initio.o
         2          0          0          0          0          0   libinit.o
        18          0          0          0          0          0   libinit2.o
         2          0          0          0          0          0   libshutdown.o
         6          0          0          0          0          0   libshutdown2.o
         8          4          0          0         96         68   libspace.o
         0          0          0          0          0          0   maybetermalloc1.o
        24          4          0          0          0         84   noretval__2printf.o
         8          4          0          0          0         68   rt_errno_addr_intlibspace.o
         8          4          0          0          0         68   rt_heap_descriptor_intlibspace.o
        78          0          0          0          0         80   rt_memclr_w.o
         2          0          0          0          0          0   rtexit.o
        10          0          0          0          0          0   rtexit2.o
        70          0          0          0          0         80   setvbuf.o
       240          6          0          0          0        156   stdio.o
         0          0          0         12        252          0   stdio_streams.o
        62          0          0          0          0         76   strlen.o
        12          4          0          0          0         68   sys_exit.o
       102          0         12          0          0        240   sys_io.o
        74          0          0          0          0         80   sys_stackheap_outer.o
        14          0          0          0          0         76   sys_wrch.o
         2          0          0          0          0         68   use_no_semi.o
        10          0          0          0          0        116   fpinit.o

    ----------------------------------------------------------------------
      3092        196         12         12        368       3684   Library Totals
        18          0          0          0         20          0   (incl. Padding)

    ----------------------------------------------------------------------

      Code (inc. data)   RO Data    RW Data    ZI Data      Debug   Library Name

      3064        196         12         12        348       3568   c_w.l
        10          0          0          0          0        116   fz_wm.l

    ----------------------------------------------------------------------
      3092        196         12         12        368       3684   Library Totals

    ----------------------------------------------------------------------

==============================================================================


      Code (inc. data)   RO Data    RW Data    ZI Data      Debug   

      3916        324        580         16      17944      16498   Grand Totals
      3916        324        580         16      17944      16498   ELF Image Totals
      3916        324        580         16          0          0   ROM Totals

==============================================================================

    Total RO  Size (Code + RO Data)                 4496 (   4.39kB)
    Total RW  Size (RW Data + ZI Data)             17960 (  17.54kB)
    Total ROM Size (Code + RO Data + RW Data)       4512 (   4.41kB)

==============================================================================

