<html>
<body>
<pre>
<h1>µVision Build Log</h1>
<h2>Tool Versions:</h2>
IDE-Version: µVision V5.27.1.0
Copyright (C) 2019 ARM Ltd and ARM Germany GmbH. All rights reserved.
License Information: Sharif khanznnz, Amazon, LIC=----
 
Tool Versions:
Toolchain:       MDK-Lite  Version: 5.27.1.0
Toolchain Path:  C:\Keil_v5\ARM\ARMCC\Bin
C Compiler:      Armcc.exe V5.06 update 6 (build 750)
Assembler:       Armasm.exe V5.06 update 6 (build 750)
Linker/Locator:  ArmLink.exe V5.06 update 6 (build 750)
Library Manager: ArmAr.exe V5.06 update 6 (build 750)
Hex Converter:   FromElf.exe V5.06 update 6 (build 750)
CPU DLL:         SARMCM3.DLL V5.27.1.0
Dialog DLL:      DCM.DLL V1.17.2.0
Target DLL:      UL2CM3.DLL V1.162.15.0
Dialog DLL:      TCM.DLL V1.36.1.0
 
<h2>Project:</h2>
C:\Users\khanznnz\Documents\Github\Sharif_lab126\NewRTOS_Prj\My1stRTOS_Prj.uvprojx
Project File Date:  05/01/2019

<h2>Output:</h2>
*** Using Compiler 'V5.06 update 6 (build 750)', folder: 'C:\Keil_v5\ARM\ARMCC\Bin'
Rebuild target 'nRF52840'
compiling nrf_drv_clock.c...
.\RTE\components\libraries\util\app_util.h(123): warning:  #47-D: incompatible redefinition of macro "STATIC_ASSERT_SIMPLE"  (declared at line 118)
  #define STATIC_ASSERT_SIMPLE(EXPR)      extern char (*_do_assert(void)) [sizeof(char[1 - 2*!(EXPR)])]
.\RTE\components\libraries\util\app_util.h(124): warning:  #47-D: incompatible redefinition of macro "STATIC_ASSERT_MSG"  (declared at line 119)
  #define STATIC_ASSERT_MSG(EXPR, MSG)    extern char (*_do_assert(void)) [sizeof(char[1 - 2*!(EXPR)])]
RTE\components\drivers_nrf\clock\nrf_drv_clock.c: 2 warnings, 0 errors
compiling app_timer.c...
.\RTE\components\libraries\util\app_util.h(123): warning:  #47-D: incompatible redefinition of macro "STATIC_ASSERT_SIMPLE"  (declared at line 118)
  #define STATIC_ASSERT_SIMPLE(EXPR)      extern char (*_do_assert(void)) [sizeof(char[1 - 2*!(EXPR)])]
.\RTE\components\libraries\util\app_util.h(124): warning:  #47-D: incompatible redefinition of macro "STATIC_ASSERT_MSG"  (declared at line 119)
  #define STATIC_ASSERT_MSG(EXPR, MSG)    extern char (*_do_assert(void)) [sizeof(char[1 - 2*!(EXPR)])]
RTE\components\libraries\timer\app_timer.c: 2 warnings, 0 errors
compiling main.c...
.\RTE\components\libraries\util\app_util.h(123): warning:  #47-D: incompatible redefinition of macro "STATIC_ASSERT_SIMPLE"  (declared at line 118)
  #define STATIC_ASSERT_SIMPLE(EXPR)      extern char (*_do_assert(void)) [sizeof(char[1 - 2*!(EXPR)])]
.\RTE\components\libraries\util\app_util.h(124): warning:  #47-D: incompatible redefinition of macro "STATIC_ASSERT_MSG"  (declared at line 119)
  #define STATIC_ASSERT_MSG(EXPR, MSG)    extern char (*_do_assert(void)) [sizeof(char[1 - 2*!(EXPR)])]
main.c(87): warning:  #167-D: argument of type "void (*)(void *)" is incompatible with parameter of type "TimerCallbackFunction_t"
      xLed1Handle = xTimerCreate( "L1", TIMER_PERIOD, pdTRUE, NULL, vLed1Callback );                                 // LED1 timer creation
main.c: 3 warnings, 0 errors
compiling app_error.c...
compiling nrf_balloc.c...
.\RTE\components\libraries\util\app_util.h(123): warning:  #47-D: incompatible redefinition of macro "STATIC_ASSERT_SIMPLE"  (declared at line 118)
  #define STATIC_ASSERT_SIMPLE(EXPR)      extern char (*_do_assert(void)) [sizeof(char[1 - 2*!(EXPR)])]
.\RTE\components\libraries\util\app_util.h(124): warning:  #47-D: incompatible redefinition of macro "STATIC_ASSERT_MSG"  (declared at line 119)
  #define STATIC_ASSERT_MSG(EXPR, MSG)    extern char (*_do_assert(void)) [sizeof(char[1 - 2*!(EXPR)])]
RTE\components\libraries\balloc\nrf_balloc.c: 2 warnings, 0 errors
compiling nrf_memobj.c...
.\RTE\components\libraries\util\app_util.h(123): warning:  #47-D: incompatible redefinition of macro "STATIC_ASSERT_SIMPLE"  (declared at line 118)
  #define STATIC_ASSERT_SIMPLE(EXPR)      extern char (*_do_assert(void)) [sizeof(char[1 - 2*!(EXPR)])]
.\RTE\components\libraries\util\app_util.h(124): warning:  #47-D: incompatible redefinition of macro "STATIC_ASSERT_MSG"  (declared at line 119)
  #define STATIC_ASSERT_MSG(EXPR, MSG)    extern char (*_do_assert(void)) [sizeof(char[1 - 2*!(EXPR)])]
RTE\components\libraries\experimental_memobj\nrf_memobj.c: 2 warnings, 0 errors
compiling app_util_platform.c...
compiling boards.c...
compiling nrf_drv_gpiote.c...
.\RTE\components\libraries\util\app_util.h(123): warning:  #47-D: incompatible redefinition of macro "STATIC_ASSERT_SIMPLE"  (declared at line 118)
  #define STATIC_ASSERT_SIMPLE(EXPR)      extern char (*_do_assert(void)) [sizeof(char[1 - 2*!(EXPR)])]
.\RTE\components\libraries\util\app_util.h(124): warning:  #47-D: incompatible redefinition of macro "STATIC_ASSERT_MSG"  (declared at line 119)
  #define STATIC_ASSERT_MSG(EXPR, MSG)    extern char (*_do_assert(void)) [sizeof(char[1 - 2*!(EXPR)])]
RTE\components\drivers_nrf\gpiote\nrf_drv_gpiote.c: 2 warnings, 0 errors
compiling nrf_strerror.c...
.\RTE\components\libraries\util\app_util.h(123): warning:  #47-D: incompatible redefinition of macro "STATIC_ASSERT_SIMPLE"  (declared at line 118)
  #define STATIC_ASSERT_SIMPLE(EXPR)      extern char (*_do_assert(void)) [sizeof(char[1 - 2*!(EXPR)])]
.\RTE\components\libraries\util\app_util.h(124): warning:  #47-D: incompatible redefinition of macro "STATIC_ASSERT_MSG"  (declared at line 119)
  #define STATIC_ASSERT_MSG(EXPR, MSG)    extern char (*_do_assert(void)) [sizeof(char[1 - 2*!(EXPR)])]
RTE\components\libraries\strerror\nrf_strerror.c: 2 warnings, 0 errors
compiling nrf_log_backend_rtt.c...
.\RTE\components\libraries\util\app_util.h(123): warning:  #47-D: incompatible redefinition of macro "STATIC_ASSERT_SIMPLE"  (declared at line 118)
  #define STATIC_ASSERT_SIMPLE(EXPR)      extern char (*_do_assert(void)) [sizeof(char[1 - 2*!(EXPR)])]
.\RTE\components\libraries\util\app_util.h(124): warning:  #47-D: incompatible redefinition of macro "STATIC_ASSERT_MSG"  (declared at line 119)
  #define STATIC_ASSERT_MSG(EXPR, MSG)    extern char (*_do_assert(void)) [sizeof(char[1 - 2*!(EXPR)])]
RTE\components\libraries\experimental_log\src\nrf_log_backend_rtt.c: 2 warnings, 0 errors
compiling nrf_drv_common.c...
.\RTE\components\libraries\util\app_util.h(123): warning:  #47-D: incompatible redefinition of macro "STATIC_ASSERT_SIMPLE"  (declared at line 118)
  #define STATIC_ASSERT_SIMPLE(EXPR)      extern char (*_do_assert(void)) [sizeof(char[1 - 2*!(EXPR)])]
.\RTE\components\libraries\util\app_util.h(124): warning:  #47-D: incompatible redefinition of macro "STATIC_ASSERT_MSG"  (declared at line 119)
  #define STATIC_ASSERT_MSG(EXPR, MSG)    extern char (*_do_assert(void)) [sizeof(char[1 - 2*!(EXPR)])]
RTE\components\drivers_nrf\common\nrf_drv_common.c: 2 warnings, 0 errors
compiling nrf_log_frontend.c...
.\RTE\components\libraries\util\app_util.h(123): warning:  #47-D: incompatible redefinition of macro "STATIC_ASSERT_SIMPLE"  (declared at line 118)
  #define STATIC_ASSERT_SIMPLE(EXPR)      extern char (*_do_assert(void)) [sizeof(char[1 - 2*!(EXPR)])]
.\RTE\components\libraries\util\app_util.h(124): warning:  #47-D: incompatible redefinition of macro "STATIC_ASSERT_MSG"  (declared at line 119)
  #define STATIC_ASSERT_MSG(EXPR, MSG)    extern char (*_do_assert(void)) [sizeof(char[1 - 2*!(EXPR)])]
RTE\components\libraries\experimental_log\src\nrf_log_frontend.c: 2 warnings, 0 errors
compiling app_error_weak.c...
.\RTE\components\libraries\util\app_util.h(123): warning:  #47-D: incompatible redefinition of macro "STATIC_ASSERT_SIMPLE"  (declared at line 118)
  #define STATIC_ASSERT_SIMPLE(EXPR)      extern char (*_do_assert(void)) [sizeof(char[1 - 2*!(EXPR)])]
.\RTE\components\libraries\util\app_util.h(124): warning:  #47-D: incompatible redefinition of macro "STATIC_ASSERT_MSG"  (declared at line 119)
  #define STATIC_ASSERT_MSG(EXPR, MSG)    extern char (*_do_assert(void)) [sizeof(char[1 - 2*!(EXPR)])]
RTE\components\libraries\util\app_error_weak.c: 2 warnings, 0 errors
compiling bsp.c...
.\RTE\components\libraries\util\app_util.h(123): warning:  #47-D: incompatible redefinition of macro "STATIC_ASSERT_SIMPLE"  (declared at line 118)
  #define STATIC_ASSERT_SIMPLE(EXPR)      extern char (*_do_assert(void)) [sizeof(char[1 - 2*!(EXPR)])]
.\RTE\components\libraries\util\app_util.h(124): warning:  #47-D: incompatible redefinition of macro "STATIC_ASSERT_MSG"  (declared at line 119)
  #define STATIC_ASSERT_MSG(EXPR, MSG)    extern char (*_do_assert(void)) [sizeof(char[1 - 2*!(EXPR)])]
RTE\components\libraries\bsp\bsp.c: 2 warnings, 0 errors
compiling app_button.c...
.\RTE\components\libraries\util\app_util.h(123): warning:  #47-D: incompatible redefinition of macro "STATIC_ASSERT_SIMPLE"  (declared at line 118)
  #define STATIC_ASSERT_SIMPLE(EXPR)      extern char (*_do_assert(void)) [sizeof(char[1 - 2*!(EXPR)])]
.\RTE\components\libraries\util\app_util.h(124): warning:  #47-D: incompatible redefinition of macro "STATIC_ASSERT_MSG"  (declared at line 119)
  #define STATIC_ASSERT_MSG(EXPR, MSG)    extern char (*_do_assert(void)) [sizeof(char[1 - 2*!(EXPR)])]
RTE\components\libraries\button\app_button.c: 2 warnings, 0 errors
assembling arm_startup_nrf52840.s...
compiling system_nrf52840.c...
compiling os_systick.c...
compiling freertos_evr.c...
compiling clib_arm.c...
compiling cmsis_os1.c...
compiling event_groups.c...
compiling cmsis_os2.c...
compiling heap_4.c...
compiling list.c...
compiling port.c...
compiling timers.c...
compiling queue.c...
compiling tasks.c...
linking...
.\Objects\My1stRTOS_Prj.axf: Warning: L6330W: Undefined symbol log_dynamic_data$$Base (referred from nrf_log_frontend.o). Unused section has been removed.
Program Size: Code=11504 RO-data=632 RW-data=204 ZI-data=29668  
Finished: 0 information, 1 warning and 0 error messages.
".\Objects\My1stRTOS_Prj.axf" - 0 Error(s), 28 Warning(s).

<h2>Software Packages used:</h2>

Package Vendor: ARM
                http://www.keil.com/pack/ARM.CMSIS.5.5.1.pack
                ARM.CMSIS.5.5.1
                CMSIS (Cortex Microcontroller Software Interface Standard)
   * Component: RTOS Version: 1.0.0
   * Component: RTOS2 Version: 2.1.3
   * Component: CORE Version: 5.2.0

Package Vendor: ARM
                http://www.keil.com/pack/ARM.CMSIS-FreeRTOS.10.2.0.pack
                ARM.CMSIS-FreeRTOS.10.2.0
                Bundle of FreeRTOS for Cortex-M and Cortex-A
   * Component: Config Variant: CMSIS RTOS2 Version: 10.2.0
   * Component: Core Variant: Cortex-M Version: 10.2.0
   * Component: Event Groups Version: 10.2.0
   * Component: Heap Variant: Heap_4 Version: 10.2.0
   * Component: Timers Version: 10.2.0
   * Component: FreeRTOS Version: 10.2.0
   * Component: FreeRTOS Version: 10.2.0

Package Vendor: NordicSemiconductor
                http://developer.nordicsemi.com/nRF5_SDK/pieces/nRF_DeviceFamilyPack/NordicSemiconductor.nRF_DeviceFamilyPack.8.24.1.pack
                NordicSemiconductor.nRF_DeviceFamilyPack.8.24.1
                Nordic Semiconductor nRF ARM devices Device Family Pack.
   * Component: Startup Version: 8.24.1

<h2>Collection of Component include folders:</h2>
  .\RTE\RTOS
  .\RTE\_nRF52840
  C:\Users\khanznnz\AppData\Local\Arm\Packs\ARM\CMSIS-FreeRTOS\10.2.0\CMSIS\RTOS2\FreeRTOS\Include
  C:\Users\khanznnz\AppData\Local\Arm\Packs\ARM\CMSIS-FreeRTOS\10.2.0\CMSIS\RTOS2\FreeRTOS\Include1
  C:\Users\khanznnz\AppData\Local\Arm\Packs\ARM\CMSIS-FreeRTOS\10.2.0\Source\include
  C:\Users\khanznnz\AppData\Local\Arm\Packs\ARM\CMSIS-FreeRTOS\10.2.0\Source\portable\RVDS\ARM_CM4F
  C:\Users\khanznnz\AppData\Local\Arm\Packs\ARM\CMSIS\5.5.1\CMSIS\Core\Include
  C:\Users\khanznnz\AppData\Local\Arm\Packs\ARM\CMSIS\5.5.1\CMSIS\RTOS2\Include
  C:\Users\khanznnz\AppData\Local\Arm\Packs\NordicSemiconductor\nRF_DeviceFamilyPack\8.24.1\Device\Include

<h2>Collection of Component Files used:</h2>

   * Component: ::CMSIS:RTOS:1.0.0 (API)

   * Component: ::CMSIS:RTOS2:2.1.3 (API)
      Include file:  CMSIS\RTOS2\Include\cmsis_os2.h

   * Component: ARM.FreeRTOS::RTOS:Config:CMSIS RTOS2:10.2.0
      Include file:  CMSIS\RTOS2\FreeRTOS\Config\ARMCM\FreeRTOSConfig.h

   * Component: ARM.FreeRTOS::RTOS:Core:Cortex-M:10.2.0
      Source file:   Source\tasks.c
      Source file:   Source\list.c
      Source file:   Source\portable\RVDS\ARM_CM4F\port.c
      Include file:  Source\include\task.h
      Source file:   Source\queue.c
      Include file:  Source\include\FreeRTOS.h
      Include file:  Source\include\semphr.h
      Include file:  Source\include\queue.h
      Source file:   CMSIS\RTOS2\FreeRTOS\Source\freertos_evr.c

   * Component: ARM.FreeRTOS::RTOS:Event Groups:10.2.0
      Include file:  Source\include\event_groups.h
      Source file:   Source\event_groups.c

   * Component: ARM.FreeRTOS::RTOS:Heap:Heap_4:10.2.0
      Source file:   Source\portable\MemMang\heap_4.c

   * Component: ARM.FreeRTOS::RTOS:Timers:10.2.0
      Include file:  Source\include\timers.h
      Source file:   Source\timers.c

   * Component: ARM::CMSIS:CORE:5.2.0

   * Component: ARM::CMSIS:RTOS:FreeRTOS:10.2.0
      Include file:  CMSIS\RTOS2\FreeRTOS\Include1\cmsis_os.h
      Source file:   CMSIS\RTOS2\FreeRTOS\Source\cmsis_os1.c

   * Component: ARM::CMSIS:RTOS2:FreeRTOS:10.2.0
      Source file:   CMSIS\RTOS2\FreeRTOS\Source\ARM\clib_arm.c
      Source file:   CMSIS\RTOS2\FreeRTOS\Source\cmsis_os2.c
      Source file:   CMSIS\RTOS2\FreeRTOS\Source\os_systick.c

   * Component: NordicSemiconductor::Device:Startup:8.24.1
      Source file:   Device\Source\arm\arm_startup_nrf52840.s
      Include file:  Device\Include\system_nrf52840.h
      Source file:   Device\Source\system_nrf52840.c
Build Time Elapsed:  00:00:13
</pre>
</body>
</html>
