Component: ARM Compiler 5.06 update 6 (build 750) Tool: armlink [4d35ed]

==============================================================================

Section Cross References

    main.o(i.main) refers to nrf_drv_clock.o(i.nrf_drv_clock_init) for nrf_drv_clock_init
    main.o(i.main) refers to app_error.o(i.app_error_handler_bare) for app_error_handler_bare
    main.o(i.main) refers to main.o(i.nrf_gpio_cfg_output) for nrf_gpio_cfg_output
    main.o(i.main) refers to main.o(i.nrf_gpio_pin_set) for nrf_gpio_pin_set
    main.o(i.main) refers to tasks_1.o(i.xTaskCreate) for xTaskCreate
    main.o(i.main) refers to timers_1.o(i.xTimerCreate) for xTimerCreate
    main.o(i.main) refers to tasks_1.o(i.xTaskGetTickCount) for xTaskGetTickCount
    main.o(i.main) refers to timers_1.o(i.xTimerGenericCommand) for xTimerGenericCommand
    main.o(i.main) refers to tasks_1.o(i.vTaskStartScheduler) for vTaskStartScheduler
    main.o(i.main) refers to main.o(i.vLed0Function) for vLed0Function
    main.o(i.main) refers to main.o(i.vLed1Callback) for vLed1Callback
    main.o(i.nrf_gpio_cfg_output) refers to main.o(i.nrf_gpio_pin_port_decode) for nrf_gpio_pin_port_decode
    main.o(i.nrf_gpio_pin_set) refers to main.o(i.nrf_gpio_pin_port_decode) for nrf_gpio_pin_port_decode
    main.o(i.nrf_gpio_pin_toggle) refers to main.o(i.nrf_gpio_pin_port_decode) for nrf_gpio_pin_port_decode
    main.o(i.vLed0Function) refers to main.o(i.nrf_gpio_pin_toggle) for nrf_gpio_pin_toggle
    main.o(i.vLed0Function) refers to tasks_1.o(i.vTaskDelay) for vTaskDelay
    main.o(i.vLed1Callback) refers to main.o(i.nrf_gpio_pin_toggle) for nrf_gpio_pin_toggle
    nrf_drv_clock.o(i.POWER_CLOCK_IRQHandler) refers to nrf_drv_clock.o(i.nrf_clock_event_check) for nrf_clock_event_check
    nrf_drv_clock.o(i.POWER_CLOCK_IRQHandler) refers to nrf_drv_clock.o(i.nrf_clock_event_clear) for nrf_clock_event_clear
    nrf_drv_clock.o(i.POWER_CLOCK_IRQHandler) refers to nrf_drv_clock.o(i.clock_clk_started_notify) for clock_clk_started_notify
    nrf_drv_clock.o(i.POWER_CLOCK_IRQHandler) refers to nrf_drv_clock.o(.bss) for .bss
    nrf_drv_clock.o(i.clock_clk_started_notify) refers to nrf_drv_clock.o(.bss) for .bss
    nrf_drv_clock.o(i.hfclk_stop) refers to nrf_drv_clock.o(i.nrf_clock_hf_is_running) for nrf_clock_hf_is_running
    nrf_drv_clock.o(i.hfclk_stop) refers to nrf_drv_clock.o(.bss) for .bss
    nrf_drv_clock.o(i.lfclk_stop) refers to nrf_drv_clock.o(.bss) for .bss
    nrf_drv_clock.o(i.nrf_drv_clock_hfclk_is_running) refers to nrf_drv_clock.o(i.nrf_clock_hf_is_running) for nrf_clock_hf_is_running
    nrf_drv_clock.o(i.nrf_drv_clock_hfclk_release) refers to app_util_platform.o(i.app_util_critical_region_enter) for app_util_critical_region_enter
    nrf_drv_clock.o(i.nrf_drv_clock_hfclk_release) refers to nrf_drv_clock.o(i.hfclk_stop) for hfclk_stop
    nrf_drv_clock.o(i.nrf_drv_clock_hfclk_release) refers to app_util_platform.o(i.app_util_critical_region_exit) for app_util_critical_region_exit
    nrf_drv_clock.o(i.nrf_drv_clock_hfclk_release) refers to nrf_drv_clock.o(.bss) for .bss
    nrf_drv_clock.o(i.nrf_drv_clock_hfclk_request) refers to app_util_platform.o(i.app_util_critical_region_enter) for app_util_critical_region_enter
    nrf_drv_clock.o(i.nrf_drv_clock_hfclk_request) refers to nrf_drv_clock.o(i.item_enqueue) for item_enqueue
    nrf_drv_clock.o(i.nrf_drv_clock_hfclk_request) refers to nrf_drv_clock.o(i.nrf_clock_event_clear) for nrf_clock_event_clear
    nrf_drv_clock.o(i.nrf_drv_clock_hfclk_request) refers to app_util_platform.o(i.app_util_critical_region_exit) for app_util_critical_region_exit
    nrf_drv_clock.o(i.nrf_drv_clock_hfclk_request) refers to nrf_drv_clock.o(.bss) for .bss
    nrf_drv_clock.o(i.nrf_drv_clock_init) refers to nrf_drv_common.o(i.nrf_drv_common_irq_enable) for nrf_drv_common_irq_enable
    nrf_drv_clock.o(i.nrf_drv_clock_init) refers to nrf_drv_clock.o(.bss) for .bss
    nrf_drv_clock.o(i.nrf_drv_clock_init_check) refers to nrf_drv_clock.o(.bss) for .bss
    nrf_drv_clock.o(i.nrf_drv_clock_lfclk_release) refers to app_util_platform.o(i.app_util_critical_region_enter) for app_util_critical_region_enter
    nrf_drv_clock.o(i.nrf_drv_clock_lfclk_release) refers to nrf_drv_clock.o(i.lfclk_stop) for lfclk_stop
    nrf_drv_clock.o(i.nrf_drv_clock_lfclk_release) refers to app_util_platform.o(i.app_util_critical_region_exit) for app_util_critical_region_exit
    nrf_drv_clock.o(i.nrf_drv_clock_lfclk_release) refers to nrf_drv_clock.o(.bss) for .bss
    nrf_drv_clock.o(i.nrf_drv_clock_lfclk_request) refers to app_util_platform.o(i.app_util_critical_region_enter) for app_util_critical_region_enter
    nrf_drv_clock.o(i.nrf_drv_clock_lfclk_request) refers to nrf_drv_clock.o(i.item_enqueue) for item_enqueue
    nrf_drv_clock.o(i.nrf_drv_clock_lfclk_request) refers to nrf_drv_clock.o(i.nrf_clock_event_clear) for nrf_clock_event_clear
[...]
    i.buf_prealloc                           0x00000d34   Section        0  nrf_log_frontend.o(i.buf_prealloc)
    buf_prealloc                             0x00000d35   Thumb Code    92  nrf_log_frontend.o(i.buf_prealloc)
    i.buffer_is_empty                        0x00000d94   Section        0  nrf_log_frontend.o(i.buffer_is_empty)
    i.channel_port_get                       0x00000da8   Section        0  nrf_drv_gpiote.o(i.channel_port_get)
    channel_port_get                         0x00000da9   Thumb Code    10  nrf_drv_gpiote.o(i.channel_port_get)
    i.clock_clk_started_notify               0x00000db8   Section        0  nrf_drv_clock.o(i.clock_clk_started_notify)
    clock_clk_started_notify                 0x00000db9   Thumb Code    34  nrf_drv_clock.o(i.clock_clk_started_notify)
    i.compare_reg_update                     0x00000de0   Section        0  app_timer.o(i.compare_reg_update)
    compare_reg_update                       0x00000de1   Thumb Code   160  app_timer.o(i.compare_reg_update)
    i.elapsed_ticks_acquire                  0x00000e8c   Section        0  app_timer.o(i.elapsed_ticks_acquire)
    elapsed_ticks_acquire                    0x00000e8d   Thumb Code    58  app_timer.o(i.elapsed_ticks_acquire)
    i.list_insertions_handler                0x00000ecc   Section        0  app_timer.o(i.list_insertions_handler)
    list_insertions_handler                  0x00000ecd   Thumb Code   234  app_timer.o(i.list_insertions_handler)
    i.log_skip                               0x00000fc4   Section        0  nrf_log_frontend.o(i.log_skip)
    log_skip                                 0x00000fc5   Thumb Code   138  nrf_log_frontend.o(i.log_skip)
    i.main                                   0x00001058   Section        0  main.o(i.main)
    i.memobj_op                              0x000010f8   Section        0  nrf_memobj.o(i.memobj_op)
    memobj_op                                0x000010f9   Thumb Code   118  nrf_memobj.o(i.memobj_op)
    i.nrf_atomic_flag_set                    0x0000116e   Section        0  nrf_log_frontend.o(i.nrf_atomic_flag_set)
    nrf_atomic_flag_set                      0x0000116f   Thumb Code    14  nrf_log_frontend.o(i.nrf_atomic_flag_set)
    i.nrf_balloc_alloc                       0x0000117c   Section        0  nrf_balloc.o(i.nrf_balloc_alloc)
    i.nrf_balloc_free                        0x000011ba   Section        0  nrf_balloc.o(i.nrf_balloc_free)
    i.nrf_bitmask_bit_is_set                 0x000011e4   Section        0  nrf_drv_gpiote.o(i.nrf_bitmask_bit_is_set)
    nrf_bitmask_bit_is_set                   0x000011e5   Thumb Code    16  nrf_drv_gpiote.o(i.nrf_bitmask_bit_is_set)
    i.nrf_clock_event_check                  0x000011f4   Section        0  nrf_drv_clock.o(i.nrf_clock_event_check)
    nrf_clock_event_check                    0x000011f5   Thumb Code    14  nrf_drv_clock.o(i.nrf_clock_event_check)
    i.nrf_clock_event_clear                  0x00001202   Section        0  nrf_drv_clock.o(i.nrf_clock_event_clear)
    nrf_clock_event_clear                    0x00001203   Thumb Code    16  nrf_drv_clock.o(i.nrf_clock_event_clear)
    i.nrf_delay_us                           0x00001214   Section        0  app_timer.o(i.nrf_delay_us)
    nrf_delay_us                             0x00001215   Thumb Code   132  app_timer.o(i.nrf_delay_us)
    i.nrf_drv_clock_init                     0x000012a0   Section        0  nrf_drv_clock.o(i.nrf_drv_clock_init)
    i.nrf_drv_common_irq_enable              0x000012e4   Section        0  nrf_drv_common.o(i.nrf_drv_common_irq_enable)
    i.nrf_gpio_cfg_output                    0x00001320   Section        0  main.o(i.nrf_gpio_cfg_output)
    nrf_gpio_cfg_output                      0x00001321   Thumb Code    24  main.o(i.nrf_gpio_cfg_output)
    i.nrf_gpio_cfg_sense_set                 0x00001338   Section        0  nrf_drv_gpiote.o(i.nrf_gpio_cfg_sense_set)
    nrf_gpio_cfg_sense_set                   0x00001339   Thumb Code    48  nrf_drv_gpiote.o(i.nrf_gpio_cfg_sense_set)
    i.nrf_gpio_pin_port_decode               0x00001368   Section        0  main.o(i.nrf_gpio_pin_port_decode)
    nrf_gpio_pin_port_decode                 0x00001369   Thumb Code    22  main.o(i.nrf_gpio_pin_port_decode)
    i.nrf_gpio_pin_port_decode               0x00001384   Section        0  nrf_drv_gpiote.o(i.nrf_gpio_pin_port_decode)
    nrf_gpio_pin_port_decode                 0x00001385   Thumb Code    22  nrf_drv_gpiote.o(i.nrf_gpio_pin_port_decode)
    i.nrf_gpio_pin_set                       0x000013a0   Section        0  main.o(i.nrf_gpio_pin_set)
    nrf_gpio_pin_set                         0x000013a1   Thumb Code    20  main.o(i.nrf_gpio_pin_set)
    i.nrf_gpio_pin_toggle                    0x000013b4   Section        0  main.o(i.nrf_gpio_pin_toggle)
    nrf_gpio_pin_toggle                      0x000013b5   Thumb Code    34  main.o(i.nrf_gpio_pin_toggle)
    i.nrf_gpio_ports_read                    0x000013d8   Section        0  nrf_drv_gpiote.o(i.nrf_gpio_ports_read)
    nrf_gpio_ports_read                      0x000013d9   Thumb Code    38  nrf_drv_gpiote.o(i.nrf_gpio_ports_read)
    i.nrf_gpiote_event_clear                 0x00001404   Section        0  nrf_drv_gpiote.o(i.nrf_gpiote_event_clear)
    nrf_gpiote_event_clear                   0x00001405   Thumb Code    16  nrf_drv_gpiote.o(i.nrf_gpiote_event_clear)
    i.nrf_gpiote_event_is_set                0x00001418   Section        0  nrf_drv_gpiote.o(i.nrf_gpiote_event_is_set)
    nrf_gpiote_event_is_set                  0x00001419   Thumb Code    12  nrf_drv_gpiote.o(i.nrf_gpiote_event_is_set)
    i.nrf_log_frontend_dequeue               0x00001428   Section        0  nrf_log_frontend.o(i.nrf_log_frontend_dequeue)
    i.nrf_log_frontend_std_0                 0x0000163c   Section        0  nrf_log_frontend.o(i.nrf_log_frontend_std_0)
    i.nrf_log_panic                          0x00001644   Section        0  nrf_log_frontend.o(i.nrf_log_panic)
    i.nrf_memobj_alloc                       0x0000166c   Section        0  nrf_memobj.o(i.nrf_memobj_alloc)
    i.nrf_memobj_free                        0x000016cc   Section        0  nrf_memobj.o(i.nrf_memobj_free)
    i.nrf_memobj_get                         0x000016fe   Section        0  nrf_memobj.o(i.nrf_memobj_get)
    i.nrf_memobj_put                         0x0000170c   Section        0  nrf_memobj.o(i.nrf_memobj_put)
    i.nrf_memobj_write                       0x0000172e   Section        0  nrf_memobj.o(i.nrf_memobj_write)
    i.os_kernel_is_active                    0x0000173c   Section        0  clib_arm.o(i.os_kernel_is_active)
    os_kernel_is_active                      0x0000173d   Thumb Code    28  clib_arm.o(i.os_kernel_is_active)
    i.prvAddCurrentTaskToDelayedList         0x0000175c   Section        0  tasks_1.o(i.prvAddCurrentTaskToDelayedList)
    prvAddCurrentTaskToDelayedList           0x0000175d   Thumb Code    84  tasks_1.o(i.prvAddCurrentTaskToDelayedList)
    i.prvAddNewTaskToReadyList               0x000017b8   Section        0  tasks_1.o(i.prvAddNewTaskToReadyList)
    prvAddNewTaskToReadyList                 0x000017b9   Thumb Code   190  tasks_1.o(i.prvAddNewTaskToReadyList)
    i.prvCheckForValidListAndQueue           0x00001888   Section        0  timers_1.o(i.prvCheckForValidListAndQueue)
    prvCheckForValidListAndQueue             0x00001889   Thumb Code    64  timers_1.o(i.prvCheckForValidListAndQueue)
    i.prvCopyDataFromQueue                   0x000018d0   Section        0  queue_1.o(i.prvCopyDataFromQueue)
    prvCopyDataFromQueue                     0x000018d1   Thumb Code    38  queue_1.o(i.prvCopyDataFromQueue)
    i.prvCopyDataToQueue                     0x000018f6   Section        0  queue_1.o(i.prvCopyDataToQueue)
    prvCopyDataToQueue                       0x000018f7   Thumb Code   108  queue_1.o(i.prvCopyDataToQueue)
    i.prvDeleteTCB                           0x00001962   Section        0  tasks_1.o(i.prvDeleteTCB)
    prvDeleteTCB                             0x00001963   Thumb Code    34  tasks_1.o(i.prvDeleteTCB)
    i.prvHeapInit                            0x00001984   Section        0  heap_4_1.o(i.prvHeapInit)
    prvHeapInit                              0x00001985   Thumb Code    66  heap_4_1.o(i.prvHeapInit)
    i.prvIdleTask                            0x000019d0   Section        0  tasks_1.o(i.prvIdleTask)
    prvIdleTask                              0x000019d1   Thumb Code    82  tasks_1.o(i.prvIdleTask)
    i.prvInitialiseMutex                     0x00001a30   Section        0  queue_1.o(i.prvInitialiseMutex)
    prvInitialiseMutex                       0x00001a31   Thumb Code    22  queue_1.o(i.prvInitialiseMutex)
    i.prvInitialiseNewQueue                  0x00001a48   Section        0  queue_1.o(i.prvInitialiseNewQueue)
    prvInitialiseNewQueue                    0x00001a49   Thumb Code    34  queue_1.o(i.prvInitialiseNewQueue)
    i.prvInitialiseNewTask                   0x00001a6c   Section        0  tasks_1.o(i.prvInitialiseNewTask)
    prvInitialiseNewTask                     0x00001a6d   Thumb Code   156  tasks_1.o(i.prvInitialiseNewTask)
    i.prvInitialiseNewTimer                  0x00001b08   Section        0  timers_1.o(i.prvInitialiseNewTimer)
    prvInitialiseNewTimer                    0x00001b09   Thumb Code    60  timers_1.o(i.prvInitialiseNewTimer)
    i.prvInsertBlockIntoFreeList             0x00001b44   Section        0  heap_4_1.o(i.prvInsertBlockIntoFreeList)
    prvInsertBlockIntoFreeList               0x00001b45   Thumb Code    72  heap_4_1.o(i.prvInsertBlockIntoFreeList)
    i.prvInsertTimerInActiveList             0x00001b90   Section        0  timers_1.o(i.prvInsertTimerInActiveList)
    prvInsertTimerInActiveList               0x00001b91   Thumb Code    52  timers_1.o(i.prvInsertTimerInActiveList)
    i.prvIsQueueEmpty                        0x00001bc8   Section        0  queue_1.o(i.prvIsQueueEmpty)
    prvIsQueueEmpty                          0x00001bc9   Thumb Code    28  queue_1.o(i.prvIsQueueEmpty)
    i.prvProcessReceivedCommands             0x00001be4   Section        0  timers_1.o(i.prvProcessReceivedCommands)
    prvProcessReceivedCommands               0x00001be5   Thumb Code   214  timers_1.o(i.prvProcessReceivedCommands)
    i.prvProcessTimerOrBlockTask             0x00001cc0   Section        0  timers_1.o(i.prvProcessTimerOrBlockTask)
    prvProcessTimerOrBlockTask               0x00001cc1   Thumb Code   166  timers_1.o(i.prvProcessTimerOrBlockTask)
    i.prvResetNextTaskUnblockTime            0x00001d70   Section        0  tasks_1.o(i.prvResetNextTaskUnblockTime)
    prvResetNextTaskUnblockTime              0x00001d71   Thumb Code    26  tasks_1.o(i.prvResetNextTaskUnblockTime)
    i.prvSampleTimeNow                       0x00001d90   Section        0  timers_1.o(i.prvSampleTimeNow)
    prvSampleTimeNow                         0x00001d91   Thumb Code    36  timers_1.o(i.prvSampleTimeNow)
    i.prvSwitchTimerLists                    0x00001db8   Section        0  timers_1.o(i.prvSwitchTimerLists)
    prvSwitchTimerLists                      0x00001db9   Thumb Code    86  timers_1.o(i.prvSwitchTimerLists)
    i.prvTaskExitError                       0x00001e14   Section        0  port_1.o(i.prvTaskExitError)
    prvTaskExitError                         0x00001e15   Thumb Code    16  port_1.o(i.prvTaskExitError)
    i.prvTimerTask                           0x00001e24   Section        0  timers_1.o(i.prvTimerTask)
    prvTimerTask                             0x00001e25   Thumb Code    32  timers_1.o(i.prvTimerTask)
    i.prvUnlockQueue                         0x00001e48   Section        0  queue_1.o(i.prvUnlockQueue)
    prvUnlockQueue                           0x00001e49   Thumb Code   106  queue_1.o(i.prvUnlockQueue)
    i.pvPortMalloc                           0x00001eb4   Section        0  heap_4_1.o(i.pvPortMalloc)
    i.pvTaskIncrementMutexHeldCount          0x00001f4c   Section        0  tasks_1.o(i.pvTaskIncrementMutexHeldCount)
    i.pxPortInitialiseStack                  0x00001f64   Section        0  port_1.o(i.pxPortInitialiseStack)
    i.rtc1_stop                              0x00001f90   Section        0  app_timer.o(i.rtc1_stop)
    rtc1_stop                                0x00001f91   Thumb Code    60  app_timer.o(i.rtc1_stop)
    i.std_n                                  0x00001fd4   Section        0  nrf_log_frontend.o(i.std_n)
    std_n                                    0x00001fd5   Thumb Code   140  nrf_log_frontend.o(i.std_n)
    i.timer_list_handler                     0x00002064   Section        0  app_timer.o(i.timer_list_handler)
    timer_list_handler                       0x00002065   Thumb Code   122  app_timer.o(i.timer_list_handler)
    i.timer_list_insert                      0x000020e4   Section        0  app_timer.o(i.timer_list_insert)
    timer_list_insert                        0x000020e5   Thumb Code    56  app_timer.o(i.timer_list_insert)
    i.timer_list_remove                      0x00002120   Section        0  app_timer.o(i.timer_list_remove)
    timer_list_remove                        0x00002121   Thumb Code    88  app_timer.o(i.timer_list_remove)
    i.timer_timeouts_check                   0x00002180   Section        0  app_timer.o(i.timer_timeouts_check)
    timer_timeouts_check                     0x00002181   Thumb Code   106  app_timer.o(i.timer_timeouts_check)
    i.uxListRemove                           0x000021f4   Section        0  list_1.o(i.uxListRemove)
    i.vApplicationGetIdleTaskMemory          0x0000221c   Section        0  cmsis_os2.o(i.vApplicationGetIdleTaskMemory)
    i.vApplicationGetTimerTaskMemory         0x00002230   Section        0  cmsis_os2.o(i.vApplicationGetTimerTaskMemory)
    i.vApplicationStackOverflowHook          0x00002244   Section        0  cmsis_os2.o(i.vApplicationStackOverflowHook)
    i.vLed0Function                          0x00002246   Section        0  main.o(i.vLed0Function)
    vLed0Function                            0x00002247   Thumb Code    14  main.o(i.vLed0Function)
    i.vLed1Callback                          0x00002254   Section        0  main.o(i.vLed1Callback)
    vLed1Callback                            0x00002255   Thumb Code     6  main.o(i.vLed1Callback)
    i.vListInitialise                        0x0000225a   Section        0  list_1.o(i.vListInitialise)
    i.vListInitialiseItem                    0x00002270   Section        0  list_1.o(i.vListInitialiseItem)
    i.vListInsert                            0x00002276   Section        0  list_1.o(i.vListInsert)
    i.vListInsertEnd                         0x000022a6   Section        0  list_1.o(i.vListInsertEnd)
    i.vPortEnterCritical                     0x000022c0   Section        0  port_1.o(i.vPortEnterCritical)
    i.vPortExitCritical                      0x000022dc   Section        0  port_1.o(i.vPortExitCritical)
    i.vPortFree                              0x000022f0   Section        0  heap_4_1.o(i.vPortFree)
    i.vPortSetupTimerInterrupt               0x00002330   Section        0  port_1.o(i.vPortSetupTimerInterrupt)
    i.vQueueDelete                           0x00002354   Section        0  queue_1.o(i.vQueueDelete)
    i.vQueueWaitForMessageRestricted         0x00002362   Section        0  queue_1.o(i.vQueueWaitForMessageRestricted)
    i.vTaskDelay                             0x000023a8   Section        0  tasks_1.o(i.vTaskDelay)
    i.vTaskInternalSetTimeOutState           0x000023d8   Section        0  tasks_1.o(i.vTaskInternalSetTimeOutState)
    i.vTaskMissedYield                       0x000023e8   Section        0  tasks_1.o(i.vTaskMissedYield)
    i.vTaskPlaceOnEventList                  0x000023f4   Section        0  tasks_1.o(i.vTaskPlaceOnEventList)
    i.vTaskPlaceOnEventListRestricted        0x00002414   Section        0  tasks_1.o(i.vTaskPlaceOnEventListRestricted)
    i.vTaskPriorityDisinheritAfterTimeout    0x0000243c   Section        0  tasks_1.o(i.vTaskPriorityDisinheritAfterTimeout)
    i.vTaskStartScheduler                    0x000024a4   Section        0  tasks_1.o(i.vTaskStartScheduler)
    i.vTaskSuspendAll                        0x00002518   Section        0  tasks_1.o(i.vTaskSuspendAll)
    i.vTaskSwitchContext                     0x00002528   Section        0  tasks_1.o(i.vTaskSwitchContext)
    i.xPortStartScheduler                    0x000025a4   Section        0  port_1.o(i.xPortStartScheduler)
    i.xPortSysTickHandler                    0x000025e4   Section        0  port_1.o(i.xPortSysTickHandler)
    i.xQueueCreateMutex                      0x00002610   Section        0  queue_1.o(i.xQueueCreateMutex)
    i.xQueueCreateMutexStatic                0x00002626   Section        0  queue_1.o(i.xQueueCreateMutexStatic)
    i.xQueueGenericCreate                    0x00002640   Section        0  queue_1.o(i.xQueueGenericCreate)
    i.xQueueGenericCreateStatic              0x00002676   Section        0  queue_1.o(i.xQueueGenericCreateStatic)
    i.xQueueGenericReset                     0x00002690   Section        0  queue_1.o(i.xQueueGenericReset)
    i.xQueueGenericSend                      0x00002704   Section        0  queue_1.o(i.xQueueGenericSend)
    i.xQueueGenericSendFromISR               0x000027fc   Section        0  queue_1.o(i.xQueueGenericSendFromISR)
    i.xQueueReceive                          0x00002864   Section        0  queue_1.o(i.xQueueReceive)
    i.xQueueSemaphoreTake                    0x00002954   Section        0  queue_1.o(i.xQueueSemaphoreTake)
    i.xTaskCheckForTimeOut                   0x00002a7c   Section        0  tasks_1.o(i.xTaskCheckForTimeOut)
    i.xTaskCreate                            0x00002acc   Section        0  tasks_1.o(i.xTaskCreate)
    i.xTaskCreateStatic                      0x00002b26   Section        0  tasks_1.o(i.xTaskCreateStatic)
    i.xTaskGetSchedulerState                 0x00002b5c   Section        0  tasks_1.o(i.xTaskGetSchedulerState)
    i.xTaskGetTickCount                      0x00002b78   Section        0  tasks_1.o(i.xTaskGetTickCount)
    i.xTaskIncrementTick                     0x00002b84   Section        0  tasks_1.o(i.xTaskIncrementTick)
    i.xTaskPriorityDisinherit                0x00002c34   Section        0  tasks_1.o(i.xTaskPriorityDisinherit)
    i.xTaskPriorityInherit                   0x00002c88   Section        0  tasks_1.o(i.xTaskPriorityInherit)
    i.xTaskRemoveFromEventList               0x00002d00   Section        0  tasks_1.o(i.xTaskRemoveFromEventList)
    i.xTaskResumeAll                         0x00002d5c   Section        0  tasks_1.o(i.xTaskResumeAll)
    i.xTimerCreate                           0x00002e0c   Section        0  timers_1.o(i.xTimerCreate)
    i.xTimerCreateTimerTask                  0x00002e40   Section        0  timers_1.o(i.xTimerCreateTimerTask)
    i.xTimerGenericCommand                   0x00002e94   Section        0  timers_1.o(i.xTimerGenericCommand)
    x$fpl$fpinit                             0x00002ee4   Section       10  fpinit.o(x$fpl$fpinit)
    $v0                                      0x00002ee4   Number         0  fpinit.o(x$fpl$fpinit)
    .constdata                               0x00002ef0   Section        8  nrf_drv_gpiote.o(.constdata)
    .constdata                               0x00002ef8   Section       20  nrf_log_frontend.o(.constdata)
    mempool                                  0x00002ef8   Data          20  nrf_log_frontend.o(.constdata)
    .conststrlit                             0x00002f0c   Section        6  nrf_drv_clock.o(.conststrlit)
    .conststrlit                             0x00002f14   Section        7  nrf_balloc.o(.conststrlit)
    .conststrlit                             0x00002f1c   Section        7  nrf_drv_gpiote.o(.conststrlit)
    .conststrlit                             0x00002f24   Section        4  nrf_log_frontend.o(.conststrlit)
    log_const_data_app                       0x00002f48   Section        8  nrf_log_frontend.o(log_const_data_app)
    __tagsym$$used                           0x00002f48   Number         0  nrf_log_frontend.o(log_const_data_app)
    log_const_data_balloc                    0x00002f50   Section        8  nrf_balloc.o(log_const_data_balloc)
    __tagsym$$used                           0x00002f50   Number         0  nrf_balloc.o(log_const_data_balloc)
    log_const_data_clock                     0x00002f58   Section        8  nrf_drv_clock.o(log_const_data_clock)
    __tagsym$$used                           0x00002f58   Number         0  nrf_drv_clock.o(log_const_data_clock)
    log_const_data_gpiote                    0x00002f60   Section        8  nrf_drv_gpiote.o(log_const_data_gpiote)
    __tagsym$$used                           0x00002f60   Number         0  nrf_drv_gpiote.o(log_const_data_gpiote)
    .data                                    0x20000000   Section       20  app_timer.o(.data)
    m_ticks_elapsed_q_read_ind               0x20000000   Data           1  app_timer.o(.data)
    m_ticks_elapsed_q_write_ind              0x20000001   Data           1  app_timer.o(.data)
    m_rtc1_running                           0x20000002   Data           1  app_timer.o(.data)
    m_rtc1_reset                             0x20000003   Data           1  app_timer.o(.data)
    mp_timer_id_head                         0x20000004   Data           4  app_timer.o(.data)
    m_ticks_latest                           0x20000008   Data           4  app_timer.o(.data)
    m_ticks_elapsed                          0x2000000c   Data           8  app_timer.o(.data)
    .data                                    0x20000014   Section        4  app_util_platform.o(.data)
    m_in_critical_region                     0x20000014   Data           4  app_util_platform.o(.data)
    .data                                    0x20000018   Section        8  nrf_log_frontend.o(.data)
    mempool_nrf_balloc_pool_stack            0x20000018   Data           8  nrf_log_frontend.o(.data)
    .data                                    0x20000020   Section        8  nrf_log_frontend.o(.data)
    mempool_nrf_balloc_cb                    0x20000020   Data           8  nrf_log_frontend.o(.data)
    .data                                    0x20000028   Section        1  clib_arm.o(.data)
    os_kernel_active                         0x20000028   Data           1  clib_arm.o(.data)
    .data                                    0x2000002c   Section        4  system_nrf52840.o(.data)
    __tagsym$$used                           0x2000002c   Number         0  system_nrf52840.o(.data)
    .data                                    0x20000030   Section       24  heap_4_1.o(.data)
    pxEnd                                    0x20000030   Data           4  heap_4_1.o(.data)
    xFreeBytesRemaining                      0x20000034   Data           4  heap_4_1.o(.data)
    xMinimumEverFreeBytesRemaining           0x20000038   Data           4  heap_4_1.o(.data)
    xBlockAllocatedBit                       0x2000003c   Data           4  heap_4_1.o(.data)
    xStart                                   0x20000040   Data           8  heap_4_1.o(.data)
    .data                                    0x20000048   Section        4  port_1.o(.data)
    uxCriticalNesting                        0x20000048   Data           4  port_1.o(.data)
    .data                                    0x2000004c   Section       60  tasks_1.o(.data)
    uxDeletedTasksWaitingCleanUp             0x20000050   Data           4  tasks_1.o(.data)
    uxCurrentNumberOfTasks                   0x20000054   Data           4  tasks_1.o(.data)
    xTickCount                               0x20000058   Data           4  tasks_1.o(.data)
    uxTopReadyPriority                       0x2000005c   Data           4  tasks_1.o(.data)
    xSchedulerRunning                        0x20000060   Data           4  tasks_1.o(.data)
    uxPendedTicks                            0x20000064   Data           4  tasks_1.o(.data)
    xYieldPending                            0x20000068   Data           4  tasks_1.o(.data)
    xNumOfOverflows                          0x2000006c   Data           4  tasks_1.o(.data)
    uxTaskNumber                             0x20000070   Data           4  tasks_1.o(.data)
    xNextTaskUnblockTime                     0x20000074   Data           4  tasks_1.o(.data)
    xIdleTaskHandle                          0x20000078   Data           4  tasks_1.o(.data)
    uxSchedulerSuspended                     0x2000007c   Data           4  tasks_1.o(.data)
    pxDelayedTaskList                        0x20000080   Data           4  tasks_1.o(.data)
    pxOverflowDelayedTaskList                0x20000084   Data           4  tasks_1.o(.data)
    .data                                    0x20000088   Section       20  timers_1.o(.data)
    xTimerQueue                              0x20000088   Data           4  timers_1.o(.data)
    xTimerTaskHandle                         0x2000008c   Data           4  timers_1.o(.data)
    xLastTime                                0x20000090   Data           4  timers_1.o(.data)
    pxCurrentTimerList                       0x20000094   Data           4  timers_1.o(.data)
    pxOverflowTimerList                      0x20000098   Data           4  timers_1.o(.data)
    log_dynamic_data_app                     0x2000009c   Section       12  nrf_log_frontend.o(log_dynamic_data_app)
    __tagsym$$used                           0x2000009c   Number         0  nrf_log_frontend.o(log_dynamic_data_app)
    log_dynamic_data_balloc                  0x200000a8   Section       12  nrf_balloc.o(log_dynamic_data_balloc)
    __tagsym$$used                           0x200000a8   Number         0  nrf_balloc.o(log_dynamic_data_balloc)
    log_dynamic_data_clock                   0x200000b4   Section       12  nrf_drv_clock.o(log_dynamic_data_clock)
    __tagsym$$used                           0x200000b4   Number         0  nrf_drv_clock.o(log_dynamic_data_clock)
    log_dynamic_data_gpiote                  0x200000c0   Section       12  nrf_drv_gpiote.o(log_dynamic_data_gpiote)
    __tagsym$$used                           0x200000c0   Number         0  nrf_drv_gpiote.o(log_dynamic_data_gpiote)
    .bss                                     0x200000cc   Section       20  nrf_drv_clock.o(.bss)
    m_clock_cb                               0x200000cc   Data          20  nrf_drv_clock.o(.bss)
    .bss                                     0x200000e0   Section      268  app_timer.o(.bss)
    m_op_queue                               0x200000e0   Data         268  app_timer.o(.bss)
    .bss                                     0x200001ec   Section      104  nrf_drv_gpiote.o(.bss)
    m_cb                                     0x200001ec   Data         104  nrf_drv_gpiote.o(.bss)
    .bss                                     0x20000254   Section      192  nrf_log_frontend.o(.bss)
    mempool_nrf_balloc_pool_mem              0x20000254   Data         192  nrf_log_frontend.o(.bss)
    .bss                                     0x20000314   Section     1056  nrf_log_frontend.o(.bss)
    m_log_data                               0x20000314   Data        1056  nrf_log_frontend.o(.bss)
    .bss                                     0x20000734   Section      916  clib_arm.o(.bss)
    os_libspace                              0x20000734   Data         480  clib_arm.o(.bss)
    os_libspace_id                           0x20000914   Data          16  clib_arm.o(.bss)
    clib_mutex_cb                            0x20000924   Data         400  clib_arm.o(.bss)
    clib_mutex_id                            0x20000ab4   Data          20  clib_arm.o(.bss)
    .bss                                     0x20000ac8   Section     1016  cmsis_os2.o(.bss)
    Idle_TCB                                 0x20000ac8   Data          92  cmsis_os2.o(.bss)
    Idle_Stack                               0x20000b24   Data         512  cmsis_os2.o(.bss)
    Timer_TCB                                0x20000d24   Data          92  cmsis_os2.o(.bss)
    Timer_Stack                              0x20000d80   Data         320  cmsis_os2.o(.bss)
    .bss                                     0x20000ec0   Section     8192  heap_4_1.o(.bss)
    ucHeap                                   0x20000ec0   Data        8192  heap_4_1.o(.bss)
    .bss                                     0x20002ec0   Section     1220  tasks_1.o(.bss)
    pxReadyTasksLists                        0x20002ec0   Data        1120  tasks_1.o(.bss)
    xDelayedTaskList1                        0x20003320   Data          20  tasks_1.o(.bss)
    xDelayedTaskList2                        0x20003334   Data          20  tasks_1.o(.bss)
    xPendingReadyList                        0x20003348   Data          20  tasks_1.o(.bss)
    xTasksWaitingTermination                 0x2000335c   Data          20  tasks_1.o(.bss)
    xSuspendedTaskList                       0x20003370   Data          20  tasks_1.o(.bss)
    .bss                                     0x20003384   Section      200  timers_1.o(.bss)
    xStaticTimerQueue                        0x20003384   Data          80  timers_1.o(.bss)
    ucStaticTimerQueueStorage                0x200033d4   Data          80  timers_1.o(.bss)
    xActiveTimerList1                        0x20003424   Data          20  timers_1.o(.bss)
    xActiveTimerList2                        0x20003438   Data          20  timers_1.o(.bss)
    .bss                                     0x2000344c   Section       96  libspace.o(.bss)
    HEAP                                     0x200034b0   Section     8192  arm_startup_nrf52840.o(HEAP)
    Heap_Mem                                 0x200034b0   Data        8192  arm_startup_nrf52840.o(HEAP)
    STACK                                    0x200054b0   Section     8192  arm_startup_nrf52840.o(STACK)
    Stack_Mem                                0x200054b0   Data        8192  arm_startup_nrf52840.o(STACK)
    __initial_sp                             0x200074b0   Data           0  arm_startup_nrf52840.o(STACK)

    Global Symbols

    Symbol Name                              Value     Ov Type        Size  Object(Section)

    BuildAttributes$$THM_ISAv4$E$P$D$K$B$S$7EM$VFPi3$EXTD16$VFPS$VFMA$PE$A:L22UL41UL21$X:L11$S22US41US21$IEEE1$IW$USESV6$~STKCKD$USESV7$~SHL$OSPACE$ROPI$EBA8$UX$STANDARDLIB$REQ8$PRES8$EABIv2 0x00000000   Number         0  anon$$obj.o ABSOLUTE
    __ARM_use_no_argv                        0x00000000   Number         0  main.o ABSOLUTE
    __Vectors                                0x00000000   Data           4  arm_startup_nrf52840.o(RESET)
    __ARM_exceptions_init                     - Undefined Weak Reference
    __alloca_initialize                       - Undefined Weak Reference
    __arm_preinit_                            - Undefined Weak Reference
    __cpp_initialize__aeabi_                  - Undefined Weak Reference
    __cxa_finalize                            - Undefined Weak Reference
    __rt_locale                               - Undefined Weak Reference
    __sigvec_lookup                           - Undefined Weak Reference
    _atexit_init                              - Undefined Weak Reference
    _call_atexit_fns                          - Undefined Weak Reference
    _clock_init                               - Undefined Weak Reference
    _fp_trap_init                             - Undefined Weak Reference
    _fp_trap_shutdown                         - Undefined Weak Reference
    _get_lc_collate                           - Undefined Weak Reference
    _get_lc_ctype                             - Undefined Weak Reference
    _get_lc_monetary                          - Undefined Weak Reference
    _get_lc_numeric                           - Undefined Weak Reference
    _get_lc_time                              - Undefined Weak Reference
    _getenv_init                              - Undefined Weak Reference
    _handle_redirection                       - Undefined Weak Reference
    _init_alloc                               - Undefined Weak Reference
    _init_user_alloc                          - Undefined Weak Reference
    _initio                                   - Undefined Weak Reference
    _rand_init                                - Undefined Weak Reference
    _signal_finish                            - Undefined Weak Reference
    _signal_init                              - Undefined Weak Reference
    _terminate_alloc                          - Undefined Weak Reference
    _terminate_user_alloc                     - Undefined Weak Reference
    _terminateio                              - Undefined Weak Reference
    log_const_data$$Base                      - Undefined Reference
    log_const_data$$Limit                     - Undefined Reference
    log_dynamic_data$$Base                    - Undefined Reference
    __Vectors_End                            0x00000200   Data           0  arm_startup_nrf52840.o(RESET)
    __Vectors_Size                           0x00000200   Number         0  arm_startup_nrf52840.o ABSOLUTE
    __main                                   0x00000201   Thumb Code     8  __main.o(!!!main)
    __scatterload                            0x00000209   Thumb Code     0  __scatter.o(!!!scatter)
    __scatterload_rt2                        0x00000209   Thumb Code    44  __scatter.o(!!!scatter)
    __scatterload_rt2_thumb_only             0x00000209   Thumb Code     0  __scatter.o(!!!scatter)
    __scatterload_null                       0x00000217   Thumb Code     0  __scatter.o(!!!scatter)
    __scatterload_copy                       0x0000023d   Thumb Code    26  __scatter_copy.o(!!handler_copy)
    __scatterload_zeroinit                   0x00000259   Thumb Code    28  __scatter_zi.o(!!handler_zi)
    __rt_lib_init                            0x00000275   Thumb Code     0  libinit.o(.ARM.Collect$$libinit$$00000000)
    __rt_lib_init_fp_1                       0x00000277   Thumb Code     0  libinit2.o(.ARM.Collect$$libinit$$00000001)
    __rt_lib_init_alloca_1                   0x0000027b   Thumb Code     0  libinit2.o(.ARM.Collect$$libinit$$0000002E)
    __rt_lib_init_argv_1                     0x0000027b   Thumb Code     0  libinit2.o(.ARM.Collect$$libinit$$0000002C)
    __rt_lib_init_atexit_1                   0x0000027b   Thumb Code     0  libinit2.o(.ARM.Collect$$libinit$$0000001B)
    __rt_lib_init_clock_1                    0x0000027b   Thumb Code     0  libinit2.o(.ARM.Collect$$libinit$$00000021)
    __rt_lib_init_cpp_1                      0x0000027b   Thumb Code     0  libinit2.o(.ARM.Collect$$libinit$$00000032)
    __rt_lib_init_exceptions_1               0x0000027b   Thumb Code     0  libinit2.o(.ARM.Collect$$libinit$$00000030)
    __rt_lib_init_fp_trap_1                  0x0000027b   Thumb Code     0  libinit2.o(.ARM.Collect$$libinit$$0000001F)
    __rt_lib_init_getenv_1                   0x0000027b   Thumb Code     0  libinit2.o(.ARM.Collect$$libinit$$00000023)
    __rt_lib_init_heap_1                     0x0000027b   Thumb Code     0  libinit2.o(.ARM.Collect$$libinit$$0000000A)
    __rt_lib_init_lc_collate_1               0x0000027b   Thumb Code     0  libinit2.o(.ARM.Collect$$libinit$$00000011)
    __rt_lib_init_lc_ctype_1                 0x0000027b   Thumb Code     0  libinit2.o(.ARM.Collect$$libinit$$00000013)
    __rt_lib_init_lc_monetary_1              0x0000027b   Thumb Code     0  libinit2.o(.ARM.Collect$$libinit$$00000015)
    __rt_lib_init_lc_numeric_1               0x0000027b   Thumb Code     0  libinit2.o(.ARM.Collect$$libinit$$00000017)
    __rt_lib_init_lc_time_1                  0x0000027b   Thumb Code     0  libinit2.o(.ARM.Collect$$libinit$$00000019)
    __rt_lib_init_preinit_1                  0x0000027b   Thumb Code     0  libinit2.o(.ARM.Collect$$libinit$$00000004)
    __rt_lib_init_rand_1                     0x0000027b   Thumb Code     0  libinit2.o(.ARM.Collect$$libinit$$0000000E)
    __rt_lib_init_return                     0x0000027b   Thumb Code     0  libinit2.o(.ARM.Collect$$libinit$$00000033)
    __rt_lib_init_signal_1                   0x0000027b   Thumb Code     0  libinit2.o(.ARM.Collect$$libinit$$0000001D)
    __rt_lib_init_stdio_1                    0x0000027b   Thumb Code     0  libinit2.o(.ARM.Collect$$libinit$$00000025)
    __rt_lib_init_user_alloc_1               0x0000027b   Thumb Code     0  libinit2.o(.ARM.Collect$$libinit$$0000000C)
    __rt_lib_shutdown                        0x0000027d   Thumb Code     0  libshutdown.o(.ARM.Collect$$libshutdown$$00000000)
    __rt_lib_shutdown_cpp_1                  0x0000027f   Thumb Code     0  libshutdown2.o(.ARM.Collect$$libshutdown$$00000002)
    __rt_lib_shutdown_fp_trap_1              0x0000027f   Thumb Code     0  libshutdown2.o(.ARM.Collect$$libshutdown$$00000007)
    __rt_lib_shutdown_heap_1                 0x0000027f   Thumb Code     0  libshutdown2.o(.ARM.Collect$$libshutdown$$0000000F)
    __rt_lib_shutdown_return                 0x0000027f   Thumb Code     0  libshutdown2.o(.ARM.Collect$$libshutdown$$00000010)
    __rt_lib_shutdown_signal_1               0x0000027f   Thumb Code     0  libshutdown2.o(.ARM.Collect$$libshutdown$$0000000A)
    __rt_lib_shutdown_stdio_1                0x0000027f   Thumb Code     0  libshutdown2.o(.ARM.Collect$$libshutdown$$00000004)
    __rt_lib_shutdown_user_alloc_1           0x0000027f   Thumb Code     0  libshutdown2.o(.ARM.Collect$$libshutdown$$0000000C)
    __rt_entry                               0x00000281   Thumb Code     0  __rtentry.o(.ARM.Collect$$rtentry$$00000000)
    __rt_entry_presh_1                       0x00000281   Thumb Code     0  __rtentry2.o(.ARM.Collect$$rtentry$$00000002)
    __rt_entry_sh                            0x00000281   Thumb Code     0  __rtentry4.o(.ARM.Collect$$rtentry$$00000004)
    __rt_entry_postsh_1                      0x00000287   Thumb Code     0  __rtentry2.o(.ARM.Collect$$rtentry$$00000008)
    __rt_entry_li                            0x0000028f   Thumb Code     0  __rtentry2.o(.ARM.Collect$$rtentry$$0000000A)
    __rt_entry_main                          0x00000293   Thumb Code     0  __rtentry2.o(.ARM.Collect$$rtentry$$0000000D)
    __rt_entry_postli_1                      0x00000293   Thumb Code     0  __rtentry2.o(.ARM.Collect$$rtentry$$0000000C)
    __rt_exit                                0x0000029b   Thumb Code     0  rtexit.o(.ARM.Collect$$rtexit$$00000000)
    __rt_exit_ls                             0x0000029d   Thumb Code     0  rtexit2.o(.ARM.Collect$$rtexit$$00000003)
    __rt_exit_prels_1                        0x0000029d   Thumb Code     0  rtexit2.o(.ARM.Collect$$rtexit$$00000002)
    __rt_exit_exit                           0x000002a1   Thumb Code     0  rtexit2.o(.ARM.Collect$$rtexit$$00000004)
    __asm___12_nrf_memobj_c_9bb9f865__nrf_atomic_internal_mov 0x000002a9   Thumb Code    24  nrf_memobj.o(.emb_text)
    __asm___12_nrf_memobj_c_9bb9f865__nrf_atomic_internal_orr 0x000002c1   Thumb Code    26  nrf_memobj.o(.emb_text)
    __asm___12_nrf_memobj_c_9bb9f865__nrf_atomic_internal_and 0x000002db   Thumb Code    26  nrf_memobj.o(.emb_text)
    __asm___12_nrf_memobj_c_9bb9f865__nrf_atomic_internal_eor 0x000002f5   Thumb Code    26  nrf_memobj.o(.emb_text)
    __asm___12_nrf_memobj_c_9bb9f865__nrf_atomic_internal_add 0x0000030f   Thumb Code    26  nrf_memobj.o(.emb_text)
    __asm___12_nrf_memobj_c_9bb9f865__nrf_atomic_internal_sub 0x00000329   Thumb Code    26  nrf_memobj.o(.emb_text)
    __asm___18_nrf_log_frontend_c_bc460776__nrf_atomic_internal_mov 0x00000345   Thumb Code    24  nrf_log_frontend.o(.emb_text)
    __asm___18_nrf_log_frontend_c_bc460776__nrf_atomic_internal_orr 0x0000035d   Thumb Code    26  nrf_log_frontend.o(.emb_text)
    __asm___18_nrf_log_frontend_c_bc460776__nrf_atomic_internal_and 0x00000377   Thumb Code    26  nrf_log_frontend.o(.emb_text)
    __asm___18_nrf_log_frontend_c_bc460776__nrf_atomic_internal_eor 0x00000391   Thumb Code    26  nrf_log_frontend.o(.emb_text)
    __asm___18_nrf_log_frontend_c_bc460776__nrf_atomic_internal_add 0x000003ab   Thumb Code    26  nrf_log_frontend.o(.emb_text)
    __asm___18_nrf_log_frontend_c_bc460776__nrf_atomic_internal_sub 0x000003c5   Thumb Code    26  nrf_log_frontend.o(.emb_text)
    SVC_Handler                              0x000003e1   Thumb Code    28  port_1.o(.emb_text)
    __asm___6_port_c_39a90d8d__prvStartFirstTask 0x00000401   Thumb Code    36  port_1.o(.emb_text)
    __asm___6_port_c_39a90d8d__prvEnableVFP  0x00000429   Thumb Code    16  port_1.o(.emb_text)
    PendSV_Handler                           0x0000043d   Thumb Code    88  port_1.o(.emb_text)
    vPortGetIPSR                             0x00000499   Thumb Code     6  port_1.o(.emb_text)
    Reset_Handler                            0x000004a1   Thumb Code     8  arm_startup_nrf52840.o(.text)
    NMI_Handler                              0x000004a9   Thumb Code     2  arm_startup_nrf52840.o(.text)
    HardFault_Handler                        0x000004ab   Thumb Code     2  arm_startup_nrf52840.o(.text)
    MemoryManagement_Handler                 0x000004ad   Thumb Code     2  arm_startup_nrf52840.o(.text)
    BusFault_Handler                         0x000004af   Thumb Code     2  arm_startup_nrf52840.o(.text)
    UsageFault_Handler                       0x000004b1   Thumb Code     2  arm_startup_nrf52840.o(.text)
    DebugMon_Handler                         0x000004b5   Thumb Code     2  arm_startup_nrf52840.o(.text)
    CCM_AAR_IRQHandler                       0x000004bb   Thumb Code     0  arm_startup_nrf52840.o(.text)
    COMP_LPCOMP_IRQHandler                   0x000004bb   Thumb Code     0  arm_startup_nrf52840.o(.text)
    CRYPTOCELL_IRQHandler                    0x000004bb   Thumb Code     0  arm_startup_nrf52840.o(.text)
    ECB_IRQHandler                           0x000004bb   Thumb Code     0  arm_startup_nrf52840.o(.text)
    FPU_IRQHandler                           0x000004bb   Thumb Code     0  arm_startup_nrf52840.o(.text)
    I2S_IRQHandler                           0x000004bb   Thumb Code     0  arm_startup_nrf52840.o(.text)
    MWU_IRQHandler                           0x000004bb   Thumb Code     0  arm_startup_nrf52840.o(.text)
    NFCT_IRQHandler                          0x000004bb   Thumb Code     0  arm_startup_nrf52840.o(.text)
    PDM_IRQHandler                           0x000004bb   Thumb Code     0  arm_startup_nrf52840.o(.text)
    PWM0_IRQHandler                          0x000004bb   Thumb Code     0  arm_startup_nrf52840.o(.text)
    PWM1_IRQHandler                          0x000004bb   Thumb Code     0  arm_startup_nrf52840.o(.text)
    PWM2_IRQHandler                          0x000004bb   Thumb Code     0  arm_startup_nrf52840.o(.text)
    PWM3_IRQHandler                          0x000004bb   Thumb Code     0  arm_startup_nrf52840.o(.text)
    QDEC_IRQHandler                          0x000004bb   Thumb Code     0  arm_startup_nrf52840.o(.text)
    QSPI_IRQHandler                          0x000004bb   Thumb Code     0  arm_startup_nrf52840.o(.text)
    RADIO_IRQHandler                         0x000004bb   Thumb Code     0  arm_startup_nrf52840.o(.text)
    RNG_IRQHandler                           0x000004bb   Thumb Code     0  arm_startup_nrf52840.o(.text)
    RTC0_IRQHandler                          0x000004bb   Thumb Code     0  arm_startup_nrf52840.o(.text)
    RTC2_IRQHandler                          0x000004bb   Thumb Code     0  arm_startup_nrf52840.o(.text)
    SAADC_IRQHandler                         0x000004bb   Thumb Code     0  arm_startup_nrf52840.o(.text)
    SPIM0_SPIS0_TWIM0_TWIS0_SPI0_TWI0_IRQHandler 0x000004bb   Thumb Code     0  arm_startup_nrf52840.o(.text)
    SPIM1_SPIS1_TWIM1_TWIS1_SPI1_TWI1_IRQHandler 0x000004bb   Thumb Code     0  arm_startup_nrf52840.o(.text)
    SPIM2_SPIS2_SPI2_IRQHandler              0x000004bb   Thumb Code     0  arm_startup_nrf52840.o(.text)
    SPIM3_IRQHandler                         0x000004bb   Thumb Code     0  arm_startup_nrf52840.o(.text)
    SWI1_EGU1_IRQHandler                     0x000004bb   Thumb Code     0  arm_startup_nrf52840.o(.text)
    SWI2_EGU2_IRQHandler                     0x000004bb   Thumb Code     0  arm_startup_nrf52840.o(.text)
    SWI3_EGU3_IRQHandler                     0x000004bb   Thumb Code     0  arm_startup_nrf52840.o(.text)
    SWI4_EGU4_IRQHandler                     0x000004bb   Thumb Code     0  arm_startup_nrf52840.o(.text)
    SWI5_EGU5_IRQHandler                     0x000004bb   Thumb Code     0  arm_startup_nrf52840.o(.text)
    TEMP_IRQHandler                          0x000004bb   Thumb Code     0  arm_startup_nrf52840.o(.text)
    TIMER0_IRQHandler                        0x000004bb   Thumb Code     0  arm_startup_nrf52840.o(.text)
    TIMER1_IRQHandler                        0x000004bb   Thumb Code     0  arm_startup_nrf52840.o(.text)
    TIMER2_IRQHandler                        0x000004bb   Thumb Code     0  arm_startup_nrf52840.o(.text)
    TIMER3_IRQHandler                        0x000004bb   Thumb Code     0  arm_startup_nrf52840.o(.text)
    TIMER4_IRQHandler                        0x000004bb   Thumb Code     0  arm_startup_nrf52840.o(.text)
    UARTE0_UART0_IRQHandler                  0x000004bb   Thumb Code     0  arm_startup_nrf52840.o(.text)
    UARTE1_IRQHandler                        0x000004bb   Thumb Code     0  arm_startup_nrf52840.o(.text)
    USBD_IRQHandler                          0x000004bb   Thumb Code     0  arm_startup_nrf52840.o(.text)
    WDT_IRQHandler                           0x000004bb   Thumb Code     0  arm_startup_nrf52840.o(.text)
    __user_initial_stackheap                 0x000004bd   Thumb Code    10  arm_startup_nrf52840.o(.text)
    abort                                    0x000004e1   Thumb Code    22  abort.o(.text)
    __aeabi_memcpy                           0x000004f7   Thumb Code     0  rt_memcpy_v6.o(.text)
    __rt_memcpy                              0x000004f7   Thumb Code   138  rt_memcpy_v6.o(.text)
    _memcpy_lastbytes                        0x0000055d   Thumb Code     0  rt_memcpy_v6.o(.text)
    __aeabi_memset                           0x00000581   Thumb Code    16  aeabi_memset.o(.text)
    __use_two_region_memory                  0x00000591   Thumb Code     2  heapauxi.o(.text)
    __rt_heap_escrow$2region                 0x00000593   Thumb Code     2  heapauxi.o(.text)
    __rt_heap_expand$2region                 0x00000595   Thumb Code     2  heapauxi.o(.text)
    _sys_exit                                0x00000599   Thumb Code     8  sys_exit.o(.text)
    __rt_SIGABRT                             0x000005a5   Thumb Code    14  defsig_abrt_outer.o(.text)
    __aeabi_memcpy4                          0x000005b3   Thumb Code     0  rt_memcpy_w.o(.text)
    __aeabi_memcpy8                          0x000005b3   Thumb Code     0  rt_memcpy_w.o(.text)
    __rt_memcpy_w                            0x000005b3   Thumb Code   100  rt_memcpy_w.o(.text)
    _memcpy_lastbytes_aligned                0x000005fb   Thumb Code     0  rt_memcpy_w.o(.text)
    __aeabi_memclr                           0x00000617   Thumb Code     0  rt_memclr.o(.text)
    __rt_memclr                              0x00000617   Thumb Code    68  rt_memclr.o(.text)
    _memset                                  0x0000061b   Thumb Code     0  rt_memclr.o(.text)
    __I$use$semihosting                      0x0000065b   Thumb Code     0  use_no_semi.o(.text)
    __use_no_semihosting_swi                 0x0000065b   Thumb Code     2  use_no_semi.o(.text)
    __semihosting_library_function           0x0000065d   Thumb Code     0  indicate_semi.o(.text)
    __sig_exit                               0x0000065d   Thumb Code    10  defsig_exit.o(.text)
    __rt_SIGABRT_inner                       0x00000669   Thumb Code    14  defsig_abrt_inner.o(.text)
    __aeabi_memclr4                          0x00000699   Thumb Code     0  rt_memclr_w.o(.text)
    __aeabi_memclr8                          0x00000699   Thumb Code     0  rt_memclr_w.o(.text)
    __rt_memclr_w                            0x00000699   Thumb Code    78  rt_memclr_w.o(.text)
    _memset_w                                0x0000069d   Thumb Code     0  rt_memclr_w.o(.text)
    __user_setup_stackheap                   0x000006e7   Thumb Code    74  sys_stackheap_outer.o(.text)
    exit                                     0x00000731   Thumb Code    18  exit.o(.text)
    __default_signal_display                 0x00000743   Thumb Code    50  defsig_general.o(.text)
    _ttywrch                                 0x00000775   Thumb Code    14  sys_wrch.o(.text)
    __user_libspace                          0x00000785   Thumb Code     8  libspace.o(.text)
    __user_perproc_libspace                  0x00000785   Thumb Code     0  libspace.o(.text)
    GPIOTE_IRQHandler                        0x0000078d   Thumb Code   444  nrf_drv_gpiote.o(i.GPIOTE_IRQHandler)
    POWER_CLOCK_IRQHandler                   0x00000951   Thumb Code    84  nrf_drv_clock.o(i.POWER_CLOCK_IRQHandler)
    RTC1_IRQHandler                          0x000009a9   Thumb Code    32  app_timer.o(i.RTC1_IRQHandler)
    SWI0_EGU0_IRQHandler                     0x000009cd   Thumb Code     4  app_timer.o(i.SWI0_EGU0_IRQHandler)
    SysTick_Handler                          0x000009d1   Thumb Code    26  cmsis_os2.o(i.SysTick_Handler)
    SystemInit                               0x000009ed   Thumb Code   322  system_nrf52840.o(i.SystemInit)
    _mutex_acquire                           0x00000baf   Thumb Code    28  clib_arm.o(i._mutex_acquire)
    _mutex_free                              0x00000bcd   Thumb Code    40  clib_arm.o(i._mutex_free)
    _mutex_initialize                        0x00000bf9   Thumb Code    74  clib_arm.o(i._mutex_initialize)
    _mutex_release                           0x00000c4d   Thumb Code    30  clib_arm.o(i._mutex_release)
    _platform_post_stackheap_init            0x00000c6b   Thumb Code     2  clib_arm.o(i._platform_post_stackheap_init)
    app_error_fault_handler                  0x00000c6d   Thumb Code    92  app_error_weak.o(i.app_error_fault_handler)
    app_error_handler_bare                   0x00000cf1   Thumb Code    22  app_error.o(i.app_error_handler_bare)
    app_util_critical_region_enter           0x00000d07   Thumb Code     4  app_util_platform.o(i.app_util_critical_region_enter)
    app_util_critical_region_exit            0x00000d0b   Thumb Code     4  app_util_platform.o(i.app_util_critical_region_exit)
    app_util_disable_irq                     0x00000d11   Thumb Code    12  app_util_platform.o(i.app_util_disable_irq)
    app_util_enable_irq                      0x00000d21   Thumb Code    14  app_util_platform.o(i.app_util_enable_irq)
    buffer_is_empty                          0x00000d95   Thumb Code    16  nrf_log_frontend.o(i.buffer_is_empty)
    main                                     0x00001059   Thumb Code   138  main.o(i.main)
    nrf_balloc_alloc                         0x0000117d   Thumb Code    62  nrf_balloc.o(i.nrf_balloc_alloc)
    nrf_balloc_free                          0x000011bb   Thumb Code    42  nrf_balloc.o(i.nrf_balloc_free)
    nrf_drv_clock_init                       0x000012a1   Thumb Code    58  nrf_drv_clock.o(i.nrf_drv_clock_init)
    nrf_drv_common_irq_enable                0x000012e5   Thumb Code    60  nrf_drv_common.o(i.nrf_drv_common_irq_enable)
    nrf_log_frontend_dequeue                 0x00001429   Thumb Code   520  nrf_log_frontend.o(i.nrf_log_frontend_dequeue)
    nrf_log_frontend_std_0                   0x0000163d   Thumb Code     8  nrf_log_frontend.o(i.nrf_log_frontend_std_0)
    nrf_log_panic                            0x00001645   Thumb Code    34  nrf_log_frontend.o(i.nrf_log_panic)
    nrf_memobj_alloc                         0x0000166d   Thumb Code    96  nrf_memobj.o(i.nrf_memobj_alloc)
    nrf_memobj_free                          0x000016cd   Thumb Code    50  nrf_memobj.o(i.nrf_memobj_free)
    nrf_memobj_get                           0x000016ff   Thumb Code    14  nrf_memobj.o(i.nrf_memobj_get)
    nrf_memobj_put                           0x0000170d   Thumb Code    34  nrf_memobj.o(i.nrf_memobj_put)
    nrf_memobj_write                         0x0000172f   Thumb Code    12  nrf_memobj.o(i.nrf_memobj_write)
    pvPortMalloc                             0x00001eb5   Thumb Code   148  heap_4_1.o(i.pvPortMalloc)
    pvTaskIncrementMutexHeldCount            0x00001f4d   Thumb Code    18  tasks_1.o(i.pvTaskIncrementMutexHeldCount)
    pxPortInitialiseStack                    0x00001f65   Thumb Code    40  port_1.o(i.pxPortInitialiseStack)
    uxListRemove                             0x000021f5   Thumb Code    38  list_1.o(i.uxListRemove)
    vApplicationGetIdleTaskMemory            0x0000221d   Thumb Code    16  cmsis_os2.o(i.vApplicationGetIdleTaskMemory)
    vApplicationGetTimerTaskMemory           0x00002231   Thumb Code    16  cmsis_os2.o(i.vApplicationGetTimerTaskMemory)
    vApplicationStackOverflowHook            0x00002245   Thumb Code     2  cmsis_os2.o(i.vApplicationStackOverflowHook)
    vListInitialise                          0x0000225b   Thumb Code    22  list_1.o(i.vListInitialise)
    vListInitialiseItem                      0x00002271   Thumb Code     6  list_1.o(i.vListInitialiseItem)
    vListInsert                              0x00002277   Thumb Code    48  list_1.o(i.vListInsert)
    vListInsertEnd                           0x000022a7   Thumb Code    24  list_1.o(i.vListInsertEnd)
    vPortEnterCritical                       0x000022c1   Thumb Code    24  port_1.o(i.vPortEnterCritical)
    vPortExitCritical                        0x000022dd   Thumb Code    16  port_1.o(i.vPortExitCritical)
    vPortFree                                0x000022f1   Thumb Code    58  heap_4_1.o(i.vPortFree)
    vPortSetupTimerInterrupt                 0x00002331   Thumb Code    32  port_1.o(i.vPortSetupTimerInterrupt)
    vQueueDelete                             0x00002355   Thumb Code    14  queue_1.o(i.vQueueDelete)
    vQueueWaitForMessageRestricted           0x00002363   Thumb Code    68  queue_1.o(i.vQueueWaitForMessageRestricted)
    vTaskDelay                               0x000023a9   Thumb Code    44  tasks_1.o(i.vTaskDelay)
    vTaskInternalSetTimeOutState             0x000023d9   Thumb Code    12  tasks_1.o(i.vTaskInternalSetTimeOutState)
    vTaskMissedYield                         0x000023e9   Thumb Code     8  tasks_1.o(i.vTaskMissedYield)
    vTaskPlaceOnEventList                    0x000023f5   Thumb Code    26  tasks_1.o(i.vTaskPlaceOnEventList)
    vTaskPlaceOnEventListRestricted          0x00002415   Thumb Code    34  tasks_1.o(i.vTaskPlaceOnEventListRestricted)
    vTaskPriorityDisinheritAfterTimeout      0x0000243d   Thumb Code    94  tasks_1.o(i.vTaskPriorityDisinheritAfterTimeout)
    vTaskStartScheduler                      0x000024a5   Thumb Code    98  tasks_1.o(i.vTaskStartScheduler)
    vTaskSuspendAll                          0x00002519   Thumb Code    10  tasks_1.o(i.vTaskSuspendAll)
    vTaskSwitchContext                       0x00002529   Thumb Code   114  tasks_1.o(i.vTaskSwitchContext)
    xPortStartScheduler                      0x000025a5   Thumb Code    52  port_1.o(i.xPortStartScheduler)
    xPortSysTickHandler                      0x000025e5   Thumb Code    38  port_1.o(i.xPortSysTickHandler)
    xQueueCreateMutex                        0x00002611   Thumb Code    22  queue_1.o(i.xQueueCreateMutex)
    xQueueCreateMutexStatic                  0x00002627   Thumb Code    26  queue_1.o(i.xQueueCreateMutexStatic)
    xQueueGenericCreate                      0x00002641   Thumb Code    54  queue_1.o(i.xQueueGenericCreate)
    xQueueGenericCreateStatic                0x00002677   Thumb Code    26  queue_1.o(i.xQueueGenericCreateStatic)
    xQueueGenericReset                       0x00002691   Thumb Code   112  queue_1.o(i.xQueueGenericReset)
    xQueueGenericSend                        0x00002705   Thumb Code   242  queue_1.o(i.xQueueGenericSend)
    xQueueGenericSendFromISR                 0x000027fd   Thumb Code   102  queue_1.o(i.xQueueGenericSendFromISR)
    xQueueReceive                            0x00002865   Thumb Code   236  queue_1.o(i.xQueueReceive)
    xQueueSemaphoreTake                      0x00002955   Thumb Code   292  queue_1.o(i.xQueueSemaphoreTake)
    xTaskCheckForTimeOut                     0x00002a7d   Thumb Code    76  tasks_1.o(i.xTaskCheckForTimeOut)
    xTaskCreate                              0x00002acd   Thumb Code    90  tasks_1.o(i.xTaskCreate)
    xTaskCreateStatic                        0x00002b27   Thumb Code    54  tasks_1.o(i.xTaskCreateStatic)
    xTaskGetSchedulerState                   0x00002b5d   Thumb Code    22  tasks_1.o(i.xTaskGetSchedulerState)
    xTaskGetTickCount                        0x00002b79   Thumb Code     6  tasks_1.o(i.xTaskGetTickCount)
    xTaskIncrementTick                       0x00002b85   Thumb Code   168  tasks_1.o(i.xTaskIncrementTick)
    xTaskPriorityDisinherit                  0x00002c35   Thumb Code    76  tasks_1.o(i.xTaskPriorityDisinherit)
    xTaskPriorityInherit                     0x00002c89   Thumb Code   112  tasks_1.o(i.xTaskPriorityInherit)
    xTaskRemoveFromEventList                 0x00002d01   Thumb Code    80  tasks_1.o(i.xTaskRemoveFromEventList)
    xTaskResumeAll                           0x00002d5d   Thumb Code   162  tasks_1.o(i.xTaskResumeAll)
    xTimerCreate                             0x00002e0d   Thumb Code    52  timers_1.o(i.xTimerCreate)
    xTimerCreateTimerTask                    0x00002e41   Thumb Code    66  timers_1.o(i.xTimerCreateTimerTask)
    xTimerGenericCommand                     0x00002e95   Thumb Code    74  timers_1.o(i.xTimerGenericCommand)
    _fp_init                                 0x00002ee5   Thumb Code    10  fpinit.o(x$fpl$fpinit)
    __fplib_config_fpu_vfp                   0x00002eed   Thumb Code     0  fpinit.o(x$fpl$fpinit)
    __fplib_config_pureend_doubles           0x00002eed   Thumb Code     0  fpinit.o(x$fpl$fpinit)
    Region$$Table$$Base                      0x00002f28   Number         0  anon$$obj.o(Region$$Table)
    Region$$Table$$Limit                     0x00002f48   Number         0  anon$$obj.o(Region$$Table)
    m_nrf_log_app_logs_data_const            0x00002f48   Data           8  nrf_log_frontend.o(log_const_data_app)
    m_nrf_log_balloc_logs_data_const         0x00002f50   Data           8  nrf_balloc.o(log_const_data_balloc)
    m_nrf_log_clock_logs_data_const          0x00002f58   Data           8  nrf_drv_clock.o(log_const_data_clock)
    m_nrf_log_gpiote_logs_data_const         0x00002f60   Data           8  nrf_drv_gpiote.o(log_const_data_gpiote)
    SystemCoreClock                          0x2000002c   Data           4  system_nrf52840.o(.data)
    pxCurrentTCB                             0x2000004c   Data           4  tasks_1.o(.data)
    m_nrf_log_app_logs_data_dynamic          0x2000009c   Data          12  nrf_log_frontend.o(log_dynamic_data_app)
    m_nrf_log_balloc_logs_data_dynamic       0x200000a8   Data          12  nrf_balloc.o(log_dynamic_data_balloc)
    m_nrf_log_clock_logs_data_dynamic        0x200000b4   Data          12  nrf_drv_clock.o(log_dynamic_data_clock)
    m_nrf_log_gpiote_logs_data_dynamic       0x200000c0   Data          12  nrf_drv_gpiote.o(log_dynamic_data_gpiote)
    __libspace_start                         0x2000344c   Data          96  libspace.o(.bss)
    __temporary_stack_top$libspace           0x200034ac   Data           0  libspace.o(.bss)



==============================================================================

Memory Map of the image

  Image Entry point : 0x000004a1

  Load Region LR_1 (Base: 0x00000000, Size: 0x00003034, Max: 0xffffffff, ABSOLUTE)

    Execution Region ER_RO (Exec base: 0x00000000, Load base: 0x00000000, Size: 0x00002f68, Max: 0xffffffff, ABSOLUTE)

    Exec Addr    Load Addr    Size         Type   Attr      Idx    E Section Name        Object

    0x00000000   0x00000000   0x00000200   Data   RO         2474    RESET               arm_startup_nrf52840.o
    0x00000200   0x00000200   0x00000008   Code   RO         3626  * !!!main             c_w.l(__main.o)
    0x00000208   0x00000208   0x00000034   Code   RO         3801    !!!scatter          c_w.l(__scatter.o)
    0x0000023c   0x0000023c   0x0000001a   Code   RO         3803    !!handler_copy      c_w.l(__scatter_copy.o)
    0x00000256   0x00000256   0x00000002   PAD
    0x00000258   0x00000258   0x0000001c   Code   RO         3805    !!handler_zi        c_w.l(__scatter_zi.o)
    0x00000274   0x00000274   0x00000002   Code   RO         3686    .ARM.Collect$$libinit$$00000000  c_w.l(libinit.o)
    0x00000276   0x00000276   0x00000004   Code   RO         3698    .ARM.Collect$$libinit$$00000001  c_w.l(libinit2.o)
    0x0000027a   0x0000027a   0x00000000   Code   RO         3701    .ARM.Collect$$libinit$$00000004  c_w.l(libinit2.o)
    0x0000027a   0x0000027a   0x00000000   Code   RO         3704    .ARM.Collect$$libinit$$0000000A  c_w.l(libinit2.o)
    0x0000027a   0x0000027a   0x00000000   Code   RO         3706    .ARM.Collect$$libinit$$0000000C  c_w.l(libinit2.o)
    0x0000027a   0x0000027a   0x00000000   Code   RO         3708    .ARM.Collect$$libinit$$0000000E  c_w.l(libinit2.o)
    0x0000027a   0x0000027a   0x00000000   Code   RO         3711    .ARM.Collect$$libinit$$00000011  c_w.l(libinit2.o)
    0x0000027a   0x0000027a   0x00000000   Code   RO         3713    .ARM.Collect$$libinit$$00000013  c_w.l(libinit2.o)
    0x0000027a   0x0000027a   0x00000000   Code   RO         3715    .ARM.Collect$$libinit$$00000015  c_w.l(libinit2.o)
    0x0000027a   0x0000027a   0x00000000   Code   RO         3717    .ARM.Collect$$libinit$$00000017  c_w.l(libinit2.o)
    0x0000027a   0x0000027a   0x00000000   Code   RO         3719    .ARM.Collect$$libinit$$00000019  c_w.l(libinit2.o)
    0x0000027a   0x0000027a   0x00000000   Code   RO         3721    .ARM.Collect$$libinit$$0000001B  c_w.l(libinit2.o)
    0x0000027a   0x0000027a   0x00000000   Code   RO         3723    .ARM.Collect$$libinit$$0000001D  c_w.l(libinit2.o)
    0x0000027a   0x0000027a   0x00000000   Code   RO         3725    .ARM.Collect$$libinit$$0000001F  c_w.l(libinit2.o)
    0x0000027a   0x0000027a   0x00000000   Code   RO         3727    .ARM.Collect$$libinit$$00000021  c_w.l(libinit2.o)
    0x0000027a   0x0000027a   0x00000000   Code   RO         3729    .ARM.Collect$$libinit$$00000023  c_w.l(libinit2.o)
    0x0000027a   0x0000027a   0x00000000   Code   RO         3731    .ARM.Collect$$libinit$$00000025  c_w.l(libinit2.o)
    0x0000027a   0x0000027a   0x00000000   Code   RO         3735    .ARM.Collect$$libinit$$0000002C  c_w.l(libinit2.o)
    0x0000027a   0x0000027a   0x00000000   Code   RO         3737    .ARM.Collect$$libinit$$0000002E  c_w.l(libinit2.o)
    0x0000027a   0x0000027a   0x00000000   Code   RO         3739    .ARM.Collect$$libinit$$00000030  c_w.l(libinit2.o)
    0x0000027a   0x0000027a   0x00000000   Code   RO         3741    .ARM.Collect$$libinit$$00000032  c_w.l(libinit2.o)
    0x0000027a   0x0000027a   0x00000002   Code   RO         3742    .ARM.Collect$$libinit$$00000033  c_w.l(libinit2.o)
    0x0000027c   0x0000027c   0x00000002   Code   RO         3774    .ARM.Collect$$libshutdown$$00000000  c_w.l(libshutdown.o)
    0x0000027e   0x0000027e   0x00000000   Code   RO         3784    .ARM.Collect$$libshutdown$$00000002  c_w.l(libshutdown2.o)
    0x0000027e   0x0000027e   0x00000000   Code   RO         3786    .ARM.Collect$$libshutdown$$00000004  c_w.l(libshutdown2.o)
    0x0000027e   0x0000027e   0x00000000   Code   RO         3789    .ARM.Collect$$libshutdown$$00000007  c_w.l(libshutdown2.o)
    0x0000027e   0x0000027e   0x00000000   Code   RO         3792    .ARM.Collect$$libshutdown$$0000000A  c_w.l(libshutdown2.o)
    0x0000027e   0x0000027e   0x00000000   Code   RO         3794    .ARM.Collect$$libshutdown$$0000000C  c_w.l(libshutdown2.o)
    0x0000027e   0x0000027e   0x00000000   Code   RO         3797    .ARM.Collect$$libshutdown$$0000000F  c_w.l(libshutdown2.o)
    0x0000027e   0x0000027e   0x00000002   Code   RO         3798    .ARM.Collect$$libshutdown$$00000010  c_w.l(libshutdown2.o)
    0x00000280   0x00000280   0x00000000   Code   RO         3630    .ARM.Collect$$rtentry$$00000000  c_w.l(__rtentry.o)
    0x00000280   0x00000280   0x00000000   Code   RO         3647    .ARM.Collect$$rtentry$$00000002  c_w.l(__rtentry2.o)
    0x00000280   0x00000280   0x00000006   Code   RO         3659    .ARM.Collect$$rtentry$$00000004  c_w.l(__rtentry4.o)
    0x00000286   0x00000286   0x00000008   Code   RO         3648    .ARM.Collect$$rtentry$$00000008  c_w.l(__rtentry2.o)
    0x0000028e   0x0000028e   0x00000004   Code   RO         3650    .ARM.Collect$$rtentry$$0000000A  c_w.l(__rtentry2.o)
    0x00000292   0x00000292   0x00000000   Code   RO         3652    .ARM.Collect$$rtentry$$0000000C  c_w.l(__rtentry2.o)
    0x00000292   0x00000292   0x00000008   Code   RO         3653    .ARM.Collect$$rtentry$$0000000D  c_w.l(__rtentry2.o)
    0x0000029a   0x0000029a   0x00000002   Code   RO         3692    .ARM.Collect$$rtexit$$00000000  c_w.l(rtexit.o)
    0x0000029c   0x0000029c   0x00000000   Code   RO         3744    .ARM.Collect$$rtexit$$00000002  c_w.l(rtexit2.o)
    0x0000029c   0x0000029c   0x00000004   Code   RO         3745    .ARM.Collect$$rtexit$$00000003  c_w.l(rtexit2.o)
    0x000002a0   0x000002a0   0x00000006   Code   RO         3746    .ARM.Collect$$rtexit$$00000004  c_w.l(rtexit2.o)
    0x000002a6   0x000002a6   0x00000002   PAD
    0x000002a8   0x000002a8   0x0000009a   Code   RO          904    .emb_text           nrf_memobj.o
    0x00000342   0x00000342   0x00000002   PAD
    0x00000344   0x00000344   0x0000009a   Code   RO         1591    .emb_text           nrf_log_frontend.o
    0x000003de   0x000003de   0x00000002   PAD
    0x000003e0   0x000003e0   0x000000be   Code   RO         2770    .emb_text           port_1.o
    0x0000049e   0x0000049e   0x00000002   PAD
    0x000004a0   0x000004a0   0x00000040   Code   RO         2475  * .text               arm_startup_nrf52840.o
    0x000004e0   0x000004e0   0x00000016   Code   RO         3614    .text               c_w.l(abort.o)
    0x000004f6   0x000004f6   0x0000008a   Code   RO         3620    .text               c_w.l(rt_memcpy_v6.o)
    0x00000580   0x00000580   0x00000010   Code   RO         3622    .text               c_w.l(aeabi_memset.o)
    0x00000590   0x00000590   0x00000006   Code   RO         3624    .text               c_w.l(heapauxi.o)
    0x00000596   0x00000596   0x00000002   PAD
    0x00000598   0x00000598   0x0000000c   Code   RO         3628    .text               c_w.l(sys_exit.o)
    0x000005a4   0x000005a4   0x0000000e   Code   RO         3635    .text               c_w.l(defsig_abrt_outer.o)
    0x000005b2   0x000005b2   0x00000064   Code   RO         3639    .text               c_w.l(rt_memcpy_w.o)
    0x00000616   0x00000616   0x00000044   Code   RO         3641    .text               c_w.l(rt_memclr.o)
    0x0000065a   0x0000065a   0x00000002   Code   RO         3643    .text               c_w.l(use_no_semi.o)
    0x0000065c   0x0000065c   0x00000000   Code   RO         3645    .text               c_w.l(indicate_semi.o)
    0x0000065c   0x0000065c   0x0000000a   Code   RO         3665    .text               c_w.l(defsig_exit.o)
    0x00000666   0x00000666   0x00000002   PAD
    0x00000668   0x00000668   0x00000030   Code   RO         3667    .text               c_w.l(defsig_abrt_inner.o)
    0x00000698   0x00000698   0x0000004e   Code   RO         3669    .text               c_w.l(rt_memclr_w.o)
    0x000006e6   0x000006e6   0x0000004a   Code   RO         3671    .text               c_w.l(sys_stackheap_outer.o)
    0x00000730   0x00000730   0x00000012   Code   RO         3673    .text               c_w.l(exit.o)
    0x00000742   0x00000742   0x00000032   Code   RO         3677    .text               c_w.l(defsig_general.o)
    0x00000774   0x00000774   0x0000000e   Code   RO         3687    .text               c_w.l(sys_wrch.o)
    0x00000782   0x00000782   0x00000002   PAD
    0x00000784   0x00000784   0x00000008   Code   RO         3689    .text               c_w.l(libspace.o)
    0x0000078c   0x0000078c   0x000001c4   Code   RO         1170    i.GPIOTE_IRQHandler  nrf_drv_gpiote.o
    0x00000950   0x00000950   0x00000058   Code   RO          224    i.POWER_CLOCK_IRQHandler  nrf_drv_clock.o
    0x000009a8   0x000009a8   0x00000024   Code   RO          672    i.RTC1_IRQHandler   app_timer.o
    0x000009cc   0x000009cc   0x00000004   Code   RO          673    i.SWI0_EGU0_IRQHandler  app_timer.o
    0x000009d0   0x000009d0   0x0000001a   Code   RO         1951    i.SysTick_Handler   cmsis_os2.o
    0x000009ea   0x000009ea   0x00000002   PAD
    0x000009ec   0x000009ec   0x00000174   Code   RO         2483    i.SystemInit        system_nrf52840.o
    0x00000b60   0x00000b60   0x0000001a   Code   RO          674    i.__NVIC_ClearPendingIRQ  app_timer.o
    0x00000b7a   0x00000b7a   0x0000001a   Code   RO          675    i.__NVIC_EnableIRQ  app_timer.o
    0x00000b94   0x00000b94   0x0000001a   Code   RO          676    i.__NVIC_SetPendingIRQ  app_timer.o
    0x00000bae   0x00000bae   0x0000001c   Code   RO         1788    i._mutex_acquire    clib_arm.o
    0x00000bca   0x00000bca   0x00000002   PAD
    0x00000bcc   0x00000bcc   0x0000002c   Code   RO         1789    i._mutex_free       clib_arm.o
    0x00000bf8   0x00000bf8   0x00000054   Code   RO         1790    i._mutex_initialize  clib_arm.o
    0x00000c4c   0x00000c4c   0x0000001e   Code   RO         1791    i._mutex_release    clib_arm.o
    0x00000c6a   0x00000c6a   0x00000002   Code   RO         1792    i._platform_post_stackheap_init  clib_arm.o
    0x00000c6c   0x00000c6c   0x00000084   Code   RO         1513    i.app_error_fault_handler  app_error_weak.o
    0x00000cf0   0x00000cf0   0x00000016   Code   RO          852    i.app_error_handler_bare  app_error.o
    0x00000d06   0x00000d06   0x00000004   Code   RO         1438    i.app_util_critical_region_enter  app_util_platform.o
    0x00000d0a   0x00000d0a   0x00000004   Code   RO         1439    i.app_util_critical_region_exit  app_util_platform.o
    0x00000d0e   0x00000d0e   0x00000002   PAD
    0x00000d10   0x00000d10   0x00000010   Code   RO         1440    i.app_util_disable_irq  app_util_platform.o
    0x00000d20   0x00000d20   0x00000014   Code   RO         1441    i.app_util_enable_irq  app_util_platform.o
    0x00000d34   0x00000d34   0x00000060   Code   RO         1592    i.buf_prealloc      nrf_log_frontend.o
    0x00000d94   0x00000d94   0x00000014   Code   RO         1593    i.buffer_is_empty   nrf_log_frontend.o
    0x00000da8   0x00000da8   0x00000010   Code   RO         1173    i.channel_port_get  nrf_drv_gpiote.o
    0x00000db8   0x00000db8   0x00000028   Code   RO          225    i.clock_clk_started_notify  nrf_drv_clock.o
    0x00000de0   0x00000de0   0x000000ac   Code   RO          687    i.compare_reg_update  app_timer.o
    0x00000e8c   0x00000e8c   0x00000040   Code   RO          688    i.elapsed_ticks_acquire  app_timer.o
    0x00000ecc   0x00000ecc   0x000000f8   Code   RO          689    i.list_insertions_handler  app_timer.o
    0x00000fc4   0x00000fc4   0x00000094   Code   RO         1595    i.log_skip          nrf_log_frontend.o
    0x00001058   0x00001058   0x000000a0   Code   RO            5    i.main              main.o
    0x000010f8   0x000010f8   0x00000076   Code   RO          905    i.memobj_op         nrf_memobj.o
    0x0000116e   0x0000116e   0x0000000e   Code   RO         1597    i.nrf_atomic_flag_set  nrf_log_frontend.o
    0x0000117c   0x0000117c   0x0000003e   Code   RO          998    i.nrf_balloc_alloc  nrf_balloc.o
    0x000011ba   0x000011ba   0x0000002a   Code   RO          999    i.nrf_balloc_free   nrf_balloc.o
    0x000011e4   0x000011e4   0x00000010   Code   RO         1174    i.nrf_bitmask_bit_is_set  nrf_drv_gpiote.o
    0x000011f4   0x000011f4   0x0000000e   Code   RO          229    i.nrf_clock_event_check  nrf_drv_clock.o
    0x00001202   0x00001202   0x00000010   Code   RO          230    i.nrf_clock_event_clear  nrf_drv_clock.o
    0x00001212   0x00001212   0x00000002   PAD
    0x00001214   0x00001214   0x0000008c   Code   RO          690    i.nrf_delay_us      app_timer.o
    0x000012a0   0x000012a0   0x00000044   Code   RO          237    i.nrf_drv_clock_init  nrf_drv_clock.o
    0x000012e4   0x000012e4   0x0000003c   Code   RO          406    i.nrf_drv_common_irq_enable  nrf_drv_common.o
    0x00001320   0x00001320   0x00000018   Code   RO            6    i.nrf_gpio_cfg_output  main.o
    0x00001338   0x00001338   0x00000030   Code   RO         1200    i.nrf_gpio_cfg_sense_set  nrf_drv_gpiote.o
    0x00001368   0x00001368   0x0000001c   Code   RO            7    i.nrf_gpio_pin_port_decode  main.o
    0x00001384   0x00001384   0x0000001c   Code   RO         1202    i.nrf_gpio_pin_port_decode  nrf_drv_gpiote.o
    0x000013a0   0x000013a0   0x00000014   Code   RO            8    i.nrf_gpio_pin_set  main.o
    0x000013b4   0x000013b4   0x00000022   Code   RO            9    i.nrf_gpio_pin_toggle  main.o
    0x000013d6   0x000013d6   0x00000002   PAD
    0x000013d8   0x000013d8   0x0000002c   Code   RO         1205    i.nrf_gpio_ports_read  nrf_drv_gpiote.o
    0x00001404   0x00001404   0x00000014   Code   RO         1206    i.nrf_gpiote_event_clear  nrf_drv_gpiote.o
    0x00001418   0x00001418   0x00000010   Code   RO         1207    i.nrf_gpiote_event_is_set  nrf_drv_gpiote.o
    0x00001428   0x00001428   0x00000214   Code   RO         1601    i.nrf_log_frontend_dequeue  nrf_log_frontend.o
    0x0000163c   0x0000163c   0x00000008   Code   RO         1603    i.nrf_log_frontend_std_0  nrf_log_frontend.o
    0x00001644   0x00001644   0x00000028   Code   RO         1615    i.nrf_log_panic     nrf_log_frontend.o
    0x0000166c   0x0000166c   0x00000060   Code   RO          906    i.nrf_memobj_alloc  nrf_memobj.o
    0x000016cc   0x000016cc   0x00000032   Code   RO          907    i.nrf_memobj_free   nrf_memobj.o
    0x000016fe   0x000016fe   0x0000000e   Code   RO          908    i.nrf_memobj_get    nrf_memobj.o
    0x0000170c   0x0000170c   0x00000022   Code   RO          910    i.nrf_memobj_put    nrf_memobj.o
    0x0000172e   0x0000172e   0x0000000c   Code   RO          912    i.nrf_memobj_write  nrf_memobj.o
    0x0000173a   0x0000173a   0x00000002   PAD
    0x0000173c   0x0000173c   0x00000020   Code   RO         1793    i.os_kernel_is_active  clib_arm.o
    0x0000175c   0x0000175c   0x0000005c   Code   RO         3080    i.prvAddCurrentTaskToDelayedList  tasks_1.o
    0x000017b8   0x000017b8   0x000000d0   Code   RO         3081    i.prvAddNewTaskToReadyList  tasks_1.o
    0x00001888   0x00001888   0x00000048   Code   RO         3454    i.prvCheckForValidListAndQueue  timers_1.o
    0x000018d0   0x000018d0   0x00000026   Code   RO         2853    i.prvCopyDataFromQueue  queue_1.o
    0x000018f6   0x000018f6   0x0000006c   Code   RO         2854    i.prvCopyDataToQueue  queue_1.o
    0x00001962   0x00001962   0x00000022   Code   RO         3082    i.prvDeleteTCB      tasks_1.o
    0x00001984   0x00001984   0x0000004c   Code   RO         2709    i.prvHeapInit       heap_4_1.o
    0x000019d0   0x000019d0   0x00000060   Code   RO         3083    i.prvIdleTask       tasks_1.o
    0x00001a30   0x00001a30   0x00000016   Code   RO         2855    i.prvInitialiseMutex  queue_1.o
    0x00001a46   0x00001a46   0x00000002   PAD
    0x00001a48   0x00001a48   0x00000022   Code   RO         2856    i.prvInitialiseNewQueue  queue_1.o
    0x00001a6a   0x00001a6a   0x00000002   PAD
    0x00001a6c   0x00001a6c   0x0000009c   Code   RO         3084    i.prvInitialiseNewTask  tasks_1.o
    0x00001b08   0x00001b08   0x0000003c   Code   RO         3455    i.prvInitialiseNewTimer  timers_1.o
    0x00001b44   0x00001b44   0x0000004c   Code   RO         2710    i.prvInsertBlockIntoFreeList  heap_4_1.o
    0x00001b90   0x00001b90   0x00000038   Code   RO         3456    i.prvInsertTimerInActiveList  timers_1.o
    0x00001bc8   0x00001bc8   0x0000001c   Code   RO         2857    i.prvIsQueueEmpty   queue_1.o
    0x00001be4   0x00001be4   0x000000dc   Code   RO         3457    i.prvProcessReceivedCommands  timers_1.o
    0x00001cc0   0x00001cc0   0x000000b0   Code   RO         3458    i.prvProcessTimerOrBlockTask  timers_1.o
    0x00001d70   0x00001d70   0x00000020   Code   RO         3086    i.prvResetNextTaskUnblockTime  tasks_1.o
    0x00001d90   0x00001d90   0x00000028   Code   RO         3459    i.prvSampleTimeNow  timers_1.o
    0x00001db8   0x00001db8   0x0000005c   Code   RO         3460    i.prvSwitchTimerLists  timers_1.o
    0x00001e14   0x00001e14   0x00000010   Code   RO         2771    i.prvTaskExitError  port_1.o
    0x00001e24   0x00001e24   0x00000024   Code   RO         3461    i.prvTimerTask      timers_1.o
    0x00001e48   0x00001e48   0x0000006a   Code   RO         2858    i.prvUnlockQueue    queue_1.o
    0x00001eb2   0x00001eb2   0x00000002   PAD
    0x00001eb4   0x00001eb4   0x00000098   Code   RO         2711    i.pvPortMalloc      heap_4_1.o
    0x00001f4c   0x00001f4c   0x00000018   Code   RO         3089    i.pvTaskIncrementMutexHeldCount  tasks_1.o
    0x00001f64   0x00001f64   0x0000002c   Code   RO         2772    i.pxPortInitialiseStack  port_1.o
    0x00001f90   0x00001f90   0x00000044   Code   RO          691    i.rtc1_stop         app_timer.o
    0x00001fd4   0x00001fd4   0x00000090   Code   RO         1617    i.std_n             nrf_log_frontend.o
    0x00002064   0x00002064   0x00000080   Code   RO          692    i.timer_list_handler  app_timer.o
    0x000020e4   0x000020e4   0x0000003c   Code   RO          693    i.timer_list_insert  app_timer.o
    0x00002120   0x00002120   0x00000060   Code   RO          694    i.timer_list_remove  app_timer.o
    0x00002180   0x00002180   0x00000074   Code   RO          696    i.timer_timeouts_check  app_timer.o
    0x000021f4   0x000021f4   0x00000026   Code   RO         2658    i.uxListRemove      list_1.o
    0x0000221a   0x0000221a   0x00000002   PAD
    0x0000221c   0x0000221c   0x00000014   Code   RO         2015    i.vApplicationGetIdleTaskMemory  cmsis_os2.o
    0x00002230   0x00002230   0x00000014   Code   RO         2016    i.vApplicationGetTimerTaskMemory  cmsis_os2.o
    0x00002244   0x00002244   0x00000002   Code   RO         2017    i.vApplicationStackOverflowHook  cmsis_os2.o
    0x00002246   0x00002246   0x0000000e   Code   RO           10    i.vLed0Function     main.o
    0x00002254   0x00002254   0x00000006   Code   RO           11    i.vLed1Callback     main.o
    0x0000225a   0x0000225a   0x00000016   Code   RO         2659    i.vListInitialise   list_1.o
    0x00002270   0x00002270   0x00000006   Code   RO         2660    i.vListInitialiseItem  list_1.o
    0x00002276   0x00002276   0x00000030   Code   RO         2661    i.vListInsert       list_1.o
    0x000022a6   0x000022a6   0x00000018   Code   RO         2662    i.vListInsertEnd    list_1.o
    0x000022be   0x000022be   0x00000002   PAD
    0x000022c0   0x000022c0   0x0000001c   Code   RO         2774    i.vPortEnterCritical  port_1.o
    0x000022dc   0x000022dc   0x00000014   Code   RO         2775    i.vPortExitCritical  port_1.o
    0x000022f0   0x000022f0   0x00000040   Code   RO         2712    i.vPortFree         heap_4_1.o
    0x00002330   0x00002330   0x00000024   Code   RO         2776    i.vPortSetupTimerInterrupt  port_1.o
    0x00002354   0x00002354   0x0000000e   Code   RO         2864    i.vQueueDelete      queue_1.o
    0x00002362   0x00002362   0x00000044   Code   RO         2866    i.vQueueWaitForMessageRestricted  queue_1.o
    0x000023a6   0x000023a6   0x00000002   PAD
    0x000023a8   0x000023a8   0x00000030   Code   RO         3098    i.vTaskDelay        tasks_1.o
    0x000023d8   0x000023d8   0x00000010   Code   RO         3103    i.vTaskInternalSetTimeOutState  tasks_1.o
    0x000023e8   0x000023e8   0x0000000c   Code   RO         3104    i.vTaskMissedYield  tasks_1.o
    0x000023f4   0x000023f4   0x00000020   Code   RO         3106    i.vTaskPlaceOnEventList  tasks_1.o
    0x00002414   0x00002414   0x00000028   Code   RO         3107    i.vTaskPlaceOnEventListRestricted  tasks_1.o
    0x0000243c   0x0000243c   0x00000068   Code   RO         3109    i.vTaskPriorityDisinheritAfterTimeout  tasks_1.o
    0x000024a4   0x000024a4   0x00000074   Code   RO         3115    i.vTaskStartScheduler  tasks_1.o
    0x00002518   0x00002518   0x00000010   Code   RO         3117    i.vTaskSuspendAll   tasks_1.o
    0x00002528   0x00002528   0x0000007c   Code   RO         3118    i.vTaskSwitchContext  tasks_1.o
    0x000025a4   0x000025a4   0x00000040   Code   RO         2777    i.xPortStartScheduler  port_1.o
    0x000025e4   0x000025e4   0x0000002c   Code   RO         2778    i.xPortSysTickHandler  port_1.o
    0x00002610   0x00002610   0x00000016   Code   RO         2869    i.xQueueCreateMutex  queue_1.o
    0x00002626   0x00002626   0x0000001a   Code   RO         2870    i.xQueueCreateMutexStatic  queue_1.o
    0x00002640   0x00002640   0x00000036   Code   RO         2871    i.xQueueGenericCreate  queue_1.o
    0x00002676   0x00002676   0x0000001a   Code   RO         2872    i.xQueueGenericCreateStatic  queue_1.o
    0x00002690   0x00002690   0x00000074   Code   RO         2873    i.xQueueGenericReset  queue_1.o
    0x00002704   0x00002704   0x000000f8   Code   RO         2874    i.xQueueGenericSend  queue_1.o
    0x000027fc   0x000027fc   0x00000066   Code   RO         2875    i.xQueueGenericSendFromISR  queue_1.o
    0x00002862   0x00002862   0x00000002   PAD
    0x00002864   0x00002864   0x000000f0   Code   RO         2884    i.xQueueReceive     queue_1.o
    0x00002954   0x00002954   0x00000128   Code   RO         2886    i.xQueueSemaphoreTake  queue_1.o
    0x00002a7c   0x00002a7c   0x00000050   Code   RO         3119    i.xTaskCheckForTimeOut  tasks_1.o
    0x00002acc   0x00002acc   0x0000005a   Code   RO         3120    i.xTaskCreate       tasks_1.o
    0x00002b26   0x00002b26   0x00000036   Code   RO         3121    i.xTaskCreateStatic  tasks_1.o
    0x00002b5c   0x00002b5c   0x0000001c   Code   RO         3125    i.xTaskGetSchedulerState  tasks_1.o
    0x00002b78   0x00002b78   0x0000000c   Code   RO         3126    i.xTaskGetTickCount  tasks_1.o
    0x00002b84   0x00002b84   0x000000b0   Code   RO         3128    i.xTaskIncrementTick  tasks_1.o
    0x00002c34   0x00002c34   0x00000054   Code   RO         3131    i.xTaskPriorityDisinherit  tasks_1.o
    0x00002c88   0x00002c88   0x00000078   Code   RO         3132    i.xTaskPriorityInherit  tasks_1.o
    0x00002d00   0x00002d00   0x0000005c   Code   RO         3133    i.xTaskRemoveFromEventList  tasks_1.o
    0x00002d5c   0x00002d5c   0x000000b0   Code   RO         3134    i.xTaskResumeAll    tasks_1.o
    0x00002e0c   0x00002e0c   0x00000034   Code   RO         3467    i.xTimerCreate      timers_1.o
    0x00002e40   0x00002e40   0x00000054   Code   RO         3469    i.xTimerCreateTimerTask  timers_1.o
    0x00002e94   0x00002e94   0x00000050   Code   RO         3470    i.xTimerGenericCommand  timers_1.o
    0x00002ee4   0x00002ee4   0x0000000a   Code   RO         3766    x$fpl$fpinit        fz_wm.l(fpinit.o)
    0x00002eee   0x00002eee   0x00000002   PAD
    0x00002ef0   0x00002ef0   0x00000008   Data   RO         1211    .constdata          nrf_drv_gpiote.o
    0x00002ef8   0x00002ef8   0x00000014   Data   RO         1620    .constdata          nrf_log_frontend.o
    0x00002f0c   0x00002f0c   0x00000006   Data   RO          249    .conststrlit        nrf_drv_clock.o
    0x00002f12   0x00002f12   0x00000002   PAD
    0x00002f14   0x00002f14   0x00000007   Data   RO         1001    .conststrlit        nrf_balloc.o
    0x00002f1b   0x00002f1b   0x00000001   PAD
    0x00002f1c   0x00002f1c   0x00000007   Data   RO         1215    .conststrlit        nrf_drv_gpiote.o
    0x00002f23   0x00002f23   0x00000001   PAD
    0x00002f24   0x00002f24   0x00000004   Data   RO         1622    .conststrlit        nrf_log_frontend.o
    0x00002f28   0x00002f28   0x00000020   Data   RO         3799    Region$$Table       anon$$obj.o
    0x00002f48   0x00002f48   0x00000008   Data   RO         1626    log_const_data_app  nrf_log_frontend.o
    0x00002f50   0x00002f50   0x00000008   Data   RO         1002    log_const_data_balloc  nrf_balloc.o
    0x00002f58   0x00002f58   0x00000008   Data   RO          250    log_const_data_clock  nrf_drv_clock.o
    0x00002f60   0x00002f60   0x00000008   Data   RO         1216    log_const_data_gpiote  nrf_drv_gpiote.o


    Execution Region ER_RW (Exec base: 0x20000000, Load base: 0x00002f68, Size: 0x000000cc, Max: 0xffffffff, ABSOLUTE)

    Exec Addr    Load Addr    Size         Type   Attr      Idx    E Section Name        Object

    0x20000000   0x00002f68   0x00000014   Data   RW          699    .data               app_timer.o
    0x20000014   0x00002f7c   0x00000004   Data   RW         1444    .data               app_util_platform.o
    0x20000018   0x00002f80   0x00000008   Data   RW         1624    .data               nrf_log_frontend.o
    0x20000020   0x00002f88   0x00000008   Data   RW         1625    .data               nrf_log_frontend.o
    0x20000028   0x00002f90   0x00000001   Data   RW         1795    .data               clib_arm.o
    0x20000029   0x00002f91   0x00000003   PAD
    0x2000002c   0x00002f94   0x00000004   Data   RW         2484    .data               system_nrf52840.o
    0x20000030   0x00002f98   0x00000018   Data   RW         2717    .data               heap_4_1.o
    0x20000048   0x00002fb0   0x00000004   Data   RW         2779    .data               port_1.o
    0x2000004c   0x00002fb4   0x0000003c   Data   RW         3137    .data               tasks_1.o
    0x20000088   0x00002ff0   0x00000014   Data   RW         3478    .data               timers_1.o
    0x2000009c   0x00003004   0x0000000c   Data   RW         1627    log_dynamic_data_app  nrf_log_frontend.o
    0x200000a8   0x00003010   0x0000000c   Data   RW         1003    log_dynamic_data_balloc  nrf_balloc.o
    0x200000b4   0x0000301c   0x0000000c   Data   RW          251    log_dynamic_data_clock  nrf_drv_clock.o
    0x200000c0   0x00003028   0x0000000c   Data   RW         1217    log_dynamic_data_gpiote  nrf_drv_gpiote.o


    Execution Region ER_ZI (Exec base: 0x200000cc, Load base: 0x00003034, Size: 0x000073e4, Max: 0xffffffff, ABSOLUTE)

    Exec Addr    Load Addr    Size         Type   Attr      Idx    E Section Name        Object

    0x200000cc        -       0x00000014   Zero   RW          244    .bss                nrf_drv_clock.o
    0x200000e0        -       0x0000010c   Zero   RW          698    .bss                app_timer.o
    0x200001ec        -       0x00000068   Zero   RW         1210    .bss                nrf_drv_gpiote.o
    0x20000254        -       0x000000c0   Zero   RW         1618    .bss                nrf_log_frontend.o
    0x20000314        -       0x00000420   Zero   RW         1619    .bss                nrf_log_frontend.o
    0x20000734        -       0x00000394   Zero   RW         1794    .bss                clib_arm.o
    0x20000ac8        -       0x000003f8   Zero   RW         2018    .bss                cmsis_os2.o
    0x20000ec0        -       0x00002000   Zero   RW         2716    .bss                heap_4_1.o
    0x20002ec0        -       0x000004c4   Zero   RW         3136    .bss                tasks_1.o
    0x20003384        -       0x000000c8   Zero   RW         3477    .bss                timers_1.o
    0x2000344c        -       0x00000060   Zero   RW         3690    .bss                c_w.l(libspace.o)
    0x200034ac   0x00003034   0x00000004   PAD
    0x200034b0        -       0x00002000   Zero   RW         2473    HEAP                arm_startup_nrf52840.o
    0x200054b0        -       0x00002000   Zero   RW         2472    STACK               arm_startup_nrf52840.o


==============================================================================

Image component sizes


      Code (inc. data)   RO Data    RW Data    ZI Data      Debug   Object Name

        22          0          0          0          0       4033   app_error.o
       132         40          0          0          0      32597   app_error_weak.o
      1210         80          0         20        268      45336   app_timer.o
        44         10          0          4          0       2968   app_util_platform.o
        64         26        512          0      16384        940   arm_startup_nrf52840.o
       220         18          0          1        916      10768   clib_arm.o
        68          8          0          0       1016      25595   cmsis_os2.o
         0          0          0          0          0       8896   event_groups.o
       368         24          0         24       8192       4491   heap_4_1.o
       138          0          0          0          0      12706   list_1.o
       286         28          0          0          0      73043   main.o
       104          0         15         12          0       6543   nrf_balloc.o
       226         20         14         12         20      18094   nrf_drv_clock.o
        60          0          0          0          0      30955   nrf_drv_common.o
       640         34         23         12        104      19074   nrf_drv_gpiote.o
      1156         40         32         28       1248      22903   nrf_log_frontend.o
       478          0          0          0          0      15350   nrf_memobj.o
       442         50          0          4          0      10292   port_1.o
      1548         18          0          0          0      20142   queue_1.o
       372         50          0          4          0       2171   system_nrf52840.o
      2062        186          0         60       1220      41597   tasks_1.o
       968         76          0         20        200      13886   timers_1.o

    ----------------------------------------------------------------------
     10640        708        632        204      29568     422380   Object Totals
         0          0         32          0          0          0   (incl. Generated)
        32          0          4          3          0          0   (incl. Padding)

    ----------------------------------------------------------------------

      Code (inc. data)   RO Data    RW Data    ZI Data      Debug   Library Member Name

         8          0          0          0          0         68   __main.o
         0          0          0          0          0          0   __rtentry.o
        20          0          0          0          0          0   __rtentry2.o
         6          0          0          0          0          0   __rtentry4.o
        52          8          0          0          0          0   __scatter.o
        26          0          0          0          0          0   __scatter_copy.o
        28          0          0          0          0          0   __scatter_zi.o
        22          0          0          0          0         80   abort.o
        16          0          0          0          0         68   aeabi_memset.o
        48         34          0          0          0         76   defsig_abrt_inner.o
        14          0          0          0          0         80   defsig_abrt_outer.o
        10          0          0          0          0         68   defsig_exit.o
        50          0          0          0          0         88   defsig_general.o
        18          0          0          0          0         80   exit.o
         6          0          0          0          0        152   heapauxi.o
         0          0          0          0          0          0   indicate_semi.o
         2          0          0          0          0          0   libinit.o
         6          0          0          0          0          0   libinit2.o
         2          0          0          0          0          0   libshutdown.o
         2          0          0          0          0          0   libshutdown2.o
         8          4          0          0         96         68   libspace.o
        68          0          0          0          0         68   rt_memclr.o
        78          0          0          0          0         80   rt_memclr_w.o
       138          0          0          0          0         68   rt_memcpy_v6.o
       100          0          0          0          0         80   rt_memcpy_w.o
         2          0          0          0          0          0   rtexit.o
        10          0          0          0          0          0   rtexit2.o
        12          4          0          0          0         68   sys_exit.o
        74          0          0          0          0         80   sys_stackheap_outer.o
        14          0          0          0          0         76   sys_wrch.o
         2          0          0          0          0         68   use_no_semi.o
        10          0          0          0          0        116   fpinit.o

    ----------------------------------------------------------------------
       864         50          0          0        100       1532   Library Totals
        12          0          0          0          4          0   (incl. Padding)

    ----------------------------------------------------------------------

      Code (inc. data)   RO Data    RW Data    ZI Data      Debug   Library Name

       842         50          0          0         96       1416   c_w.l
        10          0          0          0          0        116   fz_wm.l

    ----------------------------------------------------------------------
       864         50          0          0        100       1532   Library Totals

    ----------------------------------------------------------------------

==============================================================================


      Code (inc. data)   RO Data    RW Data    ZI Data      Debug   

     11504        758        632        204      29668     409684   Grand Totals
     11504        758        632        204      29668     409684   ELF Image Totals
     11504        758        632        204          0          0   ROM Totals

==============================================================================

    Total RO  Size (Code + RO Data)                12136 (  11.85kB)
    Total RW  Size (RW Data + ZI Data)             29872 (  29.17kB)
    Total ROM Size (Code + RO Data + RW Data)      12340 (  12.05kB)

==============================================================================

