<html>
<body>
<pre>
<h1>µVision Build Log</h1>
<h2>Tool Versions:</h2>
IDE-Version: µVision V5.27.1.0
Copyright (C) 2019 ARM Ltd and ARM Germany GmbH. All rights reserved.
License Information: Sharif khanznnz, Amazon, LIC=----
 
Tool Versions:
Toolchain:       MDK-Lite  Version: 5.27.1.0
Toolchain Path:  C:\Keil_v5\ARM\ARMCC\Bin
C Compiler:      Armcc.exe V5.06 update 6 (build 750)
Assembler:       Armasm.exe V5.06 update 6 (build 750)
Linker/Locator:  ArmLink.exe V5.06 update 6 (build 750)
Library Manager: ArmAr.exe V5.06 update 6 (build 750)
Hex Converter:   FromElf.exe V5.06 update 6 (build 750)
CPU DLL:         
Dialog DLL:      
Target DLL:      Segger\JL2CM3.dll V2.99.35.0
Dialog DLL:      TCM.DLL V1.36.1.0
 
<h2>Project:</h2>
C:\Users\khanznnz\Documents\Github\Sharif_lab126\FreeRtos\peripheral\blinky_freertos\pca10036\arm5\blinky_FreeRTOS_pca10036.uvprojx
Project File Date:  04/29/2019

<h2>Output:</h2>
*** Using Compiler 'V5.06 update 6 (build 750)', folder: 'C:\Keil_v5\ARM\ARMCC\Bin'
Rebuild target 'nrf52832_xxaa'
assembling arm_startup_nrf52.s...
compiling system_nrf52.c...
compiling port.c...
compiling croutine.c...
compiling port_cmsis_systick.c...
compiling main.c...
compiling event_groups.c...
compiling nrf_drv_clock.c...
compiling list.c...
compiling heap_1.c...
compiling timers.c...
compiling queue.c...
compiling tasks.c...
compiling nrf_assert.c...
compiling nrf_soc.c...
compiling app_util_platform.c...
compiling app_error.c...
compiling nrf_drv_common.c...
compiling port_cmsis.c...
linking...
Program Size: Code=6256 RO-data=1060 RW-data=100 ZI-data=12524  
FromELF: creating hex file...
".\_build\nrf52832_xxaa.axf" - 0 Error(s), 0 Warning(s).

<h2>Software Packages used:</h2>

Package Vendor: ARM
                http://www.keil.com/pack/ARM.CMSIS.4.5.0.pack
                ARM.CMSIS.4.5.0
                CMSIS (Cortex Microcontroller Software Interface Standard)
   * Component: CORE Version: 4.3.0

Package Vendor: NordicSemiconductor
                http://developer.nordicsemi.com/nRF51_SDK/pieces/nRF_DeviceFamilyPack/NordicSemiconductor.nRF_DeviceFamilyPack.8.3.1.pack
                NordicSemiconductor.nRF_DeviceFamilyPack.8.3.1
                Nordic Semiconductor nRF ARM devices Device Family Pack.
   * Component: Startup Version: 8.3.1

Package Vendor: NordicSemiconductor
                http://developer.nordicsemi.com/nRF51_SDK/pieces/nRF_Drivers/NordicSemiconductor.nRF_Drivers.4.0.0-2.alpha.pack
                NordicSemiconductor.nRF_Drivers.4.0.0-2.alpha
                Drivers for Nordic Semiconductor nRF family.
   * Component: nrf_clock Version: 4.0.0-2.alpha
   * Component: nrf_drv_clock Version: 4.0.0-2.alpha
   * Component: nrf_drv_common Version: 4.0.0-2.alpha
   * Component: nrf_error Variant: No_softdevice Version: 4.0.0-2.alpha
   * Component: nrf_gpio Version: 4.0.0-2.alpha
   * Component: nrf_rtc Version: 4.0.0-2.alpha
   * Component: nrf_soc Variant: No_softdevice Version: 4.0.0-2.alpha

Package Vendor: NordicSemiconductor
                http://developer.nordicsemi.com/nRF51_SDK/pieces/nRF_Examples/NordicSemiconductor.nRF_Examples.11.0.0-2.alpha.pack
                NordicSemiconductor.nRF_Examples.11.0.0-2.alpha
                Examples and BSP for Nordic Semiconductor nRF family.
   * Component: bsp Variant: Defines Version: 11.0.0-2.alpha

Package Vendor: NordicSemiconductor
                http://developer.nordicsemi.com/nRF51_SDK/pieces/nRF_FreeRTOS/NordicSemiconductor.nRF_FreeRTOS.1.0.1-2.alpha.pack
                NordicSemiconductor.nRF_FreeRTOS.1.0.1-2.alpha
                FreeRTOS implementation for Nordic Semiconductor nRF family.
   * Component: FreeRTOS Variant: Nrf52 Version: 1.0.1-2.alpha
   * Component: FreeRTOS_MemMang Variant: default Version: 1.0.1-2.alpha

Package Vendor: NordicSemiconductor
                http://developer.nordicsemi.com/nRF51_SDK/pieces/nRF_Libraries/NordicSemiconductor.nRF_Libraries.4.0.0-2.alpha.pack
                NordicSemiconductor.nRF_Libraries.4.0.0-2.alpha
                Software modules for Nordic Semiconductor nRF family.
   * Component: app_error Version: 4.0.0-2.alpha
   * Component: app_util Variant: No_softdevice Version: 4.0.0-2.alpha
   * Component: nordic_common Version: 4.0.0-2.alpha
   * Component: nrf_assert Version: 4.0.0-2.alpha

<h2>Collection of Component include folders:</h2>
  .\RTE\Third_Parties\nRF52832_xxAA
  .\RTE\_nrf52832_xxaa
  .\RTE\nRF_Drivers\nRF52832_xxAA
  .\RTE\nRF_Libraries\nRF52832_xxAA
  C:\Users\khanznnz\AppData\Local\Arm\Packs\ARM\CMSIS\4.5.0\CMSIS\Include
  C:\Users\khanznnz\AppData\Local\Arm\Packs\NordicSemiconductor\nRF_DeviceFamilyPack\8.3.1\Device\Include
  C:\Users\khanznnz\AppData\Local\Arm\Packs\NordicSemiconductor\nRF_Drivers\4.0.0-2.alpha\clock
  C:\Users\khanznnz\AppData\Local\Arm\Packs\NordicSemiconductor\nRF_Drivers\4.0.0-2.alpha\common
  C:\Users\khanznnz\AppData\Local\Arm\Packs\NordicSemiconductor\nRF_Drivers\4.0.0-2.alpha\config
  C:\Users\khanznnz\AppData\Local\Arm\Packs\NordicSemiconductor\nRF_Drivers\4.0.0-2.alpha\hal
  C:\Users\khanznnz\AppData\Local\Arm\Packs\NordicSemiconductor\nRF_Drivers\4.0.0-2.alpha\nrf_soc_nosd
  C:\Users\khanznnz\AppData\Local\Arm\Packs\NordicSemiconductor\nRF_Examples\11.0.0-2.alpha\bsp
  C:\Users\khanznnz\AppData\Local\Arm\Packs\NordicSemiconductor\nRF_FreeRTOS\1.0.1-2.alpha\config
  C:\Users\khanznnz\AppData\Local\Arm\Packs\NordicSemiconductor\nRF_FreeRTOS\1.0.1-2.alpha\portable\ARM\nrf52
  C:\Users\khanznnz\AppData\Local\Arm\Packs\NordicSemiconductor\nRF_FreeRTOS\1.0.1-2.alpha\portable\CMSIS\nrf52
  C:\Users\khanznnz\AppData\Local\Arm\Packs\NordicSemiconductor\nRF_FreeRTOS\1.0.1-2.alpha\source\include
  C:\Users\khanznnz\AppData\Local\Arm\Packs\NordicSemiconductor\nRF_Libraries\4.0.0-2.alpha\util

<h2>Collection of Component Files used:</h2>

   * Component: ARM::CMSIS:CORE:4.3.0

   * Component: NordicSemiconductor::Board Support:bsp:Defines:11.0.0-2.alpha

   * Component: NordicSemiconductor::Device:Startup:8.3.1
      Include file:  Device\Include\system_nrf52.h
      Source file:   Device\Source\arm\arm_startup_nrf52.s
      Source file:   Device\Source\system_nrf52.c

   * Component: NordicSemiconductor::Third Parties:RTOS:FreeRTOS:Nrf52:1.0.1-2.alpha
      Source file:   portable\CMSIS\nrf52\port_cmsis.c
      Include file:  source\include\croutine.h
      Source file:   source\timers.c
      Include file:  source\include\deprecated_definitions.h
      Include file:  source\include\event_groups.h
      Include file:  source\include\FreeRTOS.h
      Include file:  source\include\list.h
      Source file:   source\event_groups.c
      Source file:   source\croutine.c
      Source file:   source\queue.c
      Source file:   source\tasks.c
      Source file:   source\list.c
      Source file:   portable\ARM\nrf52\port.c
      Source file:   portable\CMSIS\nrf52\port_cmsis_systick.c
      Include file:  source\include\projdefs.h
      Include file:  source\include\semphr.h
      Include file:  source\include\StackMacros.h
      Include file:  source\include\timers.h
      Include file:  source\include\portable.h
      Include file:  source\include\mpu_wrappers.h
      Include file:  source\include\task.h
      Include file:  config\FreeRTOSConfig.h
      Include file:  portable\CMSIS\nrf52\portmacro_cmsis.h
      Include file:  portable\ARM\nrf52\portmacro.h
      Include file:  source\include\queue.h

   * Component: NordicSemiconductor::Third Parties:RTOS:FreeRTOS_MemMang:default:1.0.1-2.alpha
      Source file:   source\portable\MemMang\heap_1.c

   * Component: NordicSemiconductor::nRF_Drivers:nrf_clock:4.0.0-2.alpha
      Include file:  hal\nrf_clock.h

   * Component: NordicSemiconductor::nRF_Drivers:nrf_drv_clock:4.0.0-2.alpha
      Include file:  clock\nrf_drv_clock.h
      Include file:  config\nrf_drv_config.h
      Source file:   clock\nrf_drv_clock.c

   * Component: NordicSemiconductor::nRF_Drivers:nrf_drv_common:4.0.0-2.alpha
      Include file:  common\nrf_drv_common.h
      Include file:  config\nrf_drv_config.h
      Source file:   common\nrf_drv_common.c

   * Component: NordicSemiconductor::nRF_Drivers:nrf_error:No_softdevice:4.0.0-2.alpha

   * Component: NordicSemiconductor::nRF_Drivers:nrf_gpio:4.0.0-2.alpha
      Include file:  hal\nrf_gpio.h

   * Component: NordicSemiconductor::nRF_Drivers:nrf_rtc:4.0.0-2.alpha
      Include file:  hal\nrf_rtc.h

   * Component: NordicSemiconductor::nRF_Drivers:nrf_soc:No_softdevice:4.0.0-2.alpha
      Source file:   nrf_soc_nosd\nrf_soc.c

   * Component: NordicSemiconductor::nRF_Libraries:app_error:4.0.0-2.alpha
      Source file:   util\app_error.c
      Include file:  util\app_error.h

   * Component: NordicSemiconductor::nRF_Libraries:app_util:No_softdevice:4.0.0-2.alpha
      Source file:   util\app_util_platform.c

   * Component: NordicSemiconductor::nRF_Libraries:nordic_common:4.0.0-2.alpha

   * Component: NordicSemiconductor::nRF_Libraries:nrf_assert:4.0.0-2.alpha
      Include file:  util\nrf_assert.h
      Source file:   util\nrf_assert.c
Build Time Elapsed:  00:00:06
</pre>
</body>
</html>
